Component: ARM Compiler 5.06 update 7 (build 960) Tool: armlink [4d3601]

==============================================================================

Section Cross References

    startup_stm32f10x_md.o(RESET) refers to startup_stm32f10x_md.o(STACK) for __initial_sp
    startup_stm32f10x_md.o(RESET) refers to startup_stm32f10x_md.o(.text) for Reset_Handler
    startup_stm32f10x_md.o(RESET) refers to stm32f10x_it.o(i.NMI_Handler) for NMI_Handler
    startup_stm32f10x_md.o(RESET) refers to stm32f10x_it.o(i.HardFault_Handler) for HardFault_Handler
    startup_stm32f10x_md.o(RESET) refers to stm32f10x_it.o(i.MemManage_Handler) for MemManage_Handler
    startup_stm32f10x_md.o(RESET) refers to stm32f10x_it.o(i.BusFault_Handler) for BusFault_Handler
    startup_stm32f10x_md.o(RESET) refers to stm32f10x_it.o(i.UsageFault_Handler) for UsageFault_Handler
    startup_stm32f10x_md.o(RESET) refers to stm32f10x_it.o(i.SVC_Handler) for SVC_Handler
    startup_stm32f10x_md.o(RESET) refers to stm32f10x_it.o(i.DebugMon_Handler) for DebugMon_Handler
    startup_stm32f10x_md.o(RESET) refers to stm32f10x_it.o(i.PendSV_Handler) for PendSV_Handler
    startup_stm32f10x_md.o(RESET) refers to stm32f10x_it.o(i.SysTick_Handler) for SysTick_Handler
    startup_stm32f10x_md.o(RESET) refers to timer.o(i.TIM2_IRQHandler) for TIM2_IRQHandler
    startup_stm32f10x_md.o(RESET) refers to timer.o(i.TIM3_IRQHandler) for TIM3_IRQHandler
    startup_stm32f10x_md.o(RESET) refers to serial.o(i.USART1_IRQHandler) for USART1_IRQHandler
    startup_stm32f10x_md.o(RESET) refers to serial.o(i.USART2_IRQHandler) for USART2_IRQHandler
    startup_stm32f10x_md.o(.text) refers to system_stm32f10x.o(i.SystemInit) for SystemInit
    startup_stm32f10x_md.o(.text) refers to entry.o(.ARM.Collect$$$$00000000) for __main
    system_stm32f10x.o(i.SetSysClock) refers to system_stm32f10x.o(i.SetSysClockTo72) for SetSysClockTo72
    system_stm32f10x.o(i.SystemCoreClockUpdate) refers to system_stm32f10x.o(.data) for SystemCoreClock
    system_stm32f10x.o(i.SystemInit) refers to system_stm32f10x.o(i.SetSysClock) for SetSysClock
    stm32f10x_adc.o(i.ADC_DeInit) refers to stm32f10x_rcc.o(i.RCC_APB2PeriphResetCmd) for RCC_APB2PeriphResetCmd
    stm32f10x_bkp.o(i.BKP_DeInit) refers to stm32f10x_rcc.o(i.RCC_BackupResetCmd) for RCC_BackupResetCmd
    stm32f10x_can.o(i.CAN_DeInit) refers to stm32f10x_rcc.o(i.RCC_APB1PeriphResetCmd) for RCC_APB1PeriphResetCmd
    stm32f10x_can.o(i.CAN_GetITStatus) refers to stm32f10x_can.o(i.CheckITStatus) for CheckITStatus
    stm32f10x_cec.o(i.CEC_DeInit) refers to stm32f10x_rcc.o(i.RCC_APB1PeriphResetCmd) for RCC_APB1PeriphResetCmd
    stm32f10x_dac.o(i.DAC_DeInit) refers to stm32f10x_rcc.o(i.RCC_APB1PeriphResetCmd) for RCC_APB1PeriphResetCmd
    stm32f10x_flash.o(i.FLASH_EnableWriteProtection) refers to stm32f10x_flash.o(i.FLASH_WaitForLastOperation) for FLASH_WaitForLastOperation
    stm32f10x_flash.o(i.FLASH_EraseAllBank1Pages) refers to stm32f10x_flash.o(i.FLASH_WaitForLastBank1Operation) for FLASH_WaitForLastBank1Operation
    stm32f10x_flash.o(i.FLASH_EraseAllPages) refers to stm32f10x_flash.o(i.FLASH_WaitForLastOperation) for FLASH_WaitForLastOperation
    stm32f10x_flash.o(i.FLASH_EraseOptionBytes) refers to stm32f10x_flash.o(i.FLASH_GetReadOutProtectionStatus) for FLASH_GetReadOutProtectionStatus
    stm32f10x_flash.o(i.FLASH_EraseOptionBytes) refers to stm32f10x_flash.o(i.FLASH_WaitForLastOperation) for FLASH_WaitForLastOperation
    stm32f10x_flash.o(i.FLASH_ErasePage) refers to stm32f10x_flash.o(i.FLASH_WaitForLastOperation) for FLASH_WaitForLastOperation
    stm32f10x_flash.o(i.FLASH_ProgramHalfWord) refers to stm32f10x_flash.o(i.FLASH_WaitForLastOperation) for FLASH_WaitForLastOperation
    stm32f10x_flash.o(i.FLASH_ProgramOptionByteData) refers to stm32f10x_flash.o(i.FLASH_WaitForLastOperation) for FLASH_WaitForLastOperation
    stm32f10x_flash.o(i.FLASH_ProgramWord) refers to stm32f10x_flash.o(i.FLASH_WaitForLastOperation) for FLASH_WaitForLastOperation
    stm32f10x_flash.o(i.FLASH_ReadOutProtection) refers to stm32f10x_flash.o(i.FLASH_WaitForLastOperation) for FLASH_WaitForLastOperation
    stm32f10x_flash.o(i.FLASH_UserOptionByteConfig) refers to stm32f10x_flash.o(i.FLASH_WaitForLastOperation) for FLASH_WaitForLastOperation
    stm32f10x_flash.o(i.FLASH_WaitForLastBank1Operation) refers to stm32f10x_flash.o(i.FLASH_GetBank1Status) for FLASH_GetBank1Status
    stm32f10x_flash.o(i.FLASH_WaitForLastOperation) refers to stm32f10x_flash.o(i.FLASH_GetBank1Status) for FLASH_GetBank1Status
    stm32f10x_gpio.o(i.GPIO_AFIODeInit) refers to stm32f10x_rcc.o(i.RCC_APB2PeriphResetCmd) for RCC_APB2PeriphResetCmd
    stm32f10x_gpio.o(i.GPIO_DeInit) refers to stm32f10x_rcc.o(i.RCC_APB2PeriphResetCmd) for RCC_APB2PeriphResetCmd
    stm32f10x_i2c.o(i.I2C_DeInit) refers to stm32f10x_rcc.o(i.RCC_APB1PeriphResetCmd) for RCC_APB1PeriphResetCmd
[...]
    Removing stm32f10x_iwdg.o(i.IWDG_GetFlagStatus), (24 bytes).
    Removing stm32f10x_iwdg.o(i.IWDG_ReloadCounter), (16 bytes).
    Removing stm32f10x_iwdg.o(i.IWDG_SetPrescaler), (12 bytes).
    Removing stm32f10x_iwdg.o(i.IWDG_SetReload), (12 bytes).
    Removing stm32f10x_iwdg.o(i.IWDG_WriteAccessCmd), (12 bytes).
    Removing stm32f10x_pwr.o(i.PWR_BackupAccessCmd), (12 bytes).
    Removing stm32f10x_pwr.o(i.PWR_ClearFlag), (20 bytes).
    Removing stm32f10x_pwr.o(i.PWR_DeInit), (22 bytes).
    Removing stm32f10x_pwr.o(i.PWR_EnterSTANDBYMode), (52 bytes).
    Removing stm32f10x_pwr.o(i.PWR_EnterSTOPMode), (64 bytes).
    Removing stm32f10x_pwr.o(i.PWR_GetFlagStatus), (24 bytes).
    Removing stm32f10x_pwr.o(i.PWR_PVDCmd), (12 bytes).
    Removing stm32f10x_pwr.o(i.PWR_PVDLevelConfig), (24 bytes).
    Removing stm32f10x_pwr.o(i.PWR_WakeUpPinCmd), (12 bytes).
    Removing stm32f10x_rcc.o(i.RCC_ADCCLKConfig), (24 bytes).
    Removing stm32f10x_rcc.o(i.RCC_AHBPeriphClockCmd), (32 bytes).
    Removing stm32f10x_rcc.o(i.RCC_APB1PeriphResetCmd), (32 bytes).
    Removing stm32f10x_rcc.o(i.RCC_APB2PeriphResetCmd), (32 bytes).
    Removing stm32f10x_rcc.o(i.RCC_AdjustHSICalibrationValue), (24 bytes).
    Removing stm32f10x_rcc.o(i.RCC_BackupResetCmd), (12 bytes).
    Removing stm32f10x_rcc.o(i.RCC_ClearFlag), (20 bytes).
    Removing stm32f10x_rcc.o(i.RCC_ClearITPendingBit), (12 bytes).
    Removing stm32f10x_rcc.o(i.RCC_ClockSecuritySystemCmd), (12 bytes).
    Removing stm32f10x_rcc.o(i.RCC_DeInit), (76 bytes).
    Removing stm32f10x_rcc.o(i.RCC_GetFlagStatus), (60 bytes).
    Removing stm32f10x_rcc.o(i.RCC_GetITStatus), (24 bytes).
    Removing stm32f10x_rcc.o(i.RCC_GetSYSCLKSource), (16 bytes).
    Removing stm32f10x_rcc.o(i.RCC_HCLKConfig), (24 bytes).
    Removing stm32f10x_rcc.o(i.RCC_HSEConfig), (76 bytes).
    Removing stm32f10x_rcc.o(i.RCC_HSICmd), (12 bytes).
    Removing stm32f10x_rcc.o(i.RCC_ITConfig), (32 bytes).
    Removing stm32f10x_rcc.o(i.RCC_LSEConfig), (52 bytes).
    Removing stm32f10x_rcc.o(i.RCC_LSICmd), (12 bytes).
    Removing stm32f10x_rcc.o(i.RCC_MCOConfig), (12 bytes).
    Removing stm32f10x_rcc.o(i.RCC_PCLK1Config), (24 bytes).
    Removing stm32f10x_rcc.o(i.RCC_PCLK2Config), (24 bytes).
    Removing stm32f10x_rcc.o(i.RCC_PLLCmd), (12 bytes).
    Removing stm32f10x_rcc.o(i.RCC_PLLConfig), (28 bytes).
    Removing stm32f10x_rcc.o(i.RCC_RTCCLKCmd), (12 bytes).
    Removing stm32f10x_rcc.o(i.RCC_RTCCLKConfig), (16 bytes).
    Removing stm32f10x_rcc.o(i.RCC_SYSCLKConfig), (24 bytes).
    Removing stm32f10x_rcc.o(i.RCC_USBCLKConfig), (12 bytes).
    Removing stm32f10x_rcc.o(i.RCC_WaitForHSEStartUp), (56 bytes).
    Removing stm32f10x_rtc.o(i.RTC_ClearFlag), (16 bytes).
    Removing stm32f10x_rtc.o(i.RTC_ClearITPendingBit), (16 bytes).
    Removing stm32f10x_rtc.o(i.RTC_EnterConfigMode), (20 bytes).
    Removing stm32f10x_rtc.o(i.RTC_ExitConfigMode), (20 bytes).
    Removing stm32f10x_rtc.o(i.RTC_GetCounter), (20 bytes).
    Removing stm32f10x_rtc.o(i.RTC_GetDivider), (24 bytes).
    Removing stm32f10x_rtc.o(i.RTC_GetFlagStatus), (24 bytes).
    Removing stm32f10x_rtc.o(i.RTC_GetITStatus), (36 bytes).
    Removing stm32f10x_rtc.o(i.RTC_ITConfig), (32 bytes).
    Removing stm32f10x_rtc.o(i.RTC_SetAlarm), (28 bytes).
    Removing stm32f10x_rtc.o(i.RTC_SetCounter), (28 bytes).
    Removing stm32f10x_rtc.o(i.RTC_SetPrescaler), (32 bytes).
    Removing stm32f10x_rtc.o(i.RTC_WaitForLastTask), (20 bytes).
    Removing stm32f10x_rtc.o(i.RTC_WaitForSynchro), (36 bytes).
    Removing stm32f10x_sdio.o(i.SDIO_CEATAITCmd), (16 bytes).
    Removing stm32f10x_sdio.o(i.SDIO_ClearFlag), (12 bytes).
    Removing stm32f10x_sdio.o(i.SDIO_ClearITPendingBit), (12 bytes).
    Removing stm32f10x_sdio.o(i.SDIO_ClockCmd), (12 bytes).
    Removing stm32f10x_sdio.o(i.SDIO_CmdStructInit), (14 bytes).
    Removing stm32f10x_sdio.o(i.SDIO_CommandCompletionCmd), (12 bytes).
    Removing stm32f10x_sdio.o(i.SDIO_DMACmd), (12 bytes).
    Removing stm32f10x_sdio.o(i.SDIO_DataConfig), (48 bytes).
    Removing stm32f10x_sdio.o(i.SDIO_DataStructInit), (20 bytes).
    Removing stm32f10x_sdio.o(i.SDIO_DeInit), (36 bytes).
    Removing stm32f10x_sdio.o(i.SDIO_GetCommandResponse), (12 bytes).
    Removing stm32f10x_sdio.o(i.SDIO_GetDataCounter), (12 bytes).
    Removing stm32f10x_sdio.o(i.SDIO_GetFIFOCount), (12 bytes).
    Removing stm32f10x_sdio.o(i.SDIO_GetFlagStatus), (24 bytes).
    Removing stm32f10x_sdio.o(i.SDIO_GetITStatus), (24 bytes).
    Removing stm32f10x_sdio.o(i.SDIO_GetPowerState), (16 bytes).
    Removing stm32f10x_sdio.o(i.SDIO_GetResponse), (24 bytes).
    Removing stm32f10x_sdio.o(i.SDIO_ITConfig), (32 bytes).
    Removing stm32f10x_sdio.o(i.SDIO_Init), (48 bytes).
    Removing stm32f10x_sdio.o(i.SDIO_ReadData), (12 bytes).
    Removing stm32f10x_sdio.o(i.SDIO_SendCEATACmd), (12 bytes).
    Removing stm32f10x_sdio.o(i.SDIO_SendCommand), (44 bytes).
    Removing stm32f10x_sdio.o(i.SDIO_SendSDIOSuspendCmd), (12 bytes).
    Removing stm32f10x_sdio.o(i.SDIO_SetPowerState), (28 bytes).
    Removing stm32f10x_sdio.o(i.SDIO_SetSDIOOperation), (12 bytes).
    Removing stm32f10x_sdio.o(i.SDIO_SetSDIOReadWaitMode), (12 bytes).
    Removing stm32f10x_sdio.o(i.SDIO_StartSDIOReadWait), (12 bytes).
    Removing stm32f10x_sdio.o(i.SDIO_StopSDIOReadWait), (12 bytes).
    Removing stm32f10x_sdio.o(i.SDIO_StructInit), (16 bytes).
    Removing stm32f10x_sdio.o(i.SDIO_WriteData), (12 bytes).
    Removing stm32f10x_spi.o(i.I2S_Cmd), (24 bytes).
    Removing stm32f10x_spi.o(i.I2S_Init), (232 bytes).
    Removing stm32f10x_spi.o(i.I2S_StructInit), (20 bytes).
    Removing stm32f10x_spi.o(i.SPI_BiDirectionalLineConfig), (28 bytes).
    Removing stm32f10x_spi.o(i.SPI_CalculateCRC), (24 bytes).
    Removing stm32f10x_spi.o(i.SPI_Cmd), (24 bytes).
    Removing stm32f10x_spi.o(i.SPI_DataSizeConfig), (18 bytes).
    Removing stm32f10x_spi.o(i.SPI_GetCRC), (16 bytes).
    Removing stm32f10x_spi.o(i.SPI_GetCRCPolynomial), (6 bytes).
    Removing stm32f10x_spi.o(i.SPI_I2S_ClearFlag), (6 bytes).
    Removing stm32f10x_spi.o(i.SPI_I2S_ClearITPendingBit), (20 bytes).
    Removing stm32f10x_spi.o(i.SPI_I2S_DMACmd), (18 bytes).
    Removing stm32f10x_spi.o(i.SPI_I2S_DeInit), (88 bytes).
    Removing stm32f10x_spi.o(i.SPI_I2S_GetFlagStatus), (18 bytes).
    Removing stm32f10x_spi.o(i.SPI_I2S_GetITStatus), (52 bytes).
    Removing stm32f10x_spi.o(i.SPI_I2S_ITConfig), (32 bytes).
    Removing stm32f10x_spi.o(i.SPI_I2S_ReceiveData), (6 bytes).
    Removing stm32f10x_spi.o(i.SPI_I2S_SendData), (4 bytes).
    Removing stm32f10x_spi.o(i.SPI_Init), (60 bytes).
    Removing stm32f10x_spi.o(i.SPI_NSSInternalSoftwareConfig), (30 bytes).
    Removing stm32f10x_spi.o(i.SPI_SSOutputCmd), (24 bytes).
    Removing stm32f10x_spi.o(i.SPI_StructInit), (24 bytes).
    Removing stm32f10x_spi.o(i.SPI_TransmitCRC), (10 bytes).
    Removing stm32f10x_tim.o(i.TI1_Config), (128 bytes).
    Removing stm32f10x_tim.o(i.TI2_Config), (152 bytes).
    Removing stm32f10x_tim.o(i.TI3_Config), (144 bytes).
    Removing stm32f10x_tim.o(i.TI4_Config), (152 bytes).
    Removing stm32f10x_tim.o(i.TIM_ARRPreloadConfig), (24 bytes).
    Removing stm32f10x_tim.o(i.TIM_BDTRConfig), (32 bytes).
    Removing stm32f10x_tim.o(i.TIM_BDTRStructInit), (18 bytes).
    Removing stm32f10x_tim.o(i.TIM_CCPreloadControl), (24 bytes).
    Removing stm32f10x_tim.o(i.TIM_CCxCmd), (30 bytes).
    Removing stm32f10x_tim.o(i.TIM_CCxNCmd), (30 bytes).
    Removing stm32f10x_tim.o(i.TIM_ClearOC1Ref), (18 bytes).
    Removing stm32f10x_tim.o(i.TIM_ClearOC2Ref), (24 bytes).
    Removing stm32f10x_tim.o(i.TIM_ClearOC3Ref), (18 bytes).
    Removing stm32f10x_tim.o(i.TIM_ClearOC4Ref), (24 bytes).
    Removing stm32f10x_tim.o(i.TIM_CounterModeConfig), (18 bytes).
    Removing stm32f10x_tim.o(i.TIM_CtrlPWMOutputs), (30 bytes).
    Removing stm32f10x_tim.o(i.TIM_DMACmd), (18 bytes).
    Removing stm32f10x_tim.o(i.TIM_DMAConfig), (10 bytes).
    Removing stm32f10x_tim.o(i.TIM_DeInit), (488 bytes).
    Removing stm32f10x_tim.o(i.TIM_ETRClockMode1Config), (54 bytes).
    Removing stm32f10x_tim.o(i.TIM_ETRClockMode2Config), (32 bytes).
    Removing stm32f10x_tim.o(i.TIM_ETRConfig), (28 bytes).
    Removing stm32f10x_tim.o(i.TIM_EncoderInterfaceConfig), (66 bytes).
    Removing stm32f10x_tim.o(i.TIM_ForcedOC1Config), (18 bytes).
    Removing stm32f10x_tim.o(i.TIM_ForcedOC2Config), (26 bytes).
    Removing stm32f10x_tim.o(i.TIM_ForcedOC3Config), (18 bytes).
    Removing stm32f10x_tim.o(i.TIM_ForcedOC4Config), (26 bytes).
    Removing stm32f10x_tim.o(i.TIM_GenerateEvent), (4 bytes).
    Removing stm32f10x_tim.o(i.TIM_GetCapture1), (6 bytes).
    Removing stm32f10x_tim.o(i.TIM_GetCapture2), (6 bytes).
    Removing stm32f10x_tim.o(i.TIM_GetCapture3), (6 bytes).
    Removing stm32f10x_tim.o(i.TIM_GetCapture4), (8 bytes).
    Removing stm32f10x_tim.o(i.TIM_GetCounter), (6 bytes).
    Removing stm32f10x_tim.o(i.TIM_GetFlagStatus), (18 bytes).
    Removing stm32f10x_tim.o(i.TIM_GetPrescaler), (6 bytes).
    Removing stm32f10x_tim.o(i.TIM_ICInit), (172 bytes).
    Removing stm32f10x_tim.o(i.TIM_ICStructInit), (18 bytes).
    Removing stm32f10x_tim.o(i.TIM_ITRxExternalClockConfig), (24 bytes).
    Removing stm32f10x_tim.o(i.TIM_InternalClockConfig), (12 bytes).
    Removing stm32f10x_tim.o(i.TIM_OC1FastConfig), (18 bytes).
    Removing stm32f10x_tim.o(i.TIM_OC1Init), (152 bytes).
    Removing stm32f10x_tim.o(i.TIM_OC1NPolarityConfig), (18 bytes).
    Removing stm32f10x_tim.o(i.TIM_OC1PolarityConfig), (18 bytes).
    Removing stm32f10x_tim.o(i.TIM_OC1PreloadConfig), (18 bytes).
    Removing stm32f10x_tim.o(i.TIM_OC2FastConfig), (26 bytes).
    Removing stm32f10x_tim.o(i.TIM_OC2Init), (164 bytes).
    Removing stm32f10x_tim.o(i.TIM_OC2NPolarityConfig), (26 bytes).
    Removing stm32f10x_tim.o(i.TIM_OC2PolarityConfig), (26 bytes).
    Removing stm32f10x_tim.o(i.TIM_OC2PreloadConfig), (26 bytes).
    Removing stm32f10x_tim.o(i.TIM_OC3FastConfig), (18 bytes).
    Removing stm32f10x_tim.o(i.TIM_OC3Init), (160 bytes).
    Removing stm32f10x_tim.o(i.TIM_OC3NPolarityConfig), (26 bytes).
    Removing stm32f10x_tim.o(i.TIM_OC3PolarityConfig), (26 bytes).
    Removing stm32f10x_tim.o(i.TIM_OC3PreloadConfig), (18 bytes).
    Removing stm32f10x_tim.o(i.TIM_OC4FastConfig), (26 bytes).
    Removing stm32f10x_tim.o(i.TIM_OC4Init), (124 bytes).
    Removing stm32f10x_tim.o(i.TIM_OC4PolarityConfig), (26 bytes).
    Removing stm32f10x_tim.o(i.TIM_OC4PreloadConfig), (26 bytes).
    Removing stm32f10x_tim.o(i.TIM_OCStructInit), (20 bytes).
    Removing stm32f10x_tim.o(i.TIM_PWMIConfig), (124 bytes).
    Removing stm32f10x_tim.o(i.TIM_PrescalerConfig), (6 bytes).
    Removing stm32f10x_tim.o(i.TIM_SelectCCDMA), (24 bytes).
    Removing stm32f10x_tim.o(i.TIM_SelectCOM), (24 bytes).
    Removing stm32f10x_tim.o(i.TIM_SelectHallSensor), (24 bytes).
    Removing stm32f10x_tim.o(i.TIM_SelectInputTrigger), (18 bytes).
    Removing stm32f10x_tim.o(i.TIM_SelectMasterSlaveMode), (18 bytes).
    Removing stm32f10x_tim.o(i.TIM_SelectOCxM), (82 bytes).
    Removing stm32f10x_tim.o(i.TIM_SelectOnePulseMode), (18 bytes).
    Removing stm32f10x_tim.o(i.TIM_SelectOutputTrigger), (18 bytes).
    Removing stm32f10x_tim.o(i.TIM_SelectSlaveMode), (18 bytes).
    Removing stm32f10x_tim.o(i.TIM_SetAutoreload), (4 bytes).
    Removing stm32f10x_tim.o(i.TIM_SetClockDivision), (18 bytes).
    Removing stm32f10x_tim.o(i.TIM_SetCompare1), (4 bytes).
    Removing stm32f10x_tim.o(i.TIM_SetCompare2), (4 bytes).
    Removing stm32f10x_tim.o(i.TIM_SetCompare3), (4 bytes).
    Removing stm32f10x_tim.o(i.TIM_SetCompare4), (6 bytes).
    Removing stm32f10x_tim.o(i.TIM_SetCounter), (4 bytes).
    Removing stm32f10x_tim.o(i.TIM_SetIC1Prescaler), (18 bytes).
    Removing stm32f10x_tim.o(i.TIM_SetIC2Prescaler), (26 bytes).
    Removing stm32f10x_tim.o(i.TIM_SetIC3Prescaler), (18 bytes).
    Removing stm32f10x_tim.o(i.TIM_SetIC4Prescaler), (26 bytes).
    Removing stm32f10x_tim.o(i.TIM_TIxExternalClockConfig), (62 bytes).
    Removing stm32f10x_tim.o(i.TIM_TimeBaseStructInit), (18 bytes).
    Removing stm32f10x_tim.o(i.TIM_UpdateDisableConfig), (24 bytes).
    Removing stm32f10x_tim.o(i.TIM_UpdateRequestConfig), (24 bytes).
    Removing stm32f10x_usart.o(i.USART_ClearFlag), (18 bytes).
    Removing stm32f10x_usart.o(i.USART_ClockInit), (34 bytes).
    Removing stm32f10x_usart.o(i.USART_ClockStructInit), (12 bytes).
    Removing stm32f10x_usart.o(i.USART_DMACmd), (18 bytes).
    Removing stm32f10x_usart.o(i.USART_DeInit), (156 bytes).
    Removing stm32f10x_usart.o(i.USART_HalfDuplexCmd), (24 bytes).
    Removing stm32f10x_usart.o(i.USART_IrDACmd), (24 bytes).
    Removing stm32f10x_usart.o(i.USART_IrDAConfig), (18 bytes).
    Removing stm32f10x_usart.o(i.USART_LINBreakDetectLengthConfig), (18 bytes).
    Removing stm32f10x_usart.o(i.USART_LINCmd), (24 bytes).
    Removing stm32f10x_usart.o(i.USART_OneBitMethodCmd), (24 bytes).
    Removing stm32f10x_usart.o(i.USART_OverSampling8Cmd), (22 bytes).
    Removing stm32f10x_usart.o(i.USART_ReceiverWakeUpCmd), (24 bytes).
    Removing stm32f10x_usart.o(i.USART_SendBreak), (10 bytes).
    Removing stm32f10x_usart.o(i.USART_SetAddress), (18 bytes).
    Removing stm32f10x_usart.o(i.USART_SetGuardTime), (16 bytes).
    Removing stm32f10x_usart.o(i.USART_SetPrescaler), (16 bytes).
    Removing stm32f10x_usart.o(i.USART_SmartCardCmd), (24 bytes).
    Removing stm32f10x_usart.o(i.USART_SmartCardNACKCmd), (24 bytes).
    Removing stm32f10x_usart.o(i.USART_StructInit), (24 bytes).
    Removing stm32f10x_usart.o(i.USART_WakeUpConfig), (18 bytes).
    Removing stm32f10x_wwdg.o(i.WWDG_ClearFlag), (12 bytes).
    Removing stm32f10x_wwdg.o(i.WWDG_DeInit), (22 bytes).
    Removing stm32f10x_wwdg.o(i.WWDG_Enable), (16 bytes).
    Removing stm32f10x_wwdg.o(i.WWDG_EnableIT), (12 bytes).
    Removing stm32f10x_wwdg.o(i.WWDG_GetFlagStatus), (12 bytes).
    Removing stm32f10x_wwdg.o(i.WWDG_SetCounter), (16 bytes).
    Removing stm32f10x_wwdg.o(i.WWDG_SetPrescaler), (24 bytes).
    Removing stm32f10x_wwdg.o(i.WWDG_SetWindowValue), (40 bytes).
    Removing delay.o(i.Delay_s), (24 bytes).
    Removing led.o(i.LED1_OFF), (16 bytes).
    Removing led.o(i.LED1_ON), (16 bytes).
    Removing led.o(i.LED1_Turn), (36 bytes).
    Removing led.o(i.LED2_OFF), (16 bytes).
    Removing led.o(i.LED2_ON), (16 bytes).
    Removing led.o(i.LED2_Turn), (36 bytes).
    Removing led.o(i.LED_Init), (52 bytes).
    Removing key.o(i.Key_GetNum), (92 bytes).
    Removing key.o(i.Key_Init), (44 bytes).
    Removing serial.o(i.Serial_Pow), (20 bytes).
    Removing serial.o(i.Serial_Printf), (36 bytes).
    Removing serial.o(i.Serial_SendArray), (34 bytes).
    Removing serial.o(i.Serial_SendNumber), (62 bytes).
    Removing serial.o(i.Serial_USART1_SendArray), (26 bytes).
    Removing serial.o(i.Serial_USART1_SendNumber), (58 bytes).
    Removing serial.o(i.Serial_USART1_SendString), (26 bytes).
    Removing serial.o(i.Serial_USART2_SendArray), (26 bytes).
    Removing serial.o(i.Serial_USART2_SendByte), (32 bytes).
    Removing serial.o(i.Serial_USART2_SendNumber), (58 bytes).
    Removing serial.o(i.Serial_USART2_SendString), (26 bytes).
    Removing serial.o(i.Serial_USART3_SendArray), (26 bytes).
    Removing serial.o(i.Serial_USART3_SendByte), (32 bytes).
    Removing serial.o(i.Serial_USART3_SendNumber), (58 bytes).
    Removing serial.o(i.Serial_USART3_SendString), (26 bytes).
    Removing iic.o(i.IIC_Read_Bytes), (138 bytes).
    Removing iic.o(i.IIC_Send_Bytes), (104 bytes).
    Removing motor.o(i.set_velocity_auto), (32 bytes).
    Removing motor.o(i.set_velocity_auto_fixtime), (36 bytes).
    Removing motor.o(i.set_velocity_fixtime), (116 bytes).
    Removing motor.o(i.standard_backward), (26 bytes).
    Removing motor.o(i.standard_backward_fixtime), (30 bytes).
    Removing motor.o(i.standard_clockwise), (22 bytes).
    Removing motor.o(i.standard_clockwise_fixtime), (26 bytes).
    Removing motor.o(i.standard_counterclockwise), (22 bytes).
    Removing motor.o(i.standard_counterclockwise_fixtime), (26 bytes).
    Removing motor.o(i.standard_forward), (18 bytes).
    Removing motor.o(i.standard_forward_fixtime), (22 bytes).
    Removing motor.o(i.standard_left), (22 bytes).
    Removing motor.o(i.standard_left_fixtime), (26 bytes).
    Removing motor.o(i.standard_right_fixtime), (26 bytes).
    Removing servo.o(i.drop_ball), (24 bytes).
    Removing servo.o(i.lift_ball), (22 bytes).
    Removing valve.o(i.hit_ball), (40 bytes).
    Removing valve.o(i.valve_init), (60 bytes).
    Removing valve.o(.bss), (10 bytes).
    Removing echo.o(i.measure_distance), (168 bytes).
    Removing echo.o(.data), (4 bytes).
    Removing imu.o(i.CopeCmdData), (128 bytes).
    Removing imu.o(i.CopeWitData), (232 bytes).
    Removing imu.o(i.WitCanDataIn), (116 bytes).
    Removing imu.o(i.WitCanWriteRegister), (24 bytes).
    Removing imu.o(i.WitDeInit), (72 bytes).
    Removing imu.o(i.WitSerialDataIn), (488 bytes).
    Removing imu.o(i.WitSerialWriteRegister), (24 bytes).
    Removing imu.o(i.WitSetCanBaud), (100 bytes).
    Removing imu.o(i.WitSetContent), (104 bytes).
    Removing imu.o(i.WitSetOutputRate), (100 bytes).
    Removing imu.o(i.WitStopAccCali), (80 bytes).
    Removing imu.o(i.__CaliSum), (26 bytes).
    Removing main.o(i.loop_demo_ack), (64 bytes).
    Removing main.o(i.loop_demo_aim), (184 bytes).
    Removing main.o(.data), (1 bytes).
    Removing control.o(i.position_pid_control), (98 bytes).
    Removing ffltui.o(.text), (10 bytes).
    Removing d2f.o(.text), (56 bytes).

521 unused section(s) (total 22311 bytes) removed from the image.

==============================================================================

Image Symbol Table

    Local Symbols

    Symbol Name                              Value     Ov Type        Size  Object(Section)

    ../clib/microlib/division.c              0x00000000   Number         0  uldiv.o ABSOLUTE
    ../clib/microlib/division.c              0x00000000   Number         0  uidiv.o ABSOLUTE
    ../clib/microlib/init/entry.s            0x00000000   Number         0  entry10b.o ABSOLUTE
    ../clib/microlib/init/entry.s            0x00000000   Number         0  entry12a.o ABSOLUTE
    ../clib/microlib/init/entry.s            0x00000000   Number         0  entry.o ABSOLUTE
    ../clib/microlib/init/entry.s            0x00000000   Number         0  entry9a.o ABSOLUTE
    ../clib/microlib/init/entry.s            0x00000000   Number         0  entry9b.o ABSOLUTE
    ../clib/microlib/init/entry.s            0x00000000   Number         0  entry12b.o ABSOLUTE
    ../clib/microlib/init/entry.s            0x00000000   Number         0  entry7a.o ABSOLUTE
    ../clib/microlib/init/entry.s            0x00000000   Number         0  entry11b.o ABSOLUTE
    ../clib/microlib/init/entry.s            0x00000000   Number         0  entry2.o ABSOLUTE
    ../clib/microlib/init/entry.s            0x00000000   Number         0  entry11a.o ABSOLUTE
    ../clib/microlib/init/entry.s            0x00000000   Number         0  entry7b.o ABSOLUTE
    ../clib/microlib/init/entry.s            0x00000000   Number         0  entry10a.o ABSOLUTE
    ../clib/microlib/init/entry.s            0x00000000   Number         0  entry8a.o ABSOLUTE
    ../clib/microlib/init/entry.s            0x00000000   Number         0  entry5.o ABSOLUTE
    ../clib/microlib/init/entry.s            0x00000000   Number         0  entry8b.o ABSOLUTE
    ../clib/microlib/longlong.c              0x00000000   Number         0  llsshr.o ABSOLUTE
    ../clib/microlib/longlong.c              0x00000000   Number         0  llushr.o ABSOLUTE
    ../clib/microlib/longlong.c              0x00000000   Number         0  llshl.o ABSOLUTE
    ../clib/microlib/printf/printf.c         0x00000000   Number         0  printf6.o ABSOLUTE
    ../clib/microlib/printf/printf.c         0x00000000   Number         0  printf5.o ABSOLUTE
    ../clib/microlib/printf/printf.c         0x00000000   Number         0  printf4.o ABSOLUTE
    ../clib/microlib/printf/printf.c         0x00000000   Number         0  printf3.o ABSOLUTE
    ../clib/microlib/printf/printf.c         0x00000000   Number         0  printf2.o ABSOLUTE
    ../clib/microlib/printf/printf.c         0x00000000   Number         0  printf0.o ABSOLUTE
    ../clib/microlib/printf/printf.c         0x00000000   Number         0  printfb.o ABSOLUTE
    ../clib/microlib/printf/printf.c         0x00000000   Number         0  printf1.o ABSOLUTE
    ../clib/microlib/printf/printf.c         0x00000000   Number         0  printf7.o ABSOLUTE
    ../clib/microlib/printf/printf.c         0x00000000   Number         0  printf8.o ABSOLUTE
    ../clib/microlib/printf/printf.c         0x00000000   Number         0  printfa.o ABSOLUTE
    ../clib/microlib/printf/stubs.s          0x00000000   Number         0  stubs.o ABSOLUTE
    ../clib/microlib/stdio/streams.c         0x00000000   Number         0  stdout.o ABSOLUTE
    ../clib/microlib/string/memcpy.c         0x00000000   Number         0  memcpya.o ABSOLUTE
    ../clib/microlib/string/memcpy.c         0x00000000   Number         0  memcpyb.o ABSOLUTE
    ../clib/microlib/string/memset.c         0x00000000   Number         0  memseta.o ABSOLUTE
    ../clib/microlib/stubs.s                 0x00000000   Number         0  iusefp.o ABSOLUTE
    ../fplib/microlib/d2f.c                  0x00000000   Number         0  d2f.o ABSOLUTE
    ../fplib/microlib/f2d.c                  0x00000000   Number         0  f2d.o ABSOLUTE
    ../fplib/microlib/fpadd.c                0x00000000   Number         0  dadd.o ABSOLUTE
    ../fplib/microlib/fpadd.c                0x00000000   Number         0  fadd.o ABSOLUTE
    ../fplib/microlib/fpdiv.c                0x00000000   Number         0  fdiv.o ABSOLUTE
    ../fplib/microlib/fpdiv.c                0x00000000   Number         0  ddiv.o ABSOLUTE
    ../fplib/microlib/fpepilogue.c           0x00000000   Number         0  fepilogue.o ABSOLUTE
    ../fplib/microlib/fpepilogue.c           0x00000000   Number         0  depilogue.o ABSOLUTE
    ../fplib/microlib/fpfix.c                0x00000000   Number         0  dfixul.o ABSOLUTE
    ../fplib/microlib/fpfix.c                0x00000000   Number         0  ffixi.o ABSOLUTE
    ../fplib/microlib/fpflt.c                0x00000000   Number         0  ffltui.o ABSOLUTE
    ../fplib/microlib/fpflt.c                0x00000000   Number         0  fflti.o ABSOLUTE
    ../fplib/microlib/fpmul.c                0x00000000   Number         0  fmul.o ABSOLUTE
    ../fplib/microlib/fpmul.c                0x00000000   Number         0  dmul.o ABSOLUTE
    Control\control.c                        0x00000000   Number         0  control.o ABSOLUTE
    Hardware\IIC.c                           0x00000000   Number         0  iic.o ABSOLUTE
    Hardware\IMU.c                           0x00000000   Number         0  imu.o ABSOLUTE
    Hardware\Key.c                           0x00000000   Number         0  key.o ABSOLUTE
    Hardware\LED.c                           0x00000000   Number         0  led.o ABSOLUTE
    Hardware\Serial.c                        0x00000000   Number         0  serial.o ABSOLUTE
    Hardware\TIMER.c                         0x00000000   Number         0  timer.o ABSOLUTE
    Hardware\echo.c                          0x00000000   Number         0  echo.o ABSOLUTE
    Hardware\motor.c                         0x00000000   Number         0  motor.o ABSOLUTE
    Hardware\openmv.c                        0x00000000   Number         0  openmv.o ABSOLUTE
    Hardware\servo.c                         0x00000000   Number         0  servo.o ABSOLUTE
    Hardware\valve.c                         0x00000000   Number         0  valve.o ABSOLUTE
    Library\misc.c                           0x00000000   Number         0  misc.o ABSOLUTE
    Library\stm32f10x_adc.c                  0x00000000   Number         0  stm32f10x_adc.o ABSOLUTE
    Library\stm32f10x_bkp.c                  0x00000000   Number         0  stm32f10x_bkp.o ABSOLUTE
    Library\stm32f10x_can.c                  0x00000000   Number         0  stm32f10x_can.o ABSOLUTE
    Library\stm32f10x_cec.c                  0x00000000   Number         0  stm32f10x_cec.o ABSOLUTE
    Library\stm32f10x_crc.c                  0x00000000   Number         0  stm32f10x_crc.o ABSOLUTE
    Library\stm32f10x_dac.c                  0x00000000   Number         0  stm32f10x_dac.o ABSOLUTE
    Library\stm32f10x_dbgmcu.c               0x00000000   Number         0  stm32f10x_dbgmcu.o ABSOLUTE
    Library\stm32f10x_dma.c                  0x00000000   Number         0  stm32f10x_dma.o ABSOLUTE
    Library\stm32f10x_exti.c                 0x00000000   Number         0  stm32f10x_exti.o ABSOLUTE
    Library\stm32f10x_flash.c                0x00000000   Number         0  stm32f10x_flash.o ABSOLUTE
    Library\stm32f10x_fsmc.c                 0x00000000   Number         0  stm32f10x_fsmc.o ABSOLUTE
    Library\stm32f10x_gpio.c                 0x00000000   Number         0  stm32f10x_gpio.o ABSOLUTE
    Library\stm32f10x_i2c.c                  0x00000000   Number         0  stm32f10x_i2c.o ABSOLUTE
    Library\stm32f10x_iwdg.c                 0x00000000   Number         0  stm32f10x_iwdg.o ABSOLUTE
    Library\stm32f10x_pwr.c                  0x00000000   Number         0  stm32f10x_pwr.o ABSOLUTE
    Library\stm32f10x_rcc.c                  0x00000000   Number         0  stm32f10x_rcc.o ABSOLUTE
    Library\stm32f10x_rtc.c                  0x00000000   Number         0  stm32f10x_rtc.o ABSOLUTE
    Library\stm32f10x_sdio.c                 0x00000000   Number         0  stm32f10x_sdio.o ABSOLUTE
    Library\stm32f10x_spi.c                  0x00000000   Number         0  stm32f10x_spi.o ABSOLUTE
    Library\stm32f10x_tim.c                  0x00000000   Number         0  stm32f10x_tim.o ABSOLUTE
    Library\stm32f10x_usart.c                0x00000000   Number         0  stm32f10x_usart.o ABSOLUTE
    Library\stm32f10x_wwdg.c                 0x00000000   Number         0  stm32f10x_wwdg.o ABSOLUTE
    Start\\core_cm3.c                        0x00000000   Number         0  core_cm3.o ABSOLUTE
    Start\core_cm3.c                         0x00000000   Number         0  core_cm3.o ABSOLUTE
    Start\startup_stm32f10x_md.s             0x00000000   Number         0  startup_stm32f10x_md.o ABSOLUTE
    Start\system_stm32f10x.c                 0x00000000   Number         0  system_stm32f10x.o ABSOLUTE
    System\Delay.c                           0x00000000   Number         0  delay.o ABSOLUTE
    User\main.c                              0x00000000   Number         0  main.o ABSOLUTE
    User\stm32f10x_it.c                      0x00000000   Number         0  stm32f10x_it.o ABSOLUTE
    cdrcmple.s                               0x00000000   Number         0  cdrcmple.o ABSOLUTE
    cfcmple.s                                0x00000000   Number         0  cfcmple.o ABSOLUTE
    cfrcmple.s                               0x00000000   Number         0  cfrcmple.o ABSOLUTE
    dc.s                                     0x00000000   Number         0  dc.o ABSOLUTE
    handlers.s                               0x00000000   Number         0  handlers.o ABSOLUTE
    init.s                                   0x00000000   Number         0  init.o ABSOLUTE
    RESET                                    0x08000000   Section      236  startup_stm32f10x_md.o(RESET)
    .ARM.Collect$$$$00000000                 0x080000ec   Section        0  entry.o(.ARM.Collect$$$$00000000)
    .ARM.Collect$$$$00000001                 0x080000ec   Section        4  entry2.o(.ARM.Collect$$$$00000001)
    .ARM.Collect$$$$00000004                 0x080000f0   Section        4  entry5.o(.ARM.Collect$$$$00000004)
    .ARM.Collect$$$$00000008                 0x080000f4   Section        0  entry7b.o(.ARM.Collect$$$$00000008)
    .ARM.Collect$$$$0000000A                 0x080000f4   Section        0  entry8b.o(.ARM.Collect$$$$0000000A)
    .ARM.Collect$$$$0000000B                 0x080000f4   Section        8  entry9a.o(.ARM.Collect$$$$0000000B)
    .ARM.Collect$$$$0000000E                 0x080000fc   Section        4  entry12b.o(.ARM.Collect$$$$0000000E)
    .ARM.Collect$$$$0000000F                 0x08000100   Section        0  entry10a.o(.ARM.Collect$$$$0000000F)
    .ARM.Collect$$$$00000011                 0x08000100   Section        0  entry11a.o(.ARM.Collect$$$$00000011)
    .ARM.Collect$$$$00002712                 0x08000100   Section        4  entry2.o(.ARM.Collect$$$$00002712)
    __lit__00000000                          0x08000100   Data           4  entry2.o(.ARM.Collect$$$$00002712)
    .text                                    0x08000104   Section       36  startup_stm32f10x_md.o(.text)
    .text                                    0x08000128   Section        0  fadd.o(.text)
    .text                                    0x080001d8   Section        0  fmul.o(.text)
    .text                                    0x0800023c   Section        0  fdiv.o(.text)
    .text                                    0x080002b8   Section        0  dmul.o(.text)
    .text                                    0x0800039c   Section        0  ddiv.o(.text)
    .text                                    0x0800047a   Section        0  fflti.o(.text)
    .text                                    0x0800048c   Section        0  ffixi.o(.text)
    .text                                    0x080004be   Section        0  f2d.o(.text)
    .text                                    0x080004e4   Section       48  cdrcmple.o(.text)
    .text                                    0x08000514   Section       20  cfcmple.o(.text)
    .text                                    0x08000528   Section       20  cfrcmple.o(.text)
    .text                                    0x0800053c   Section        0  uidiv.o(.text)
    .text                                    0x08000568   Section        0  uldiv.o(.text)
    .text                                    0x080005ca   Section        0  iusefp.o(.text)
    .text                                    0x080005ca   Section        0  fepilogue.o(.text)
    .text                                    0x08000638   Section        0  depilogue.o(.text)
    .text                                    0x080006f2   Section        0  dadd.o(.text)
    .text                                    0x08000840   Section        0  dfixul.o(.text)
    .text                                    0x08000870   Section       36  init.o(.text)
    .text                                    0x08000894   Section        0  llshl.o(.text)
    .text                                    0x080008b2   Section        0  llushr.o(.text)
    .text                                    0x080008d2   Section        0  llsshr.o(.text)
    i.AutoScanSensor                         0x080008f8   Section        0  imu.o(i.AutoScanSensor)
    AutoScanSensor                           0x080008f9   Thumb Code    86  imu.o(i.AutoScanSensor)
    i.BusFault_Handler                       0x080009a4   Section        0  stm32f10x_it.o(i.BusFault_Handler)
    i.CheckRange                             0x080009a8   Section        0  imu.o(i.CheckRange)
    i.CmdProcess                             0x080009bc   Section        0  imu.o(i.CmdProcess)
    CmdProcess                               0x080009bd   Thumb Code   170  imu.o(i.CmdProcess)
    i.CopeSensorData                         0x08000ae0   Section        0  imu.o(i.CopeSensorData)
    CopeSensorData                           0x08000ae1   Thumb Code   106  imu.o(i.CopeSensorData)
    i.DebugMon_Handler                       0x08000b50   Section        0  stm32f10x_it.o(i.DebugMon_Handler)
    i.Delay_ms                               0x08000b52   Section        0  delay.o(i.Delay_ms)
    i.Delay_us                               0x08000b6a   Section        0  delay.o(i.Delay_us)
    i.Delayms                                0x08000b98   Section        0  imu.o(i.Delayms)
    Delayms                                  0x08000b99   Thumb Code    12  imu.o(i.Delayms)
    i.GPIO_Init                              0x08000ba4   Section        0  stm32f10x_gpio.o(i.GPIO_Init)
    i.GPIO_SetBits                           0x08000cba   Section        0  stm32f10x_gpio.o(i.GPIO_SetBits)
    i.HardFault_Handler                      0x08000cbe   Section        0  stm32f10x_it.o(i.HardFault_Handler)
    i.IIC_Ack                                0x08000cc4   Section        0  iic.o(i.IIC_Ack)
    i.IIC_Init                               0x08000d14   Section        0  iic.o(i.IIC_Init)
    i.IIC_NAck                               0x08000d48   Section        0  iic.o(i.IIC_NAck)
    i.IIC_Read_Byte                          0x08000d98   Section        0  iic.o(i.IIC_Read_Byte)
    i.IIC_Send_Byte                          0x08000e08   Section        0  iic.o(i.IIC_Send_Byte)
    i.IIC_Start                              0x08000e7c   Section        0  iic.o(i.IIC_Start)
    i.IIC_Stop                               0x08000ec8   Section        0  iic.o(i.IIC_Stop)
    i.IIC_Wait_Ack                           0x08000f14   Section        0  iic.o(i.IIC_Wait_Ack)
    i.IICreadBytes                           0x08000f78   Section        0  iic.o(i.IICreadBytes)
    i.IICwriteBytes                          0x08000ff2   Section        0  iic.o(i.IICwriteBytes)
    i.IMU_Data_Process                       0x08001050   Section        0  imu.o(i.IMU_Data_Process)
    i.IMU_Init                               0x0800127c   Section        0  imu.o(i.IMU_Init)
    i.MemManage_Handler                      0x080012b8   Section        0  stm32f10x_it.o(i.MemManage_Handler)
    i.NMI_Handler                            0x080012bc   Section        0  stm32f10x_it.o(i.NMI_Handler)
    i.NVIC_Init                              0x080012c0   Section        0  misc.o(i.NVIC_Init)
    i.NVIC_PriorityGroupConfig               0x08001330   Section        0  misc.o(i.NVIC_PriorityGroupConfig)
    i.PendSV_Handler                         0x08001344   Section        0  stm32f10x_it.o(i.PendSV_Handler)
    i.RCC_APB1PeriphClockCmd                 0x08001348   Section        0  stm32f10x_rcc.o(i.RCC_APB1PeriphClockCmd)
    i.RCC_APB2PeriphClockCmd                 0x08001368   Section        0  stm32f10x_rcc.o(i.RCC_APB2PeriphClockCmd)
    i.RCC_GetClocksFreq                      0x08001388   Section        0  stm32f10x_rcc.o(i.RCC_GetClocksFreq)
    i.SVC_Handler                            0x0800145c   Section        0  stm32f10x_it.o(i.SVC_Handler)
    i.Serial_SendByte                        0x0800145e   Section        0  serial.o(i.Serial_SendByte)
    i.Serial_SendString                      0x0800147c   Section        0  serial.o(i.Serial_SendString)
    i.Serial_USART1_Init                     0x0800149c   Section        0  serial.o(i.Serial_USART1_Init)
    i.Serial_USART1_SendByte                 0x08001554   Section        0  serial.o(i.Serial_USART1_SendByte)
    i.Serial_USART2_Init                     0x08001574   Section        0  serial.o(i.Serial_USART2_Init)
    i.Serial_USART3_Init                     0x08001628   Section        0  serial.o(i.Serial_USART3_Init)
    i.Serial_USARTx_Init                     0x080016b0   Section        0  serial.o(i.Serial_USARTx_Init)
    i.SetSysClock                            0x080016cc   Section        0  system_stm32f10x.o(i.SetSysClock)
    SetSysClock                              0x080016cd   Thumb Code     8  system_stm32f10x.o(i.SetSysClock)
    i.SetSysClockTo72                        0x080016d4   Section        0  system_stm32f10x.o(i.SetSysClockTo72)
    SetSysClockTo72                          0x080016d5   Thumb Code   214  system_stm32f10x.o(i.SetSysClockTo72)
    i.ShowHelp                               0x080017b4   Section        0  imu.o(i.ShowHelp)
    ShowHelp                                 0x080017b5   Thumb Code    58  imu.o(i.ShowHelp)
    i.SysTick_Handler                        0x08001904   Section        0  stm32f10x_it.o(i.SysTick_Handler)
    i.SystemInit                             0x08001908   Section        0  system_stm32f10x.o(i.SystemInit)
    i.TIM2_IRQHandler                        0x08001968   Section        0  timer.o(i.TIM2_IRQHandler)
    i.TIM2_Int_Init                          0x0800197e   Section        0  timer.o(i.TIM2_Int_Init)
    i.TIM3_IRQHandler                        0x080019e4   Section        0  timer.o(i.TIM3_IRQHandler)
    i.TIM3_Int_Init                          0x08001a4c   Section        0  timer.o(i.TIM3_Int_Init)
    i.TIM_ClearFlag                          0x08001aac   Section        0  stm32f10x_tim.o(i.TIM_ClearFlag)
    i.TIM_ClearITPendingBit                  0x08001ab2   Section        0  stm32f10x_tim.o(i.TIM_ClearITPendingBit)
    i.TIM_Cmd                                0x08001ab8   Section        0  stm32f10x_tim.o(i.TIM_Cmd)
    i.TIM_GetITStatus                        0x08001ad0   Section        0  stm32f10x_tim.o(i.TIM_GetITStatus)
    i.TIM_ITConfig                           0x08001af2   Section        0  stm32f10x_tim.o(i.TIM_ITConfig)
    i.TIM_Init                               0x08001b04   Section        0  timer.o(i.TIM_Init)
    i.TIM_TimeBaseInit                       0x08001b20   Section        0  stm32f10x_tim.o(i.TIM_TimeBaseInit)
    i.USART1_IRQHandler                      0x08001bc4   Section        0  serial.o(i.USART1_IRQHandler)
    i.USART2_IRQHandler                      0x08001cb0   Section        0  serial.o(i.USART2_IRQHandler)
    i.USART_ClearITPendingBit                0x08001d64   Section        0  stm32f10x_usart.o(i.USART_ClearITPendingBit)
    i.USART_Cmd                              0x08001d82   Section        0  stm32f10x_usart.o(i.USART_Cmd)
    i.USART_GetFlagStatus                    0x08001d9a   Section        0  stm32f10x_usart.o(i.USART_GetFlagStatus)
    i.USART_GetITStatus                      0x08001db4   Section        0  stm32f10x_usart.o(i.USART_GetITStatus)
    i.USART_ITConfig                         0x08001e08   Section        0  stm32f10x_usart.o(i.USART_ITConfig)
    i.USART_Init                             0x08001e54   Section        0  stm32f10x_usart.o(i.USART_Init)
    i.USART_ReceiveData                      0x08001f2c   Section        0  stm32f10x_usart.o(i.USART_ReceiveData)
    i.USART_SendData                         0x08001f36   Section        0  stm32f10x_usart.o(i.USART_SendData)
    i.UsageFault_Handler                     0x08001f3e   Section        0  stm32f10x_it.o(i.UsageFault_Handler)
    i.WitDelayMsRegister                     0x08001f44   Section        0  imu.o(i.WitDelayMsRegister)
    i.WitI2cFuncRegister                     0x08001f5c   Section        0  imu.o(i.WitI2cFuncRegister)
    i.WitInit                                0x08001f84   Section        0  imu.o(i.WitInit)
    i.WitReadReg                             0x08001fb0   Section        0  imu.o(i.WitReadReg)
    i.WitRegisterCallBack                    0x0800217c   Section        0  imu.o(i.WitRegisterCallBack)
    i.WitSetBandwidth                        0x08002194   Section        0  imu.o(i.WitSetBandwidth)
    i.WitSetUartBaud                         0x080021f8   Section        0  imu.o(i.WitSetUartBaud)
    i.WitStartAccCali                        0x0800225c   Section        0  imu.o(i.WitStartAccCali)
    i.WitStartMagCali                        0x080022ac   Section        0  imu.o(i.WitStartMagCali)
    i.WitStopMagCali                         0x080022fc   Section        0  imu.o(i.WitStopMagCali)
    i.WitWriteReg                            0x0800234c   Section        0  imu.o(i.WitWriteReg)
    i.__0printf                              0x08002488   Section        0  printfa.o(i.__0printf)
    i.__0sprintf                             0x080024a8   Section        0  printfa.o(i.__0sprintf)
    i.__CRC16                                0x080024d0   Section        0  imu.o(i.__CRC16)
    __CRC16                                  0x080024d1   Thumb Code    48  imu.o(i.__CRC16)
    i.__scatterload_copy                     0x08002508   Section       14  handlers.o(i.__scatterload_copy)
    i.__scatterload_null                     0x08002516   Section        2  handlers.o(i.__scatterload_null)
    i.__scatterload_zeroinit                 0x08002518   Section       14  handlers.o(i.__scatterload_zeroinit)
    i._fp_digits                             0x08002528   Section        0  printfa.o(i._fp_digits)
    _fp_digits                               0x08002529   Thumb Code   366  printfa.o(i._fp_digits)
    i._printf_core                           0x080026ac   Section        0  printfa.o(i._printf_core)
    _printf_core                             0x080026ad   Thumb Code  1704  printfa.o(i._printf_core)
    i._printf_post_padding                   0x08002d60   Section        0  printfa.o(i._printf_post_padding)
    _printf_post_padding                     0x08002d61   Thumb Code    36  printfa.o(i._printf_post_padding)
    i._printf_pre_padding                    0x08002d84   Section        0  printfa.o(i._printf_pre_padding)
    _printf_pre_padding                      0x08002d85   Thumb Code    46  printfa.o(i._printf_pre_padding)
    i._sputc                                 0x08002db2   Section        0  printfa.o(i._sputc)
    _sputc                                   0x08002db3   Thumb Code    10  printfa.o(i._sputc)
    i.echo_init                              0x08002dbc   Section        0  echo.o(i.echo_init)
    i.fputc                                  0x08002e00   Section        0  serial.o(i.fputc)
    i.increment_pid_control                  0x08002e10   Section        0  control.o(i.increment_pid_control)
    i.main                                   0x08002eb4   Section        0  main.o(i.main)
    i.openmv_data_process                    0x08002f28   Section        0  openmv.o(i.openmv_data_process)
    i.pid_init                               0x08002f64   Section        0  control.o(i.pid_init)
    i.set_pid_target                         0x08002f90   Section        0  control.o(i.set_pid_target)
    i.set_servo_angle                        0x08002f9c   Section        0  servo.o(i.set_servo_angle)
    i.set_up                                 0x08002fe4   Section        0  main.o(i.set_up)
    i.set_velocity                           0x08003028   Section        0  motor.o(i.set_velocity)
    i.standard_right                         0x08003090   Section        0  motor.o(i.standard_right)
    i.standard_stop                          0x080030a8   Section        0  motor.o(i.standard_stop)
    .constdata                               0x080030bc   Section      512  imu.o(.constdata)
    __auchCRCHi                              0x080030bc   Data         256  imu.o(.constdata)
    __auchCRCLo                              0x080031bc   Data         256  imu.o(.constdata)
    .conststring                             0x080032bc   Section      265  imu.o(.conststring)
    .data                                    0x20000000   Section       20  stm32f10x_rcc.o(.data)
    APBAHBPrescTable                         0x20000000   Data          16  stm32f10x_rcc.o(.data)
    ADCPrescTable                            0x20000010   Data           4  stm32f10x_rcc.o(.data)
    .data                                    0x20000014   Section        6  serial.o(.data)
    RxState                                  0x20000016   Data           1  serial.o(.data)
    pRxPacket                                0x20000017   Data           1  serial.o(.data)
    RxState                                  0x20000018   Data           1  serial.o(.data)
    pRxPacket                                0x20000019   Data           1  serial.o(.data)
    .data                                    0x2000001a   Section       26  motor.o(.data)
    .data                                    0x20000034   Section        2  openmv.o(.data)
    .data                                    0x20000038   Section       43  imu.o(.data)
    p_WitSerialWriteFunc                     0x20000038   Data           4  imu.o(.data)
    p_WitI2cWriteFunc                        0x2000003c   Data           4  imu.o(.data)
    p_WitI2cReadFunc                         0x20000040   Data           4  imu.o(.data)
    p_WitCanWriteFunc                        0x20000044   Data           4  imu.o(.data)
    p_WitRegUpdateCbFunc                     0x20000048   Data           4  imu.o(.data)
    p_WitDelaymsFunc                         0x2000004c   Data           4  imu.o(.data)
    s_ucAddr                                 0x20000050   Data           1  imu.o(.data)
    s_uiWitDataCnt                           0x20000054   Data           4  imu.o(.data)
    s_uiProtoclo                             0x20000058   Data           4  imu.o(.data)
    s_uiReadRegIndex                         0x2000005c   Data           4  imu.o(.data)
    s_cDataUpdate                            0x20000060   Data           1  imu.o(.data)
    s_cCmd                                   0x20000061   Data           1  imu.o(.data)
    s_ucRxCnt                                0x20000062   Data           1  imu.o(.data)
    .data                                    0x20000064   Section        3  control.o(.data)
    .data                                    0x20000068   Section        4  stdout.o(.data)
    .bss                                     0x2000006c   Section      200  serial.o(.bss)
    .bss                                     0x20000134   Section       36  motor.o(.bss)
    .bss                                     0x20000158   Section       20  servo.o(.bss)
    .bss                                     0x2000016c   Section      630  imu.o(.bss)
    s_ucWitDataBuff                          0x2000016c   Data         256  imu.o(.bss)
    s_ucData                                 0x200003b0   Data          50  imu.o(.bss)
    .bss                                     0x200003e4   Section       36  control.o(.bss)
    STACK                                    0x20000408   Section     1024  startup_stm32f10x_md.o(STACK)

    Global Symbols

    Symbol Name                              Value     Ov Type        Size  Object(Section)

    BuildAttributes$$THM_ISAv4$P$D$K$B$S$PE$A:L22UL41UL21$X:L11$S22US41US21$IEEE1$IW$USESV6$~STKCKD$USESV7$~SHL$OTIME$ROPI$EBA8$MICROLIB$REQ8$PRES8$EABIv2 0x00000000   Number         0  anon$$obj.o ABSOLUTE
    __ARM_use_no_argv                        0x00000000   Number         0  main.o ABSOLUTE
    _printf_a                                0x00000000   Number         0  stubs.o ABSOLUTE
    _printf_c                                0x00000000   Number         0  stubs.o ABSOLUTE
    _printf_charcount                        0x00000000   Number         0  stubs.o ABSOLUTE
    _printf_d                                0x00000000   Number         0  stubs.o ABSOLUTE
    _printf_e                                0x00000000   Number         0  stubs.o ABSOLUTE
    _printf_f                                0x00000000   Number         0  stubs.o ABSOLUTE
    _printf_flags                            0x00000000   Number         0  stubs.o ABSOLUTE
    _printf_fp_dec                           0x00000000   Number         0  stubs.o ABSOLUTE
    _printf_fp_hex                           0x00000000   Number         0  stubs.o ABSOLUTE
    _printf_g                                0x00000000   Number         0  stubs.o ABSOLUTE
    _printf_i                                0x00000000   Number         0  stubs.o ABSOLUTE
    _printf_int_dec                          0x00000000   Number         0  stubs.o ABSOLUTE
    _printf_l                                0x00000000   Number         0  stubs.o ABSOLUTE
    _printf_lc                               0x00000000   Number         0  stubs.o ABSOLUTE
    _printf_ll                               0x00000000   Number         0  stubs.o ABSOLUTE
    _printf_lld                              0x00000000   Number         0  stubs.o ABSOLUTE
    _printf_lli                              0x00000000   Number         0  stubs.o ABSOLUTE
    _printf_llo                              0x00000000   Number         0  stubs.o ABSOLUTE
    _printf_llu                              0x00000000   Number         0  stubs.o ABSOLUTE
    _printf_llx                              0x00000000   Number         0  stubs.o ABSOLUTE
    _printf_longlong_dec                     0x00000000   Number         0  stubs.o ABSOLUTE
    _printf_longlong_hex                     0x00000000   Number         0  stubs.o ABSOLUTE
    _printf_longlong_oct                     0x00000000   Number         0  stubs.o ABSOLUTE
    _printf_ls                               0x00000000   Number         0  stubs.o ABSOLUTE
    _printf_mbtowc                           0x00000000   Number         0  stubs.o ABSOLUTE
    _printf_n                                0x00000000   Number         0  stubs.o ABSOLUTE
    _printf_o                                0x00000000   Number         0  stubs.o ABSOLUTE
    _printf_p                                0x00000000   Number         0  stubs.o ABSOLUTE
    _printf_percent                          0x00000000   Number         0  stubs.o ABSOLUTE
    _printf_pre_padding                      0x00000000   Number         0  stubs.o ABSOLUTE
    _printf_return_value                     0x00000000   Number         0  stubs.o ABSOLUTE
    _printf_s                                0x00000000   Number         0  stubs.o ABSOLUTE
    _printf_sizespec                         0x00000000   Number         0  stubs.o ABSOLUTE
    _printf_str                              0x00000000   Number         0  stubs.o ABSOLUTE
    _printf_truncate_signed                  0x00000000   Number         0  stubs.o ABSOLUTE
    _printf_truncate_unsigned                0x00000000   Number         0  stubs.o ABSOLUTE
    _printf_u                                0x00000000   Number         0  stubs.o ABSOLUTE
    _printf_wc                               0x00000000   Number         0  stubs.o ABSOLUTE
    _printf_wctomb                           0x00000000   Number         0  stubs.o ABSOLUTE
    _printf_widthprec                        0x00000000   Number         0  stubs.o ABSOLUTE
    _printf_x                                0x00000000   Number         0  stubs.o ABSOLUTE
    __arm_fini_                               - Undefined Weak Reference
    __cpp_initialize__aeabi_                  - Undefined Weak Reference
    __cxa_finalize                            - Undefined Weak Reference
    __decompress                              - Undefined Weak Reference
    _clock_init                               - Undefined Weak Reference
    _microlib_exit                            - Undefined Weak Reference
    __Vectors_Size                           0x000000ec   Number         0  startup_stm32f10x_md.o ABSOLUTE
    __Vectors                                0x08000000   Data           4  startup_stm32f10x_md.o(RESET)
    __Vectors_End                            0x080000ec   Data           0  startup_stm32f10x_md.o(RESET)
    __main                                   0x080000ed   Thumb Code     0  entry.o(.ARM.Collect$$$$00000000)
    _main_stk                                0x080000ed   Thumb Code     0  entry2.o(.ARM.Collect$$$$00000001)
    _main_scatterload                        0x080000f1   Thumb Code     0  entry5.o(.ARM.Collect$$$$00000004)
    __main_after_scatterload                 0x080000f5   Thumb Code     0  entry5.o(.ARM.Collect$$$$00000004)
    _main_clock                              0x080000f5   Thumb Code     0  entry7b.o(.ARM.Collect$$$$00000008)
    _main_cpp_init                           0x080000f5   Thumb Code     0  entry8b.o(.ARM.Collect$$$$0000000A)
    _main_init                               0x080000f5   Thumb Code     0  entry9a.o(.ARM.Collect$$$$0000000B)
    __rt_lib_shutdown_fini                   0x080000fd   Thumb Code     0  entry12b.o(.ARM.Collect$$$$0000000E)
    __rt_final_cpp                           0x08000101   Thumb Code     0  entry10a.o(.ARM.Collect$$$$0000000F)
    __rt_final_exit                          0x08000101   Thumb Code     0  entry11a.o(.ARM.Collect$$$$00000011)
    Reset_Handler                            0x08000105   Thumb Code     8  startup_stm32f10x_md.o(.text)
    ADC1_2_IRQHandler                        0x0800011f   Thumb Code     0  startup_stm32f10x_md.o(.text)
    CAN1_RX1_IRQHandler                      0x0800011f   Thumb Code     0  startup_stm32f10x_md.o(.text)
    CAN1_SCE_IRQHandler                      0x0800011f   Thumb Code     0  startup_stm32f10x_md.o(.text)
    DMA1_Channel1_IRQHandler                 0x0800011f   Thumb Code     0  startup_stm32f10x_md.o(.text)
    DMA1_Channel2_IRQHandler                 0x0800011f   Thumb Code     0  startup_stm32f10x_md.o(.text)
    DMA1_Channel3_IRQHandler                 0x0800011f   Thumb Code     0  startup_stm32f10x_md.o(.text)
    DMA1_Channel4_IRQHandler                 0x0800011f   Thumb Code     0  startup_stm32f10x_md.o(.text)
    DMA1_Channel5_IRQHandler                 0x0800011f   Thumb Code     0  startup_stm32f10x_md.o(.text)
    DMA1_Channel6_IRQHandler                 0x0800011f   Thumb Code     0  startup_stm32f10x_md.o(.text)
    DMA1_Channel7_IRQHandler                 0x0800011f   Thumb Code     0  startup_stm32f10x_md.o(.text)
    EXTI0_IRQHandler                         0x0800011f   Thumb Code     0  startup_stm32f10x_md.o(.text)
    EXTI15_10_IRQHandler                     0x0800011f   Thumb Code     0  startup_stm32f10x_md.o(.text)
    EXTI1_IRQHandler                         0x0800011f   Thumb Code     0  startup_stm32f10x_md.o(.text)
    EXTI2_IRQHandler                         0x0800011f   Thumb Code     0  startup_stm32f10x_md.o(.text)
    EXTI3_IRQHandler                         0x0800011f   Thumb Code     0  startup_stm32f10x_md.o(.text)
    EXTI4_IRQHandler                         0x0800011f   Thumb Code     0  startup_stm32f10x_md.o(.text)
    EXTI9_5_IRQHandler                       0x0800011f   Thumb Code     0  startup_stm32f10x_md.o(.text)
    FLASH_IRQHandler                         0x0800011f   Thumb Code     0  startup_stm32f10x_md.o(.text)
    I2C1_ER_IRQHandler                       0x0800011f   Thumb Code     0  startup_stm32f10x_md.o(.text)
    I2C1_EV_IRQHandler                       0x0800011f   Thumb Code     0  startup_stm32f10x_md.o(.text)
    I2C2_ER_IRQHandler                       0x0800011f   Thumb Code     0  startup_stm32f10x_md.o(.text)
    I2C2_EV_IRQHandler                       0x0800011f   Thumb Code     0  startup_stm32f10x_md.o(.text)
    PVD_IRQHandler                           0x0800011f   Thumb Code     0  startup_stm32f10x_md.o(.text)
    RCC_IRQHandler                           0x0800011f   Thumb Code     0  startup_stm32f10x_md.o(.text)
    RTCAlarm_IRQHandler                      0x0800011f   Thumb Code     0  startup_stm32f10x_md.o(.text)
    RTC_IRQHandler                           0x0800011f   Thumb Code     0  startup_stm32f10x_md.o(.text)
    SPI1_IRQHandler                          0x0800011f   Thumb Code     0  startup_stm32f10x_md.o(.text)
    SPI2_IRQHandler                          0x0800011f   Thumb Code     0  startup_stm32f10x_md.o(.text)
    TAMPER_IRQHandler                        0x0800011f   Thumb Code     0  startup_stm32f10x_md.o(.text)
    TIM1_BRK_IRQHandler                      0x0800011f   Thumb Code     0  startup_stm32f10x_md.o(.text)
    TIM1_CC_IRQHandler                       0x0800011f   Thumb Code     0  startup_stm32f10x_md.o(.text)
    TIM1_TRG_COM_IRQHandler                  0x0800011f   Thumb Code     0  startup_stm32f10x_md.o(.text)
    TIM1_UP_IRQHandler                       0x0800011f   Thumb Code     0  startup_stm32f10x_md.o(.text)
    TIM4_IRQHandler                          0x0800011f   Thumb Code     0  startup_stm32f10x_md.o(.text)
    USART3_IRQHandler                        0x0800011f   Thumb Code     0  startup_stm32f10x_md.o(.text)
    USBWakeUp_IRQHandler                     0x0800011f   Thumb Code     0  startup_stm32f10x_md.o(.text)
    USB_HP_CAN1_TX_IRQHandler                0x0800011f   Thumb Code     0  startup_stm32f10x_md.o(.text)
    USB_LP_CAN1_RX0_IRQHandler               0x0800011f   Thumb Code     0  startup_stm32f10x_md.o(.text)
    WWDG_IRQHandler                          0x0800011f   Thumb Code     0  startup_stm32f10x_md.o(.text)
    __aeabi_fadd                             0x08000129   Thumb Code   164  fadd.o(.text)
    __aeabi_fsub                             0x080001cd   Thumb Code     6  fadd.o(.text)
    __aeabi_frsub                            0x080001d3   Thumb Code     6  fadd.o(.text)
    __aeabi_fmul                             0x080001d9   Thumb Code   100  fmul.o(.text)
    __aeabi_fdiv                             0x0800023d   Thumb Code   124  fdiv.o(.text)
    __aeabi_dmul                             0x080002b9   Thumb Code   228  dmul.o(.text)
    __aeabi_ddiv                             0x0800039d   Thumb Code   222  ddiv.o(.text)
    __aeabi_i2f                              0x0800047b   Thumb Code    18  fflti.o(.text)
    __aeabi_f2iz                             0x0800048d   Thumb Code    50  ffixi.o(.text)
    __aeabi_f2d                              0x080004bf   Thumb Code    38  f2d.o(.text)
    __aeabi_cdrcmple                         0x080004e5   Thumb Code    48  cdrcmple.o(.text)
    __aeabi_cfcmpeq                          0x08000515   Thumb Code     0  cfcmple.o(.text)
    __aeabi_cfcmple                          0x08000515   Thumb Code    20  cfcmple.o(.text)
    __aeabi_cfrcmple                         0x08000529   Thumb Code    20  cfrcmple.o(.text)
    __aeabi_uidiv                            0x0800053d   Thumb Code     0  uidiv.o(.text)
    __aeabi_uidivmod                         0x0800053d   Thumb Code    44  uidiv.o(.text)
    __aeabi_uldivmod                         0x08000569   Thumb Code    98  uldiv.o(.text)
    __I$use$fp                               0x080005cb   Thumb Code     0  iusefp.o(.text)
    _float_round                             0x080005cb   Thumb Code    18  fepilogue.o(.text)
    _float_epilogue                          0x080005dd   Thumb Code    92  fepilogue.o(.text)
    _double_round                            0x08000639   Thumb Code    30  depilogue.o(.text)
    _double_epilogue                         0x08000657   Thumb Code   156  depilogue.o(.text)
    __aeabi_dadd                             0x080006f3   Thumb Code   322  dadd.o(.text)
    __aeabi_dsub                             0x08000835   Thumb Code     6  dadd.o(.text)
    __aeabi_drsub                            0x0800083b   Thumb Code     6  dadd.o(.text)
    __aeabi_d2ulz                            0x08000841   Thumb Code    48  dfixul.o(.text)
    __scatterload                            0x08000871   Thumb Code    28  init.o(.text)
    __scatterload_rt2                        0x08000871   Thumb Code     0  init.o(.text)
    __aeabi_llsl                             0x08000895   Thumb Code    30  llshl.o(.text)
    _ll_shift_l                              0x08000895   Thumb Code     0  llshl.o(.text)
    __aeabi_llsr                             0x080008b3   Thumb Code    32  llushr.o(.text)
    _ll_ushift_r                             0x080008b3   Thumb Code     0  llushr.o(.text)
    __aeabi_lasr                             0x080008d3   Thumb Code    36  llsshr.o(.text)
    _ll_sshift_r                             0x080008d3   Thumb Code     0  llsshr.o(.text)
    BusFault_Handler                         0x080009a5   Thumb Code     4  stm32f10x_it.o(i.BusFault_Handler)
    CheckRange                               0x080009a9   Thumb Code    18  imu.o(i.CheckRange)
    DebugMon_Handler                         0x08000b51   Thumb Code     2  stm32f10x_it.o(i.DebugMon_Handler)
    Delay_ms                                 0x08000b53   Thumb Code    24  delay.o(i.Delay_ms)
    Delay_us                                 0x08000b6b   Thumb Code    46  delay.o(i.Delay_us)
    GPIO_Init                                0x08000ba5   Thumb Code   278  stm32f10x_gpio.o(i.GPIO_Init)
    GPIO_SetBits                             0x08000cbb   Thumb Code     4  stm32f10x_gpio.o(i.GPIO_SetBits)
    HardFault_Handler                        0x08000cbf   Thumb Code     4  stm32f10x_it.o(i.HardFault_Handler)
    IIC_Ack                                  0x08000cc5   Thumb Code    66  iic.o(i.IIC_Ack)
    IIC_Init                                 0x08000d15   Thumb Code    46  iic.o(i.IIC_Init)
    IIC_NAck                                 0x08000d49   Thumb Code    66  iic.o(i.IIC_NAck)
    IIC_Read_Byte                            0x08000d99   Thumb Code    98  iic.o(i.IIC_Read_Byte)
    IIC_Send_Byte                            0x08000e09   Thumb Code   104  iic.o(i.IIC_Send_Byte)
    IIC_Start                                0x08000e7d   Thumb Code    64  iic.o(i.IIC_Start)
    IIC_Stop                                 0x08000ec9   Thumb Code    62  iic.o(i.IIC_Stop)
    IIC_Wait_Ack                             0x08000f15   Thumb Code    86  iic.o(i.IIC_Wait_Ack)
    IICreadBytes                             0x08000f79   Thumb Code   122  iic.o(i.IICreadBytes)
    IICwriteBytes                            0x08000ff3   Thumb Code    92  iic.o(i.IICwriteBytes)
    IMU_Data_Process                         0x08001051   Thumb Code   446  imu.o(i.IMU_Data_Process)
    IMU_Init                                 0x0800127d   Thumb Code    44  imu.o(i.IMU_Init)
    MemManage_Handler                        0x080012b9   Thumb Code     4  stm32f10x_it.o(i.MemManage_Handler)
    NMI_Handler                              0x080012bd   Thumb Code     2  stm32f10x_it.o(i.NMI_Handler)
    NVIC_Init                                0x080012c1   Thumb Code   100  misc.o(i.NVIC_Init)
    NVIC_PriorityGroupConfig                 0x08001331   Thumb Code    10  misc.o(i.NVIC_PriorityGroupConfig)
    PendSV_Handler                           0x08001345   Thumb Code     2  stm32f10x_it.o(i.PendSV_Handler)
    RCC_APB1PeriphClockCmd                   0x08001349   Thumb Code    26  stm32f10x_rcc.o(i.RCC_APB1PeriphClockCmd)
    RCC_APB2PeriphClockCmd                   0x08001369   Thumb Code    26  stm32f10x_rcc.o(i.RCC_APB2PeriphClockCmd)
    RCC_GetClocksFreq                        0x08001389   Thumb Code   192  stm32f10x_rcc.o(i.RCC_GetClocksFreq)
    SVC_Handler                              0x0800145d   Thumb Code     2  stm32f10x_it.o(i.SVC_Handler)
    Serial_SendByte                          0x0800145f   Thumb Code    30  serial.o(i.Serial_SendByte)
    Serial_SendString                        0x0800147d   Thumb Code    30  serial.o(i.Serial_SendString)
    Serial_USART1_Init                       0x0800149d   Thumb Code   174  serial.o(i.Serial_USART1_Init)
    Serial_USART1_SendByte                   0x08001555   Thumb Code    28  serial.o(i.Serial_USART1_SendByte)
    Serial_USART2_Init                       0x08001575   Thumb Code   172  serial.o(i.Serial_USART2_Init)
    Serial_USART3_Init                       0x08001629   Thumb Code   126  serial.o(i.Serial_USART3_Init)
    Serial_USARTx_Init                       0x080016b1   Thumb Code    28  serial.o(i.Serial_USARTx_Init)
    SysTick_Handler                          0x08001905   Thumb Code     2  stm32f10x_it.o(i.SysTick_Handler)
    SystemInit                               0x08001909   Thumb Code    78  system_stm32f10x.o(i.SystemInit)
    TIM2_IRQHandler                          0x08001969   Thumb Code    22  timer.o(i.TIM2_IRQHandler)
    TIM2_Int_Init                            0x0800197f   Thumb Code   102  timer.o(i.TIM2_Int_Init)
    TIM3_IRQHandler                          0x080019e5   Thumb Code    84  timer.o(i.TIM3_IRQHandler)
    TIM3_Int_Init                            0x08001a4d   Thumb Code    90  timer.o(i.TIM3_Int_Init)
    TIM_ClearFlag                            0x08001aad   Thumb Code     6  stm32f10x_tim.o(i.TIM_ClearFlag)
    TIM_ClearITPendingBit                    0x08001ab3   Thumb Code     6  stm32f10x_tim.o(i.TIM_ClearITPendingBit)
    TIM_Cmd                                  0x08001ab9   Thumb Code    24  stm32f10x_tim.o(i.TIM_Cmd)
    TIM_GetITStatus                          0x08001ad1   Thumb Code    34  stm32f10x_tim.o(i.TIM_GetITStatus)
    TIM_ITConfig                             0x08001af3   Thumb Code    18  stm32f10x_tim.o(i.TIM_ITConfig)
    TIM_Init                                 0x08001b05   Thumb Code    26  timer.o(i.TIM_Init)
    TIM_TimeBaseInit                         0x08001b21   Thumb Code   122  stm32f10x_tim.o(i.TIM_TimeBaseInit)
    USART1_IRQHandler                        0x08001bc5   Thumb Code   214  serial.o(i.USART1_IRQHandler)
    USART2_IRQHandler                        0x08001cb1   Thumb Code   158  serial.o(i.USART2_IRQHandler)
    USART_ClearITPendingBit                  0x08001d65   Thumb Code    30  stm32f10x_usart.o(i.USART_ClearITPendingBit)
    USART_Cmd                                0x08001d83   Thumb Code    24  stm32f10x_usart.o(i.USART_Cmd)
    USART_GetFlagStatus                      0x08001d9b   Thumb Code    26  stm32f10x_usart.o(i.USART_GetFlagStatus)
    USART_GetITStatus                        0x08001db5   Thumb Code    84  stm32f10x_usart.o(i.USART_GetITStatus)
    USART_ITConfig                           0x08001e09   Thumb Code    74  stm32f10x_usart.o(i.USART_ITConfig)
    USART_Init                               0x08001e55   Thumb Code   210  stm32f10x_usart.o(i.USART_Init)
    USART_ReceiveData                        0x08001f2d   Thumb Code    10  stm32f10x_usart.o(i.USART_ReceiveData)
    USART_SendData                           0x08001f37   Thumb Code     8  stm32f10x_usart.o(i.USART_SendData)
    UsageFault_Handler                       0x08001f3f   Thumb Code     4  stm32f10x_it.o(i.UsageFault_Handler)
    WitDelayMsRegister                       0x08001f45   Thumb Code    18  imu.o(i.WitDelayMsRegister)
    WitI2cFuncRegister                       0x08001f5d   Thumb Code    30  imu.o(i.WitI2cFuncRegister)
    WitInit                                  0x08001f85   Thumb Code    30  imu.o(i.WitInit)
    WitReadReg                               0x08001fb1   Thumb Code   424  imu.o(i.WitReadReg)
    WitRegisterCallBack                      0x0800217d   Thumb Code    18  imu.o(i.WitRegisterCallBack)
    WitSetBandwidth                          0x08002195   Thumb Code    92  imu.o(i.WitSetBandwidth)
    WitSetUartBaud                           0x080021f9   Thumb Code    92  imu.o(i.WitSetUartBaud)
    WitStartAccCali                          0x0800225d   Thumb Code    72  imu.o(i.WitStartAccCali)
    WitStartMagCali                          0x080022ad   Thumb Code    72  imu.o(i.WitStartMagCali)
    WitStopMagCali                           0x080022fd   Thumb Code    72  imu.o(i.WitStopMagCali)
    WitWriteReg                              0x0800234d   Thumb Code   296  imu.o(i.WitWriteReg)
    __0printf                                0x08002489   Thumb Code    22  printfa.o(i.__0printf)
    __1printf                                0x08002489   Thumb Code     0  printfa.o(i.__0printf)
    __2printf                                0x08002489   Thumb Code     0  printfa.o(i.__0printf)
    __c89printf                              0x08002489   Thumb Code     0  printfa.o(i.__0printf)
    printf                                   0x08002489   Thumb Code     0  printfa.o(i.__0printf)
    __0sprintf                               0x080024a9   Thumb Code    34  printfa.o(i.__0sprintf)
    __1sprintf                               0x080024a9   Thumb Code     0  printfa.o(i.__0sprintf)
    __2sprintf                               0x080024a9   Thumb Code     0  printfa.o(i.__0sprintf)
    __c89sprintf                             0x080024a9   Thumb Code     0  printfa.o(i.__0sprintf)
    sprintf                                  0x080024a9   Thumb Code     0  printfa.o(i.__0sprintf)
    __scatterload_copy                       0x08002509   Thumb Code    14  handlers.o(i.__scatterload_copy)
    __scatterload_null                       0x08002517   Thumb Code     2  handlers.o(i.__scatterload_null)
    __scatterload_zeroinit                   0x08002519   Thumb Code    14  handlers.o(i.__scatterload_zeroinit)
    echo_init                                0x08002dbd   Thumb Code    64  echo.o(i.echo_init)
    fputc                                    0x08002e01   Thumb Code    16  serial.o(i.fputc)
    increment_pid_control                    0x08002e11   Thumb Code   154  control.o(i.increment_pid_control)
    main                                     0x08002eb5   Thumb Code    90  main.o(i.main)
    openmv_data_process                      0x08002f29   Thumb Code    50  openmv.o(i.openmv_data_process)
    pid_init                                 0x08002f65   Thumb Code    30  control.o(i.pid_init)
    set_pid_target                           0x08002f91   Thumb Code     6  control.o(i.set_pid_target)
    set_servo_angle                          0x08002f9d   Thumb Code    40  servo.o(i.set_servo_angle)
    set_up                                   0x08002fe5   Thumb Code    60  main.o(i.set_up)
    set_velocity                             0x08003029   Thumb Code    74  motor.o(i.set_velocity)
    standard_right                           0x08003091   Thumb Code    22  motor.o(i.standard_right)
    standard_stop                            0x080030a9   Thumb Code    12  motor.o(i.standard_stop)
    Region$$Table$$Base                      0x080033c8   Number         0  anon$$obj.o(Region$$Table)
    Region$$Table$$Limit                     0x080033e8   Number         0  anon$$obj.o(Region$$Table)
    Serial_RxFlag_USART1                     0x20000014   Data           1  serial.o(.data)
    Serial_RxFlag_USART2                     0x20000015   Data           1  serial.o(.data)
    voltage                                  0x2000001a   Data           3  motor.o(.data)
    velocity                                 0x2000001d   Data           4  motor.o(.data)
    stop_cmd                                 0x20000021   Data          19  motor.o(.data)
    target_x                                 0x20000034   Data           2  openmv.o(.data)
    auto_velocity                            0x20000064   Data           2  control.o(.data)
    PID_Status                               0x20000066   Data           1  control.o(.data)
    __stdout                                 0x20000068   Data           4  stdout.o(.data)
    Serial_RxPacket_USART1                   0x2000006c   Data         100  serial.o(.bss)
    Serial_RxPacket_USART2                   0x200000d0   Data         100  serial.o(.bss)
    encoder_total                            0x20000134   Data          16  motor.o(.bss)
    motor_cmd                                0x20000144   Data          20  motor.o(.bss)
    servo_cmd                                0x20000158   Data          20  servo.o(.bss)
    sReg                                     0x2000026c   Data         288  imu.o(.bss)
    IMU_Structure                            0x2000038c   Data          36  imu.o(.bss)
    g_speed_pid                              0x200003e4   Data          36  control.o(.bss)
    __initial_sp                             0x20000808   Data           0  startup_stm32f10x_md.o(STACK)



==============================================================================

Memory Map of the image

  Image Entry point : 0x080000ed

  Load Region LR_IROM1 (Base: 0x08000000, Size: 0x00003454, Max: 0x00080000, ABSOLUTE)

    Execution Region ER_IROM1 (Exec base: 0x08000000, Load base: 0x08000000, Size: 0x000033e8, Max: 0x00080000, ABSOLUTE)

    Exec Addr    Load Addr    Size         Type   Attr      Idx    E Section Name        Object

    0x08000000   0x08000000   0x000000ec   Data   RO            3    RESET               startup_stm32f10x_md.o
    0x080000ec   0x080000ec   0x00000000   Code   RO         4187  * .ARM.Collect$$$$00000000  mc_w.l(entry.o)
    0x080000ec   0x080000ec   0x00000004   Code   RO         4483    .ARM.Collect$$$$00000001  mc_w.l(entry2.o)
    0x080000f0   0x080000f0   0x00000004   Code   RO         4486    .ARM.Collect$$$$00000004  mc_w.l(entry5.o)
    0x080000f4   0x080000f4   0x00000000   Code   RO         4488    .ARM.Collect$$$$00000008  mc_w.l(entry7b.o)
    0x080000f4   0x080000f4   0x00000000   Code   RO         4490    .ARM.Collect$$$$0000000A  mc_w.l(entry8b.o)
    0x080000f4   0x080000f4   0x00000008   Code   RO         4491    .ARM.Collect$$$$0000000B  mc_w.l(entry9a.o)
    0x080000fc   0x080000fc   0x00000004   Code   RO         4498    .ARM.Collect$$$$0000000E  mc_w.l(entry12b.o)
    0x08000100   0x08000100   0x00000000   Code   RO         4493    .ARM.Collect$$$$0000000F  mc_w.l(entry10a.o)
    0x08000100   0x08000100   0x00000000   Code   RO         4495    .ARM.Collect$$$$00000011  mc_w.l(entry11a.o)
    0x08000100   0x08000100   0x00000004   Code   RO         4484    .ARM.Collect$$$$00002712  mc_w.l(entry2.o)
    0x08000104   0x08000104   0x00000024   Code   RO            4    .text               startup_stm32f10x_md.o
    0x08000128   0x08000128   0x000000b0   Code   RO         4457    .text               mf_w.l(fadd.o)
    0x080001d8   0x080001d8   0x00000064   Code   RO         4459    .text               mf_w.l(fmul.o)
    0x0800023c   0x0800023c   0x0000007c   Code   RO         4461    .text               mf_w.l(fdiv.o)
    0x080002b8   0x080002b8   0x000000e4   Code   RO         4463    .text               mf_w.l(dmul.o)
    0x0800039c   0x0800039c   0x000000de   Code   RO         4465    .text               mf_w.l(ddiv.o)
    0x0800047a   0x0800047a   0x00000012   Code   RO         4467    .text               mf_w.l(fflti.o)
    0x0800048c   0x0800048c   0x00000032   Code   RO         4471    .text               mf_w.l(ffixi.o)
    0x080004be   0x080004be   0x00000026   Code   RO         4473    .text               mf_w.l(f2d.o)
    0x080004e4   0x080004e4   0x00000030   Code   RO         4475    .text               mf_w.l(cdrcmple.o)
    0x08000514   0x08000514   0x00000014   Code   RO         4479    .text               mf_w.l(cfcmple.o)
    0x08000528   0x08000528   0x00000014   Code   RO         4481    .text               mf_w.l(cfrcmple.o)
    0x0800053c   0x0800053c   0x0000002c   Code   RO         4500    .text               mc_w.l(uidiv.o)
    0x08000568   0x08000568   0x00000062   Code   RO         4502    .text               mc_w.l(uldiv.o)
    0x080005ca   0x080005ca   0x00000000   Code   RO         4504    .text               mc_w.l(iusefp.o)
    0x080005ca   0x080005ca   0x0000006e   Code   RO         4505    .text               mf_w.l(fepilogue.o)
    0x08000638   0x08000638   0x000000ba   Code   RO         4507    .text               mf_w.l(depilogue.o)
    0x080006f2   0x080006f2   0x0000014e   Code   RO         4509    .text               mf_w.l(dadd.o)
    0x08000840   0x08000840   0x00000030   Code   RO         4511    .text               mf_w.l(dfixul.o)
    0x08000870   0x08000870   0x00000024   Code   RO         4513    .text               mc_w.l(init.o)
    0x08000894   0x08000894   0x0000001e   Code   RO         4515    .text               mc_w.l(llshl.o)
    0x080008b2   0x080008b2   0x00000020   Code   RO         4517    .text               mc_w.l(llushr.o)
    0x080008d2   0x080008d2   0x00000024   Code   RO         4519    .text               mc_w.l(llsshr.o)
    0x080008f6   0x080008f6   0x00000002   PAD
    0x080008f8   0x080008f8   0x000000ac   Code   RO         3835    i.AutoScanSensor    imu.o
    0x080009a4   0x080009a4   0x00000004   Code   RO         4087    i.BusFault_Handler  stm32f10x_it.o
    0x080009a8   0x080009a8   0x00000012   Code   RO         3836    i.CheckRange        imu.o
    0x080009ba   0x080009ba   0x00000002   PAD
    0x080009bc   0x080009bc   0x00000124   Code   RO         3837    i.CmdProcess        imu.o
    0x08000ae0   0x08000ae0   0x00000070   Code   RO         3839    i.CopeSensorData    imu.o
    0x08000b50   0x08000b50   0x00000002   Code   RO         4088    i.DebugMon_Handler  stm32f10x_it.o
    0x08000b52   0x08000b52   0x00000018   Code   RO         3196    i.Delay_ms          delay.o
    0x08000b6a   0x08000b6a   0x0000002e   Code   RO         3198    i.Delay_us          delay.o
    0x08000b98   0x08000b98   0x0000000c   Code   RO         3841    i.Delayms           imu.o
    0x08000ba4   0x08000ba4   0x00000116   Code   RO         1347    i.GPIO_Init         stm32f10x_gpio.o
    0x08000cba   0x08000cba   0x00000004   Code   RO         1355    i.GPIO_SetBits      stm32f10x_gpio.o
    0x08000cbe   0x08000cbe   0x00000004   Code   RO         4089    i.HardFault_Handler  stm32f10x_it.o
    0x08000cc2   0x08000cc2   0x00000002   PAD
    0x08000cc4   0x08000cc4   0x00000050   Code   RO         3481    i.IIC_Ack           iic.o
    0x08000d14   0x08000d14   0x00000034   Code   RO         3482    i.IIC_Init          iic.o
    0x08000d48   0x08000d48   0x00000050   Code   RO         3483    i.IIC_NAck          iic.o
    0x08000d98   0x08000d98   0x00000070   Code   RO         3484    i.IIC_Read_Byte     iic.o
    0x08000e08   0x08000e08   0x00000074   Code   RO         3486    i.IIC_Send_Byte     iic.o
    0x08000e7c   0x08000e7c   0x0000004c   Code   RO         3488    i.IIC_Start         iic.o
    0x08000ec8   0x08000ec8   0x0000004c   Code   RO         3489    i.IIC_Stop          iic.o
    0x08000f14   0x08000f14   0x00000064   Code   RO         3490    i.IIC_Wait_Ack      iic.o
    0x08000f78   0x08000f78   0x0000007a   Code   RO         3491    i.IICreadBytes      iic.o
    0x08000ff2   0x08000ff2   0x0000005c   Code   RO         3492    i.IICwriteBytes     iic.o
    0x0800104e   0x0800104e   0x00000002   PAD
    0x08001050   0x08001050   0x0000022c   Code   RO         3842    i.IMU_Data_Process  imu.o
    0x0800127c   0x0800127c   0x0000003c   Code   RO         3843    i.IMU_Init          imu.o
    0x080012b8   0x080012b8   0x00000004   Code   RO         4090    i.MemManage_Handler  stm32f10x_it.o
    0x080012bc   0x080012bc   0x00000002   Code   RO         4091    i.NMI_Handler       stm32f10x_it.o
    0x080012be   0x080012be   0x00000002   PAD
    0x080012c0   0x080012c0   0x00000070   Code   RO          137    i.NVIC_Init         misc.o
    0x08001330   0x08001330   0x00000014   Code   RO          138    i.NVIC_PriorityGroupConfig  misc.o
    0x08001344   0x08001344   0x00000002   Code   RO         4092    i.PendSV_Handler    stm32f10x_it.o
    0x08001346   0x08001346   0x00000002   PAD
    0x08001348   0x08001348   0x00000020   Code   RO         1775    i.RCC_APB1PeriphClockCmd  stm32f10x_rcc.o
    0x08001368   0x08001368   0x00000020   Code   RO         1777    i.RCC_APB2PeriphClockCmd  stm32f10x_rcc.o
    0x08001388   0x08001388   0x000000d4   Code   RO         1785    i.RCC_GetClocksFreq  stm32f10x_rcc.o
    0x0800145c   0x0800145c   0x00000002   Code   RO         4093    i.SVC_Handler       stm32f10x_it.o
    0x0800145e   0x0800145e   0x0000001e   Code   RO         3292    i.Serial_SendByte   serial.o
    0x0800147c   0x0800147c   0x0000001e   Code   RO         3294    i.Serial_SendString  serial.o
    0x0800149a   0x0800149a   0x00000002   PAD
    0x0800149c   0x0800149c   0x000000b8   Code   RO         3295    i.Serial_USART1_Init  serial.o
    0x08001554   0x08001554   0x00000020   Code   RO         3297    i.Serial_USART1_SendByte  serial.o
    0x08001574   0x08001574   0x000000b4   Code   RO         3300    i.Serial_USART2_Init  serial.o
    0x08001628   0x08001628   0x00000088   Code   RO         3305    i.Serial_USART3_Init  serial.o
    0x080016b0   0x080016b0   0x0000001c   Code   RO         3310    i.Serial_USARTx_Init  serial.o
    0x080016cc   0x080016cc   0x00000008   Code   RO           24    i.SetSysClock       system_stm32f10x.o
    0x080016d4   0x080016d4   0x000000e0   Code   RO           25    i.SetSysClockTo72   system_stm32f10x.o
    0x080017b4   0x080017b4   0x00000150   Code   RO         3844    i.ShowHelp          imu.o
    0x08001904   0x08001904   0x00000002   Code   RO         4094    i.SysTick_Handler   stm32f10x_it.o
    0x08001906   0x08001906   0x00000002   PAD
    0x08001908   0x08001908   0x00000060   Code   RO           27    i.SystemInit        system_stm32f10x.o
    0x08001968   0x08001968   0x00000016   Code   RO         3757    i.TIM2_IRQHandler   timer.o
    0x0800197e   0x0800197e   0x00000066   Code   RO         3758    i.TIM2_Int_Init     timer.o
    0x080019e4   0x080019e4   0x00000068   Code   RO         3759    i.TIM3_IRQHandler   timer.o
    0x08001a4c   0x08001a4c   0x00000060   Code   RO         3760    i.TIM3_Int_Init     timer.o
    0x08001aac   0x08001aac   0x00000006   Code   RO         2415    i.TIM_ClearFlag     stm32f10x_tim.o
    0x08001ab2   0x08001ab2   0x00000006   Code   RO         2416    i.TIM_ClearITPendingBit  stm32f10x_tim.o
    0x08001ab8   0x08001ab8   0x00000018   Code   RO         2421    i.TIM_Cmd           stm32f10x_tim.o
    0x08001ad0   0x08001ad0   0x00000022   Code   RO         2442    i.TIM_GetITStatus   stm32f10x_tim.o
    0x08001af2   0x08001af2   0x00000012   Code   RO         2446    i.TIM_ITConfig      stm32f10x_tim.o
    0x08001b04   0x08001b04   0x0000001a   Code   RO         3761    i.TIM_Init          timer.o
    0x08001b1e   0x08001b1e   0x00000002   PAD
    0x08001b20   0x08001b20   0x000000a4   Code   RO         2492    i.TIM_TimeBaseInit  stm32f10x_tim.o
    0x08001bc4   0x08001bc4   0x000000ec   Code   RO         3311    i.USART1_IRQHandler  serial.o
    0x08001cb0   0x08001cb0   0x000000b4   Code   RO         3312    i.USART2_IRQHandler  serial.o
    0x08001d64   0x08001d64   0x0000001e   Code   RO         2957    i.USART_ClearITPendingBit  stm32f10x_usart.o
    0x08001d82   0x08001d82   0x00000018   Code   RO         2960    i.USART_Cmd         stm32f10x_usart.o
    0x08001d9a   0x08001d9a   0x0000001a   Code   RO         2963    i.USART_GetFlagStatus  stm32f10x_usart.o
    0x08001db4   0x08001db4   0x00000054   Code   RO         2964    i.USART_GetITStatus  stm32f10x_usart.o
    0x08001e08   0x08001e08   0x0000004a   Code   RO         2966    i.USART_ITConfig    stm32f10x_usart.o
    0x08001e52   0x08001e52   0x00000002   PAD
    0x08001e54   0x08001e54   0x000000d8   Code   RO         2967    i.USART_Init        stm32f10x_usart.o
    0x08001f2c   0x08001f2c   0x0000000a   Code   RO         2974    i.USART_ReceiveData  stm32f10x_usart.o
    0x08001f36   0x08001f36   0x00000008   Code   RO         2977    i.USART_SendData    stm32f10x_usart.o
    0x08001f3e   0x08001f3e   0x00000004   Code   RO         4095    i.UsageFault_Handler  stm32f10x_it.o
    0x08001f42   0x08001f42   0x00000002   PAD
    0x08001f44   0x08001f44   0x00000018   Code   RO         3848    i.WitDelayMsRegister  imu.o
    0x08001f5c   0x08001f5c   0x00000028   Code   RO         3849    i.WitI2cFuncRegister  imu.o
    0x08001f84   0x08001f84   0x0000002c   Code   RO         3850    i.WitInit           imu.o
    0x08001fb0   0x08001fb0   0x000001cc   Code   RO         3851    i.WitReadReg        imu.o
    0x0800217c   0x0800217c   0x00000018   Code   RO         3852    i.WitRegisterCallBack  imu.o
    0x08002194   0x08002194   0x00000064   Code   RO         3855    i.WitSetBandwidth   imu.o
    0x080021f8   0x080021f8   0x00000064   Code   RO         3859    i.WitSetUartBaud    imu.o
    0x0800225c   0x0800225c   0x00000050   Code   RO         3860    i.WitStartAccCali   imu.o
    0x080022ac   0x080022ac   0x00000050   Code   RO         3861    i.WitStartMagCali   imu.o
    0x080022fc   0x080022fc   0x00000050   Code   RO         3863    i.WitStopMagCali    imu.o
    0x0800234c   0x0800234c   0x0000013c   Code   RO         3864    i.WitWriteReg       imu.o
    0x08002488   0x08002488   0x00000020   Code   RO         4429    i.__0printf         mc_w.l(printfa.o)
    0x080024a8   0x080024a8   0x00000028   Code   RO         4431    i.__0sprintf        mc_w.l(printfa.o)
    0x080024d0   0x080024d0   0x00000038   Code   RO         3865    i.__CRC16           imu.o
    0x08002508   0x08002508   0x0000000e   Code   RO         4523    i.__scatterload_copy  mc_w.l(handlers.o)
    0x08002516   0x08002516   0x00000002   Code   RO         4524    i.__scatterload_null  mc_w.l(handlers.o)
    0x08002518   0x08002518   0x0000000e   Code   RO         4525    i.__scatterload_zeroinit  mc_w.l(handlers.o)
    0x08002526   0x08002526   0x00000002   PAD
    0x08002528   0x08002528   0x00000184   Code   RO         4436    i._fp_digits        mc_w.l(printfa.o)
    0x080026ac   0x080026ac   0x000006b4   Code   RO         4437    i._printf_core      mc_w.l(printfa.o)
    0x08002d60   0x08002d60   0x00000024   Code   RO         4438    i._printf_post_padding  mc_w.l(printfa.o)
    0x08002d84   0x08002d84   0x0000002e   Code   RO         4439    i._printf_pre_padding  mc_w.l(printfa.o)
    0x08002db2   0x08002db2   0x0000000a   Code   RO         4441    i._sputc            mc_w.l(printfa.o)
    0x08002dbc   0x08002dbc   0x00000044   Code   RO         3811    i.echo_init         echo.o
    0x08002e00   0x08002e00   0x00000010   Code   RO         3313    i.fputc             serial.o
    0x08002e10   0x08002e10   0x000000a4   Code   RO         4150    i.increment_pid_control  control.o
    0x08002eb4   0x08002eb4   0x00000074   Code   RO         4042    i.main              main.o
    0x08002f28   0x08002f28   0x0000003c   Code   RO         3715    i.openmv_data_process  openmv.o
    0x08002f64   0x08002f64   0x0000002c   Code   RO         4151    i.pid_init          control.o
    0x08002f90   0x08002f90   0x0000000c   Code   RO         4153    i.set_pid_target    control.o
    0x08002f9c   0x08002f9c   0x00000048   Code   RO         3687    i.set_servo_angle   servo.o
    0x08002fe4   0x08002fe4   0x00000044   Code   RO         4043    i.set_up            main.o
    0x08003028   0x08003028   0x00000068   Code   RO         3559    i.set_velocity      motor.o
    0x08003090   0x08003090   0x00000016   Code   RO         3573    i.standard_right    motor.o
    0x080030a6   0x080030a6   0x00000002   PAD
    0x080030a8   0x080030a8   0x00000014   Code   RO         3575    i.standard_stop     motor.o
    0x080030bc   0x080030bc   0x00000200   Data   RO         3868    .constdata          imu.o
    0x080032bc   0x080032bc   0x00000109   Data   RO         3869    .conststring        imu.o
    0x080033c5   0x080033c5   0x00000003   PAD
    0x080033c8   0x080033c8   0x00000020   Data   RO         4521    Region$$Table       anon$$obj.o


    Execution Region RW_IRAM1 (Exec base: 0x20000000, Load base: 0x080033e8, Size: 0x00000808, Max: 0x00010000, ABSOLUTE)

    Exec Addr    Load Addr    Size         Type   Attr      Idx    E Section Name        Object

    0x20000000   0x080033e8   0x00000014   Data   RW         1805    .data               stm32f10x_rcc.o
    0x20000014   0x080033fc   0x00000006   Data   RW         3315    .data               serial.o
    0x2000001a   0x08003402   0x0000001a   Data   RW         3577    .data               motor.o
    0x20000034   0x0800341c   0x00000002   Data   RW         3716    .data               openmv.o
    0x20000036   0x0800341e   0x00000002   PAD
    0x20000038   0x08003420   0x0000002b   Data   RW         3870    .data               imu.o
    0x20000063   0x0800344b   0x00000001   PAD
    0x20000064   0x0800344c   0x00000003   Data   RW         4155    .data               control.o
    0x20000067   0x0800344f   0x00000001   PAD
    0x20000068   0x08003450   0x00000004   Data   RW         4499    .data               mc_w.l(stdout.o)
    0x2000006c        -       0x000000c8   Zero   RW         3314    .bss                serial.o
    0x20000134        -       0x00000024   Zero   RW         3576    .bss                motor.o
    0x20000158        -       0x00000014   Zero   RW         3688    .bss                servo.o
    0x2000016c        -       0x00000276   Zero   RW         3867    .bss                imu.o
    0x200003e2   0x08003454   0x00000002   PAD
    0x200003e4        -       0x00000024   Zero   RW         4154    .bss                control.o
    0x20000408        -       0x00000400   Zero   RW            1    STACK               startup_stm32f10x_md.o


==============================================================================

Image component sizes


      Code (inc. data)   RO Data    RW Data    ZI Data      Debug   Object Name

       220         30          0          3         36       2463   control.o
         0          0          0          0          0       4508   core_cm3.o
        70          0          0          0          0        834   delay.o
        68          4          0          0          0        436   echo.o
       906        100          0          0          0       5361   iic.o
      2962        758        777         43        630      13143   imu.o
       184         34          0          0          0        832   main.o
       132         22          0          0          0     205931   misc.o
       146         38          0         26         36       2112   motor.o
        60         10          0          2          0        585   openmv.o
      1052         76          0          6        200       8017   serial.o
        72         32          0          0         20        974   servo.o
        36          8        236          0       1024        772   startup_stm32f10x_md.o
         0          0          0          0          0       1612   stm32f10x_adc.o
       282          0          0          0          0      10523   stm32f10x_gpio.o
        26          0          0          0          0       3342   stm32f10x_it.o
       276         32          0         20          0      12710   stm32f10x_rcc.o
       252         42          0          0          0      23790   stm32f10x_tim.o
       472          6          0          0          0      12031   stm32f10x_usart.o
       328         28          0          0          0      44861   system_stm32f10x.o
       350         26          0          0          0       2387   timer.o

    ----------------------------------------------------------------------
      7916       1246       1048        104       1948     357224   Object Totals
         0          0         32          0          0          0   (incl. Generated)
        22          0          3          4          2          0   (incl. Padding)

    ----------------------------------------------------------------------

      Code (inc. data)   RO Data    RW Data    ZI Data      Debug   Library Member Name

         0          0          0          0          0          0   entry.o
         0          0          0          0          0          0   entry10a.o
         0          0          0          0          0          0   entry11a.o
         4          0          0          0          0          0   entry12b.o
         8          4          0          0          0          0   entry2.o
         4          0          0          0          0          0   entry5.o
         0          0          0          0          0          0   entry7b.o
         0          0          0          0          0          0   entry8b.o
         8          4          0          0          0          0   entry9a.o
        30          0          0          0          0          0   handlers.o
        36          8          0          0          0         68   init.o
         0          0          0          0          0          0   iusefp.o
        30          0          0          0          0         68   llshl.o
        36          0          0          0          0         68   llsshr.o
        32          0          0          0          0         68   llushr.o
      2268         96          0          0          0        616   printfa.o
         0          0          0          4          0          0   stdout.o
        44          0          0          0          0         80   uidiv.o
        98          0          0          0          0         92   uldiv.o
        48          0          0          0          0         68   cdrcmple.o
        20          0          0          0          0         68   cfcmple.o
        20          0          0          0          0         68   cfrcmple.o
       334          0          0          0          0        148   dadd.o
       222          0          0          0          0        100   ddiv.o
       186          0          0          0          0        176   depilogue.o
        48          0          0          0          0         68   dfixul.o
       228          0          0          0          0         96   dmul.o
        38          0          0          0          0         68   f2d.o
       176          0          0          0          0        140   fadd.o
       124          0          0          0          0         88   fdiv.o
       110          0          0          0          0        168   fepilogue.o
        50          0          0          0          0         68   ffixi.o
        18          0          0          0          0         68   fflti.o
       100          0          0          0          0         76   fmul.o

    ----------------------------------------------------------------------
      4324        112          0          4          0       2528   Library Totals
         4          0          0          0          0          0   (incl. Padding)

    ----------------------------------------------------------------------

      Code (inc. data)   RO Data    RW Data    ZI Data      Debug   Library Name

      2598        112          0          4          0       1060   mc_w.l
      1722          0          0          0          0       1468   mf_w.l

    ----------------------------------------------------------------------
      4324        112          0          4          0       2528   Library Totals

    ----------------------------------------------------------------------

==============================================================================


      Code (inc. data)   RO Data    RW Data    ZI Data      Debug   

     12240       1358       1048        108       1948     354028   Grand Totals
     12240       1358       1048        108       1948     354028   ELF Image Totals
     12240       1358       1048        108          0          0   ROM Totals

==============================================================================

    Total RO  Size (Code + RO Data)                13288 (  12.98kB)
    Total RW  Size (RW Data + ZI Data)              2056 (   2.01kB)
    Total ROM Size (Code + RO Data + RW Data)      13396 (  13.08kB)

==============================================================================

