Component: ARM Compiler 5.06 update 7 (build 960) Tool: armlink [4d3601]

==============================================================================

Section Cross References

    system_stm32f10x.o(i.SetSysClock) refers to system_stm32f10x.o(i.SetSysClockTo72) for SetSysClockTo72
    system_stm32f10x.o(i.SystemCoreClockUpdate) refers to system_stm32f10x.o(.data) for SystemCoreClock
    system_stm32f10x.o(i.SystemInit) refers to system_stm32f10x.o(i.SetSysClock) for SetSysClock
    startup_stm32f10x_hd.o(RESET) refers to startup_stm32f10x_hd.o(STACK) for __initial_sp
    startup_stm32f10x_hd.o(RESET) refers to startup_stm32f10x_hd.o(.text) for Reset_Handler
    startup_stm32f10x_hd.o(RESET) refers to stm32f10x_it.o(i.NMI_Handler) for NMI_Handler
    startup_stm32f10x_hd.o(RESET) refers to stm32f10x_it.o(i.HardFault_Handler) for HardFault_Handler
    startup_stm32f10x_hd.o(RESET) refers to stm32f10x_it.o(i.MemManage_Handler) for MemManage_Handler
    startup_stm32f10x_hd.o(RESET) refers to stm32f10x_it.o(i.BusFault_Handler) for BusFault_Handler
    startup_stm32f10x_hd.o(RESET) refers to stm32f10x_it.o(i.UsageFault_Handler) for UsageFault_Handler
    startup_stm32f10x_hd.o(RESET) refers to stm32f10x_it.o(i.SVC_Handler) for SVC_Handler
    startup_stm32f10x_hd.o(RESET) refers to stm32f10x_it.o(i.DebugMon_Handler) for DebugMon_Handler
    startup_stm32f10x_hd.o(RESET) refers to stm32f10x_it.o(i.PendSV_Handler) for PendSV_Handler
    startup_stm32f10x_hd.o(RESET) refers to stm32f10x_it.o(i.SysTick_Handler) for SysTick_Handler
    startup_stm32f10x_hd.o(RESET) refers to key.o(i.EXTI0_IRQHandler) for EXTI0_IRQHandler
    startup_stm32f10x_hd.o(RESET) refers to key.o(i.EXTI3_IRQHandler) for EXTI3_IRQHandler
    startup_stm32f10x_hd.o(RESET) refers to key.o(i.EXTI4_IRQHandler) for EXTI4_IRQHandler
    startup_stm32f10x_hd.o(RESET) refers to timer.o(i.TIM2_IRQHandler) for TIM2_IRQHandler
    startup_stm32f10x_hd.o(RESET) refers to timer.o(i.TIM3_IRQHandler) for TIM3_IRQHandler
    startup_stm32f10x_hd.o(RESET) refers to timer.o(i.TIM4_IRQHandler) for TIM4_IRQHandler
    startup_stm32f10x_hd.o(RESET) refers to serial.o(i.USART1_IRQHandler) for USART1_IRQHandler
    startup_stm32f10x_hd.o(RESET) refers to serial.o(i.USART2_IRQHandler) for USART2_IRQHandler
    startup_stm32f10x_hd.o(RESET) refers to serial.o(i.USART3_IRQHandler) for USART3_IRQHandler
    startup_stm32f10x_hd.o(RESET) refers to serial.o(i.UART4_IRQHandler) for UART4_IRQHandler
    startup_stm32f10x_hd.o(RESET) refers to serial.o(i.UART5_IRQHandler) for UART5_IRQHandler
    startup_stm32f10x_hd.o(.text) refers to system_stm32f10x.o(i.SystemInit) for SystemInit
    startup_stm32f10x_hd.o(.text) refers to entry.o(.ARM.Collect$$$$00000000) for __main
    stm32f10x_adc.o(i.ADC_DeInit) refers to stm32f10x_rcc.o(i.RCC_APB2PeriphResetCmd) for RCC_APB2PeriphResetCmd
    stm32f10x_bkp.o(i.BKP_DeInit) refers to stm32f10x_rcc.o(i.RCC_BackupResetCmd) for RCC_BackupResetCmd
    stm32f10x_can.o(i.CAN_DeInit) refers to stm32f10x_rcc.o(i.RCC_APB1PeriphResetCmd) for RCC_APB1PeriphResetCmd
    stm32f10x_can.o(i.CAN_GetITStatus) refers to stm32f10x_can.o(i.CheckITStatus) for CheckITStatus
    stm32f10x_cec.o(i.CEC_DeInit) refers to stm32f10x_rcc.o(i.RCC_APB1PeriphResetCmd) for RCC_APB1PeriphResetCmd
    stm32f10x_dac.o(i.DAC_DeInit) refers to stm32f10x_rcc.o(i.RCC_APB1PeriphResetCmd) for RCC_APB1PeriphResetCmd
    stm32f10x_flash.o(i.FLASH_EnableWriteProtection) refers to stm32f10x_flash.o(i.FLASH_WaitForLastOperation) for FLASH_WaitForLastOperation
    stm32f10x_flash.o(i.FLASH_EraseAllBank1Pages) refers to stm32f10x_flash.o(i.FLASH_WaitForLastBank1Operation) for FLASH_WaitForLastBank1Operation
    stm32f10x_flash.o(i.FLASH_EraseAllPages) refers to stm32f10x_flash.o(i.FLASH_WaitForLastOperation) for FLASH_WaitForLastOperation
    stm32f10x_flash.o(i.FLASH_EraseOptionBytes) refers to stm32f10x_flash.o(i.FLASH_GetReadOutProtectionStatus) for FLASH_GetReadOutProtectionStatus
    stm32f10x_flash.o(i.FLASH_EraseOptionBytes) refers to stm32f10x_flash.o(i.FLASH_WaitForLastOperation) for FLASH_WaitForLastOperation
    stm32f10x_flash.o(i.FLASH_ErasePage) refers to stm32f10x_flash.o(i.FLASH_WaitForLastOperation) for FLASH_WaitForLastOperation
    stm32f10x_flash.o(i.FLASH_ProgramHalfWord) refers to stm32f10x_flash.o(i.FLASH_WaitForLastOperation) for FLASH_WaitForLastOperation
    stm32f10x_flash.o(i.FLASH_ProgramOptionByteData) refers to stm32f10x_flash.o(i.FLASH_WaitForLastOperation) for FLASH_WaitForLastOperation
    stm32f10x_flash.o(i.FLASH_ProgramWord) refers to stm32f10x_flash.o(i.FLASH_WaitForLastOperation) for FLASH_WaitForLastOperation
    stm32f10x_flash.o(i.FLASH_ReadOutProtection) refers to stm32f10x_flash.o(i.FLASH_WaitForLastOperation) for FLASH_WaitForLastOperation
    stm32f10x_flash.o(i.FLASH_UserOptionByteConfig) refers to stm32f10x_flash.o(i.FLASH_WaitForLastOperation) for FLASH_WaitForLastOperation
[...]
    i.OLED_ShowNum                           0x08002cb0   Section        0  oled.o(i.OLED_ShowNum)
    i.OLED_ShowString                        0x08002cf4   Section        0  oled.o(i.OLED_ShowString)
    i.OLED_WriteCommand                      0x08002d1c   Section        0  oled.o(i.OLED_WriteCommand)
    i.OLED_WriteData                         0x08002d3c   Section        0  oled.o(i.OLED_WriteData)
    i.PendSV_Handler                         0x08002d5c   Section        0  stm32f10x_it.o(i.PendSV_Handler)
    i.Power_Init                             0x08002d60   Section        0  power.o(i.Power_Init)
    i.Power_Set                              0x08002d94   Section        0  power.o(i.Power_Set)
    i.RCC_APB1PeriphClockCmd                 0x08002db8   Section        0  stm32f10x_rcc.o(i.RCC_APB1PeriphClockCmd)
    i.RCC_APB2PeriphClockCmd                 0x08002dd8   Section        0  stm32f10x_rcc.o(i.RCC_APB2PeriphClockCmd)
    i.RCC_GetClocksFreq                      0x08002df8   Section        0  stm32f10x_rcc.o(i.RCC_GetClocksFreq)
    i.SVC_Handler                            0x08002ecc   Section        0  stm32f10x_it.o(i.SVC_Handler)
    i.Serial_SendArray                       0x08002ece   Section        0  serial.o(i.Serial_SendArray)
    i.Serial_SendByte                        0x08002ef0   Section        0  serial.o(i.Serial_SendByte)
    i.Serial_SendString                      0x08002f0e   Section        0  serial.o(i.Serial_SendString)
    i.Serial_UART4_Init                      0x08002f2c   Section        0  serial.o(i.Serial_UART4_Init)
    i.Serial_UART5_Init                      0x08002fe4   Section        0  serial.o(i.Serial_UART5_Init)
    i.Serial_USART1_Init                     0x080030a0   Section        0  serial.o(i.Serial_USART1_Init)
    i.Serial_USART2_Init                     0x08003158   Section        0  serial.o(i.Serial_USART2_Init)
    i.Serial_USART3_Init                     0x0800320c   Section        0  serial.o(i.Serial_USART3_Init)
    i.Serial_USARTx_Init                     0x080032c4   Section        0  serial.o(i.Serial_USARTx_Init)
    i.SetSysClock                            0x080032f0   Section        0  system_stm32f10x.o(i.SetSysClock)
    SetSysClock                              0x080032f1   Thumb Code     8  system_stm32f10x.o(i.SetSysClock)
    i.SetSysClockTo72                        0x080032f8   Section        0  system_stm32f10x.o(i.SetSysClockTo72)
    SetSysClockTo72                          0x080032f9   Thumb Code   214  system_stm32f10x.o(i.SetSysClockTo72)
    i.ShowHelp                               0x080033d8   Section        0  imu.o(i.ShowHelp)
    ShowHelp                                 0x080033d9   Thumb Code    58  imu.o(i.ShowHelp)
    i.SysTick_CLKSourceConfig                0x08003528   Section        0  misc.o(i.SysTick_CLKSourceConfig)
    i.SysTick_Handler                        0x08003550   Section        0  stm32f10x_it.o(i.SysTick_Handler)
    i.SystemInit                             0x08003554   Section        0  system_stm32f10x.o(i.SystemInit)
    i.TIM2_IRQHandler                        0x080035b4   Section        0  timer.o(i.TIM2_IRQHandler)
    i.TIM2_Int_Init                          0x080035ca   Section        0  timer.o(i.TIM2_Int_Init)
    i.TIM3_IRQHandler                        0x08003628   Section        0  timer.o(i.TIM3_IRQHandler)
    i.TIM3_Int_Init                          0x0800364c   Section        0  timer.o(i.TIM3_Int_Init)
    i.TIM4_IRQHandler                        0x080036a4   Section        0  timer.o(i.TIM4_IRQHandler)
    i.TIM4_Int_Init                          0x080036dc   Section        0  timer.o(i.TIM4_Int_Init)
    i.TIM_ClearFlag                          0x0800373c   Section        0  stm32f10x_tim.o(i.TIM_ClearFlag)
    i.TIM_ClearITPendingBit                  0x08003742   Section        0  stm32f10x_tim.o(i.TIM_ClearITPendingBit)
    i.TIM_Cmd                                0x08003748   Section        0  stm32f10x_tim.o(i.TIM_Cmd)
    i.TIM_GetCounter                         0x08003760   Section        0  stm32f10x_tim.o(i.TIM_GetCounter)
    i.TIM_GetITStatus                        0x08003766   Section        0  stm32f10x_tim.o(i.TIM_GetITStatus)
    i.TIM_ITConfig                           0x08003788   Section        0  stm32f10x_tim.o(i.TIM_ITConfig)
    i.TIM_Init                               0x0800379a   Section        0  timer.o(i.TIM_Init)
    i.TIM_SetCounter                         0x080037be   Section        0  stm32f10x_tim.o(i.TIM_SetCounter)
    i.TIM_TimeBaseInit                       0x080037c4   Section        0  stm32f10x_tim.o(i.TIM_TimeBaseInit)
    i.TOF_Decode                             0x08003868   Section        0  tof.o(i.TOF_Decode)
    i.TOF_GetData                            0x080039b8   Section        0  tof.o(i.TOF_GetData)
    i.TOF_Init                               0x08003a2c   Section        0  tof.o(i.TOF_Init)
    i.TOF_SetStandard                        0x08003a50   Section        0  tof.o(i.TOF_SetStandard)
    i.TOF_Start                              0x08003a84   Section        0  tof.o(i.TOF_Start)
    i.UART4_IRQHandler                       0x08003ab4   Section        0  serial.o(i.UART4_IRQHandler)
    i.UART5_IRQHandler                       0x08003aec   Section        0  serial.o(i.UART5_IRQHandler)
    i.USART1_IRQHandler                      0x08003ba0   Section        0  serial.o(i.USART1_IRQHandler)
    i.USART2_IRQHandler                      0x08003c54   Section        0  serial.o(i.USART2_IRQHandler)
    i.USART3_IRQHandler                      0x08003d08   Section        0  serial.o(i.USART3_IRQHandler)
    i.USART_ClearITPendingBit                0x08003d34   Section        0  stm32f10x_usart.o(i.USART_ClearITPendingBit)
    i.USART_Cmd                              0x08003d52   Section        0  stm32f10x_usart.o(i.USART_Cmd)
    i.USART_GetFlagStatus                    0x08003d6a   Section        0  stm32f10x_usart.o(i.USART_GetFlagStatus)
    i.USART_GetITStatus                      0x08003d84   Section        0  stm32f10x_usart.o(i.USART_GetITStatus)
    i.USART_ITConfig                         0x08003dd8   Section        0  stm32f10x_usart.o(i.USART_ITConfig)
    i.USART_Init                             0x08003e24   Section        0  stm32f10x_usart.o(i.USART_Init)
    i.USART_ReceiveData                      0x08003efc   Section        0  stm32f10x_usart.o(i.USART_ReceiveData)
    i.USART_SendData                         0x08003f06   Section        0  stm32f10x_usart.o(i.USART_SendData)
    i.UsageFault_Handler                     0x08003f0e   Section        0  stm32f10x_it.o(i.UsageFault_Handler)
    i.WitDelayMsRegister                     0x08003f14   Section        0  imu.o(i.WitDelayMsRegister)
    i.WitI2cFuncRegister                     0x08003f2c   Section        0  imu.o(i.WitI2cFuncRegister)
    i.WitInit                                0x08003f54   Section        0  imu.o(i.WitInit)
    i.WitReadReg                             0x08003f80   Section        0  imu.o(i.WitReadReg)
    i.WitRegisterCallBack                    0x0800414c   Section        0  imu.o(i.WitRegisterCallBack)
    i.WitSetBandwidth                        0x08004164   Section        0  imu.o(i.WitSetBandwidth)
    i.WitSetUartBaud                         0x080041c8   Section        0  imu.o(i.WitSetUartBaud)
    i.WitStartAccCali                        0x0800422c   Section        0  imu.o(i.WitStartAccCali)
    i.WitStartMagCali                        0x0800427c   Section        0  imu.o(i.WitStartMagCali)
    i.WitStopMagCali                         0x080042cc   Section        0  imu.o(i.WitStopMagCali)
    i.WitWriteReg                            0x0800431c   Section        0  imu.o(i.WitWriteReg)
    i.__0printf                              0x08004458   Section        0  printfa.o(i.__0printf)
    i.__0sprintf                             0x08004478   Section        0  printfa.o(i.__0sprintf)
    i.__CRC16                                0x080044a0   Section        0  imu.o(i.__CRC16)
    __CRC16                                  0x080044a1   Thumb Code    48  imu.o(i.__CRC16)
    i.__scatterload_copy                     0x080044d8   Section       14  handlers.o(i.__scatterload_copy)
    i.__scatterload_null                     0x080044e6   Section        2  handlers.o(i.__scatterload_null)
    i.__scatterload_zeroinit                 0x080044e8   Section       14  handlers.o(i.__scatterload_zeroinit)
    i._fp_digits                             0x080044f8   Section        0  printfa.o(i._fp_digits)
    _fp_digits                               0x080044f9   Thumb Code   366  printfa.o(i._fp_digits)
    i._is_digit                              0x0800467c   Section        0  scanf_fp.o(i._is_digit)
    i._printf_core                           0x0800468c   Section        0  printfa.o(i._printf_core)
    _printf_core                             0x0800468d   Thumb Code  1704  printfa.o(i._printf_core)
    i._printf_post_padding                   0x08004d40   Section        0  printfa.o(i._printf_post_padding)
    _printf_post_padding                     0x08004d41   Thumb Code    36  printfa.o(i._printf_post_padding)
    i._printf_pre_padding                    0x08004d64   Section        0  printfa.o(i._printf_pre_padding)
    _printf_pre_padding                      0x08004d65   Thumb Code    46  printfa.o(i._printf_pre_padding)
    i._sputc                                 0x08004d92   Section        0  printfa.o(i._sputc)
    _sputc                                   0x08004d93   Thumb Code    10  printfa.o(i._sputc)
    i.attitude_algorithm                     0x08004d9c   Section        0  attitude.o(i.attitude_algorithm)
    i.attitude_init                          0x080051ae   Section        0  attitude.o(i.attitude_init)
    i.debug_analysis                         0x080051f4   Section        0  debug.o(i.debug_analysis)
    i.debug_init                             0x0800567c   Section        0  debug.o(i.debug_init)
    i.echo_init                              0x080056b0   Section        0  echo.o(i.echo_init)
    i.echo_measure_distance                  0x080056f4   Section        0  echo.o(i.echo_measure_distance)
    i.fputc                                  0x0800578c   Section        0  serial.o(i.fputc)
    i.game_init                              0x080057a4   Section        0  game.o(i.game_init)
    i.game_play                              0x080057b0   Section        0  game.o(i.game_play)
    i.main                                   0x08006258   Section        0  main.o(i.main)
    i.openmv_analysis                        0x08006288   Section        0  openmv.o(i.openmv_analysis)
    i.openmv_init                            0x080062d0   Section        0  openmv.o(i.openmv_init)
    i.openmv_set                             0x080062e8   Section        0  openmv.o(i.openmv_set)
    i.pid_enable                             0x08006310   Section        0  pid.o(i.pid_enable)
    i.pid_init                               0x08006328   Section        0  pid.o(i.pid_init)
    i.pid_set                                0x0800635c   Section        0  pid.o(i.pid_set)
    i.pid_set_parameter                      0x080063ac   Section        0  pid.o(i.pid_set_parameter)
    i.series_control                         0x080063b4   Section        0  series.o(i.series_control)
    i.series_init                            0x08006438   Section        0  series.o(i.series_init)
    i.series_move                            0x08006448   Section        0  series.o(i.series_move)
    i.series_set                             0x08006664   Section        0  series.o(i.series_set)
    i.servo_control                          0x0800669c   Section        0  servo.o(i.servo_control)
    i.servo_down                             0x080066ec   Section        0  servo.o(i.servo_down)
    i.servo_init                             0x08006710   Section        0  servo.o(i.servo_init)
    i.servo_up                               0x0800672a   Section        0  servo.o(i.servo_up)
    i.servo_view_ball                        0x0800674c   Section        0  servo.o(i.servo_view_ball)
    i.set_up                                 0x08006768   Section        0  main.o(i.set_up)
    i.valve_hit                              0x08006818   Section        0  valve.o(i.valve_hit)
    i.valve_init                             0x08006838   Section        0  valve.o(i.valve_init)
    .constdata                               0x08006868   Section      512  imu.o(.constdata)
    __auchCRCHi                              0x08006868   Data         256  imu.o(.constdata)
    __auchCRCLo                              0x08006968   Data         256  imu.o(.constdata)
    .constdata                               0x08006a68   Section     1520  oled.o(.constdata)
    .constdata                               0x08007058   Section       64  ctype_c.o(.constdata)
    .conststring                             0x08007098   Section      265  imu.o(.conststring)
    .data                                    0x20000000   Section       20  system_stm32f10x.o(.data)
    .data                                    0x20000014   Section       20  stm32f10x_rcc.o(.data)
    APBAHBPrescTable                         0x20000014   Data          16  stm32f10x_rcc.o(.data)
    ADCPrescTable                            0x20000024   Data           4  stm32f10x_rcc.o(.data)
    .data                                    0x20000028   Section        4  delay.o(.data)
    fac_us                                   0x20000028   Data           1  delay.o(.data)
    fac_ms                                   0x2000002a   Data           2  delay.o(.data)
    .data                                    0x2000002c   Section        2  key.o(.data)
    .data                                    0x2000002e   Section       11  serial.o(.data)
    RxState                                  0x20000033   Data           1  serial.o(.data)
    pRxPacket                                0x20000034   Data           1  serial.o(.data)
    RxState                                  0x20000035   Data           1  serial.o(.data)
    pRxPacket                                0x20000036   Data           1  serial.o(.data)
    RxState                                  0x20000037   Data           1  serial.o(.data)
    pRxPacket                                0x20000038   Data           1  serial.o(.data)
    .data                                    0x2000003c   Section        4  echo.o(.data)
    .data                                    0x20000040   Section       43  imu.o(.data)
    p_WitSerialWriteFunc                     0x20000040   Data           4  imu.o(.data)
    p_WitI2cWriteFunc                        0x20000044   Data           4  imu.o(.data)
    p_WitI2cReadFunc                         0x20000048   Data           4  imu.o(.data)
    p_WitCanWriteFunc                        0x2000004c   Data           4  imu.o(.data)
    p_WitRegUpdateCbFunc                     0x20000050   Data           4  imu.o(.data)
    p_WitDelaymsFunc                         0x20000054   Data           4  imu.o(.data)
    s_ucAddr                                 0x20000058   Data           1  imu.o(.data)
    s_uiWitDataCnt                           0x2000005c   Data           4  imu.o(.data)
    s_uiProtoclo                             0x20000060   Data           4  imu.o(.data)
    s_uiReadRegIndex                         0x20000064   Data           4  imu.o(.data)
    s_cDataUpdate                            0x20000068   Data           1  imu.o(.data)
    s_cCmd                                   0x20000069   Data           1  imu.o(.data)
    s_ucRxCnt                                0x2000006a   Data           1  imu.o(.data)
    .data                                    0x2000006b   Section        4  tof.o(.data)
    RecCmd_Step                              0x2000006b   Data           1  tof.o(.data)
    Checksum                                 0x2000006c   Data           1  tof.o(.data)
    RecCmd_Data_len                          0x2000006d   Data           1  tof.o(.data)
    Data_cnt                                 0x2000006e   Data           1  tof.o(.data)
    .data                                    0x2000006f   Section        3  game.o(.data)
    .data                                    0x20000072   Section        8  fusion.o(.data)
    .data                                    0x2000007c   Section        4  stdout.o(.data)
    .bss                                     0x20000080   Section      500  serial.o(.bss)
    .bss                                     0x20000274   Section       60  motor.o(.bss)
    .bss                                     0x200002b0   Section       20  servo.o(.bss)
    .bss                                     0x200002c4   Section       24  openmv.o(.bss)
    .bss                                     0x200002dc   Section      638  imu.o(.bss)
    s_ucWitDataBuff                          0x200002dc   Data         256  imu.o(.bss)
    s_ucData                                 0x20000528   Data          50  imu.o(.bss)
    .bss                                     0x2000055c   Section       80  tof.o(.bss)
    .bss                                     0x200005ac   Section       52  debug.o(.bss)
    .bss                                     0x200005e0   Section      132  attitude.o(.bss)
    .bss                                     0x20000664   Section       52  pid.o(.bss)
    .bss                                     0x20000698   Section       16  series.o(.bss)
    .bss                                     0x200006a8   Section       28  expert.o(.bss)
    STACK                                    0x200006c8   Section     1024  startup_stm32f10x_hd.o(STACK)

    Global Symbols

    Symbol Name                              Value     Ov Type        Size  Object(Section)

    BuildAttributes$$THM_ISAv4$P$D$K$B$S$PE$A:L22UL41UL21$X:L11$S22US41US21$IEEE1$IW$USESV6$~STKCKD$USESV7$~SHL$OTIME$ROPI$EBA8$MICROLIB$REQ8$PRES8$EABIv2 0x00000000   Number         0  anon$$obj.o ABSOLUTE
    __ARM_use_no_argv                        0x00000000   Number         0  main.o ABSOLUTE
    _printf_a                                0x00000000   Number         0  stubs.o ABSOLUTE
    _printf_c                                0x00000000   Number         0  stubs.o ABSOLUTE
    _printf_charcount                        0x00000000   Number         0  stubs.o ABSOLUTE
    _printf_d                                0x00000000   Number         0  stubs.o ABSOLUTE
    _printf_e                                0x00000000   Number         0  stubs.o ABSOLUTE
    _printf_f                                0x00000000   Number         0  stubs.o ABSOLUTE
    _printf_flags                            0x00000000   Number         0  stubs.o ABSOLUTE
    _printf_fp_dec                           0x00000000   Number         0  stubs.o ABSOLUTE
    _printf_fp_hex                           0x00000000   Number         0  stubs.o ABSOLUTE
    _printf_g                                0x00000000   Number         0  stubs.o ABSOLUTE
    _printf_i                                0x00000000   Number         0  stubs.o ABSOLUTE
    _printf_int_dec                          0x00000000   Number         0  stubs.o ABSOLUTE
    _printf_l                                0x00000000   Number         0  stubs.o ABSOLUTE
    _printf_lc                               0x00000000   Number         0  stubs.o ABSOLUTE
    _printf_ll                               0x00000000   Number         0  stubs.o ABSOLUTE
    _printf_lld                              0x00000000   Number         0  stubs.o ABSOLUTE
    _printf_lli                              0x00000000   Number         0  stubs.o ABSOLUTE
    _printf_llo                              0x00000000   Number         0  stubs.o ABSOLUTE
    _printf_llu                              0x00000000   Number         0  stubs.o ABSOLUTE
    _printf_llx                              0x00000000   Number         0  stubs.o ABSOLUTE
    _printf_longlong_dec                     0x00000000   Number         0  stubs.o ABSOLUTE
    _printf_longlong_hex                     0x00000000   Number         0  stubs.o ABSOLUTE
    _printf_longlong_oct                     0x00000000   Number         0  stubs.o ABSOLUTE
    _printf_ls                               0x00000000   Number         0  stubs.o ABSOLUTE
    _printf_mbtowc                           0x00000000   Number         0  stubs.o ABSOLUTE
    _printf_n                                0x00000000   Number         0  stubs.o ABSOLUTE
    _printf_o                                0x00000000   Number         0  stubs.o ABSOLUTE
    _printf_p                                0x00000000   Number         0  stubs.o ABSOLUTE
    _printf_percent                          0x00000000   Number         0  stubs.o ABSOLUTE
    _printf_pre_padding                      0x00000000   Number         0  stubs.o ABSOLUTE
    _printf_return_value                     0x00000000   Number         0  stubs.o ABSOLUTE
    _printf_s                                0x00000000   Number         0  stubs.o ABSOLUTE
    _printf_sizespec                         0x00000000   Number         0  stubs.o ABSOLUTE
    _printf_str                              0x00000000   Number         0  stubs.o ABSOLUTE
    _printf_truncate_signed                  0x00000000   Number         0  stubs.o ABSOLUTE
    _printf_truncate_unsigned                0x00000000   Number         0  stubs.o ABSOLUTE
    _printf_u                                0x00000000   Number         0  stubs.o ABSOLUTE
    _printf_wc                               0x00000000   Number         0  stubs.o ABSOLUTE
    _printf_wctomb                           0x00000000   Number         0  stubs.o ABSOLUTE
    _printf_widthprec                        0x00000000   Number         0  stubs.o ABSOLUTE
    _printf_x                                0x00000000   Number         0  stubs.o ABSOLUTE
    __arm_fini_                               - Undefined Weak Reference
    __cpp_initialize__aeabi_                  - Undefined Weak Reference
    __cxa_finalize                            - Undefined Weak Reference
    __decompress                              - Undefined Weak Reference
    _clock_init                               - Undefined Weak Reference
    _microlib_exit                            - Undefined Weak Reference
    _scanf_longlong                           - Undefined Weak Reference
    _scanf_string                             - Undefined Weak Reference
    __Vectors_Size                           0x00000130   Number         0  startup_stm32f10x_hd.o ABSOLUTE
    __Vectors                                0x08000000   Data           4  startup_stm32f10x_hd.o(RESET)
    __Vectors_End                            0x08000130   Data           0  startup_stm32f10x_hd.o(RESET)
    __main                                   0x08000131   Thumb Code     0  entry.o(.ARM.Collect$$$$00000000)
    _main_stk                                0x08000131   Thumb Code     0  entry2.o(.ARM.Collect$$$$00000001)
    _main_scatterload                        0x08000135   Thumb Code     0  entry5.o(.ARM.Collect$$$$00000004)
    __main_after_scatterload                 0x08000139   Thumb Code     0  entry5.o(.ARM.Collect$$$$00000004)
    _main_clock                              0x08000139   Thumb Code     0  entry7b.o(.ARM.Collect$$$$00000008)
    _main_cpp_init                           0x08000139   Thumb Code     0  entry8b.o(.ARM.Collect$$$$0000000A)
    _main_init                               0x08000139   Thumb Code     0  entry9a.o(.ARM.Collect$$$$0000000B)
    __rt_lib_shutdown_fini                   0x08000141   Thumb Code     0  entry12b.o(.ARM.Collect$$$$0000000E)
    __rt_final_cpp                           0x08000145   Thumb Code     0  entry10a.o(.ARM.Collect$$$$0000000F)
    __rt_final_exit                          0x08000145   Thumb Code     0  entry11a.o(.ARM.Collect$$$$00000011)
    Reset_Handler                            0x08000149   Thumb Code     8  startup_stm32f10x_hd.o(.text)
    ADC1_2_IRQHandler                        0x08000163   Thumb Code     0  startup_stm32f10x_hd.o(.text)
    ADC3_IRQHandler                          0x08000163   Thumb Code     0  startup_stm32f10x_hd.o(.text)
    CAN1_RX1_IRQHandler                      0x08000163   Thumb Code     0  startup_stm32f10x_hd.o(.text)
    CAN1_SCE_IRQHandler                      0x08000163   Thumb Code     0  startup_stm32f10x_hd.o(.text)
    DMA1_Channel1_IRQHandler                 0x08000163   Thumb Code     0  startup_stm32f10x_hd.o(.text)
    DMA1_Channel2_IRQHandler                 0x08000163   Thumb Code     0  startup_stm32f10x_hd.o(.text)
    DMA1_Channel3_IRQHandler                 0x08000163   Thumb Code     0  startup_stm32f10x_hd.o(.text)
    DMA1_Channel4_IRQHandler                 0x08000163   Thumb Code     0  startup_stm32f10x_hd.o(.text)
    DMA1_Channel5_IRQHandler                 0x08000163   Thumb Code     0  startup_stm32f10x_hd.o(.text)
    DMA1_Channel6_IRQHandler                 0x08000163   Thumb Code     0  startup_stm32f10x_hd.o(.text)
    DMA1_Channel7_IRQHandler                 0x08000163   Thumb Code     0  startup_stm32f10x_hd.o(.text)
    DMA2_Channel1_IRQHandler                 0x08000163   Thumb Code     0  startup_stm32f10x_hd.o(.text)
    DMA2_Channel2_IRQHandler                 0x08000163   Thumb Code     0  startup_stm32f10x_hd.o(.text)
    DMA2_Channel3_IRQHandler                 0x08000163   Thumb Code     0  startup_stm32f10x_hd.o(.text)
    DMA2_Channel4_5_IRQHandler               0x08000163   Thumb Code     0  startup_stm32f10x_hd.o(.text)
    EXTI15_10_IRQHandler                     0x08000163   Thumb Code     0  startup_stm32f10x_hd.o(.text)
    EXTI1_IRQHandler                         0x08000163   Thumb Code     0  startup_stm32f10x_hd.o(.text)
    EXTI2_IRQHandler                         0x08000163   Thumb Code     0  startup_stm32f10x_hd.o(.text)
    EXTI9_5_IRQHandler                       0x08000163   Thumb Code     0  startup_stm32f10x_hd.o(.text)
    FLASH_IRQHandler                         0x08000163   Thumb Code     0  startup_stm32f10x_hd.o(.text)
    FSMC_IRQHandler                          0x08000163   Thumb Code     0  startup_stm32f10x_hd.o(.text)
    I2C1_ER_IRQHandler                       0x08000163   Thumb Code     0  startup_stm32f10x_hd.o(.text)
    I2C1_EV_IRQHandler                       0x08000163   Thumb Code     0  startup_stm32f10x_hd.o(.text)
    I2C2_ER_IRQHandler                       0x08000163   Thumb Code     0  startup_stm32f10x_hd.o(.text)
    I2C2_EV_IRQHandler                       0x08000163   Thumb Code     0  startup_stm32f10x_hd.o(.text)
    PVD_IRQHandler                           0x08000163   Thumb Code     0  startup_stm32f10x_hd.o(.text)
    RCC_IRQHandler                           0x08000163   Thumb Code     0  startup_stm32f10x_hd.o(.text)
    RTCAlarm_IRQHandler                      0x08000163   Thumb Code     0  startup_stm32f10x_hd.o(.text)
    RTC_IRQHandler                           0x08000163   Thumb Code     0  startup_stm32f10x_hd.o(.text)
    SDIO_IRQHandler                          0x08000163   Thumb Code     0  startup_stm32f10x_hd.o(.text)
    SPI1_IRQHandler                          0x08000163   Thumb Code     0  startup_stm32f10x_hd.o(.text)
    SPI2_IRQHandler                          0x08000163   Thumb Code     0  startup_stm32f10x_hd.o(.text)
    SPI3_IRQHandler                          0x08000163   Thumb Code     0  startup_stm32f10x_hd.o(.text)
    TAMPER_IRQHandler                        0x08000163   Thumb Code     0  startup_stm32f10x_hd.o(.text)
    TIM1_BRK_IRQHandler                      0x08000163   Thumb Code     0  startup_stm32f10x_hd.o(.text)
    TIM1_CC_IRQHandler                       0x08000163   Thumb Code     0  startup_stm32f10x_hd.o(.text)
    TIM1_TRG_COM_IRQHandler                  0x08000163   Thumb Code     0  startup_stm32f10x_hd.o(.text)
    TIM1_UP_IRQHandler                       0x08000163   Thumb Code     0  startup_stm32f10x_hd.o(.text)
    TIM5_IRQHandler                          0x08000163   Thumb Code     0  startup_stm32f10x_hd.o(.text)
    TIM6_IRQHandler                          0x08000163   Thumb Code     0  startup_stm32f10x_hd.o(.text)
    TIM7_IRQHandler                          0x08000163   Thumb Code     0  startup_stm32f10x_hd.o(.text)
    TIM8_BRK_IRQHandler                      0x08000163   Thumb Code     0  startup_stm32f10x_hd.o(.text)
    TIM8_CC_IRQHandler                       0x08000163   Thumb Code     0  startup_stm32f10x_hd.o(.text)
    TIM8_TRG_COM_IRQHandler                  0x08000163   Thumb Code     0  startup_stm32f10x_hd.o(.text)
    TIM8_UP_IRQHandler                       0x08000163   Thumb Code     0  startup_stm32f10x_hd.o(.text)
    USBWakeUp_IRQHandler                     0x08000163   Thumb Code     0  startup_stm32f10x_hd.o(.text)
    USB_HP_CAN1_TX_IRQHandler                0x08000163   Thumb Code     0  startup_stm32f10x_hd.o(.text)
    USB_LP_CAN1_RX0_IRQHandler               0x08000163   Thumb Code     0  startup_stm32f10x_hd.o(.text)
    WWDG_IRQHandler                          0x08000163   Thumb Code     0  startup_stm32f10x_hd.o(.text)
    __aeabi_memcpy                           0x0800016d   Thumb Code    36  memcpya.o(.text)
    __aeabi_memcpy4                          0x0800016d   Thumb Code     0  memcpya.o(.text)
    __aeabi_memcpy8                          0x0800016d   Thumb Code     0  memcpya.o(.text)
    __aeabi_memset                           0x08000191   Thumb Code    14  memseta.o(.text)
    __aeabi_memset4                          0x08000191   Thumb Code     0  memseta.o(.text)
    __aeabi_memset8                          0x08000191   Thumb Code     0  memseta.o(.text)
    __aeabi_memclr                           0x0800019f   Thumb Code     4  memseta.o(.text)
    __aeabi_memclr4                          0x0800019f   Thumb Code     0  memseta.o(.text)
    __aeabi_memclr8                          0x0800019f   Thumb Code     0  memseta.o(.text)
    _memset$wrapper                          0x080001a3   Thumb Code    18  memseta.o(.text)
    __0sscanf                                0x080001b5   Thumb Code    48  __0sscanf.o(.text)
    _scanf_int                               0x080001ed   Thumb Code   332  _scanf_int.o(.text)
    _scanf_real                              0x08000461   Thumb Code     0  scanf_fp.o(.text)
    _scanf_really_real                       0x08000461   Thumb Code   556  scanf_fp.o(.text)
    __aeabi_fadd                             0x08000699   Thumb Code   164  fadd.o(.text)
    __aeabi_fsub                             0x0800073d   Thumb Code     6  fadd.o(.text)
    __aeabi_frsub                            0x08000743   Thumb Code     6  fadd.o(.text)
    __aeabi_fmul                             0x08000749   Thumb Code   100  fmul.o(.text)
    __aeabi_fdiv                             0x080007ad   Thumb Code   124  fdiv.o(.text)
    __aeabi_dadd                             0x08000829   Thumb Code   322  dadd.o(.text)
    __aeabi_dsub                             0x0800096b   Thumb Code     6  dadd.o(.text)
    __aeabi_drsub                            0x08000971   Thumb Code     6  dadd.o(.text)
    __aeabi_dmul                             0x08000977   Thumb Code   228  dmul.o(.text)
    __aeabi_ddiv                             0x08000a5b   Thumb Code   222  ddiv.o(.text)
    __aeabi_i2f                              0x08000b39   Thumb Code    18  fflti.o(.text)
    __aeabi_ui2f                             0x08000b4b   Thumb Code    10  ffltui.o(.text)
    __aeabi_f2uiz                            0x08000b55   Thumb Code    40  ffixui.o(.text)
    __aeabi_f2d                              0x08000b7d   Thumb Code    38  f2d.o(.text)
    __aeabi_cdcmpeq                          0x08000ba5   Thumb Code     0  cdcmple.o(.text)
    __aeabi_cdcmple                          0x08000ba5   Thumb Code    48  cdcmple.o(.text)
    __aeabi_d2f                              0x08000bd5   Thumb Code    56  d2f.o(.text)
    __aeabi_cfcmpeq                          0x08000c0d   Thumb Code     0  cfcmple.o(.text)
    __aeabi_cfcmple                          0x08000c0d   Thumb Code    20  cfcmple.o(.text)
    __aeabi_cfrcmple                         0x08000c21   Thumb Code    20  cfrcmple.o(.text)
    __aeabi_uidiv                            0x08000c35   Thumb Code     0  uidiv.o(.text)
    __aeabi_uidivmod                         0x08000c35   Thumb Code    44  uidiv.o(.text)
    __aeabi_uldivmod                         0x08000c61   Thumb Code    98  uldiv.o(.text)
    __aeabi_llsl                             0x08000cc3   Thumb Code    30  llshl.o(.text)
    _ll_shift_l                              0x08000cc3   Thumb Code     0  llshl.o(.text)
    __aeabi_lasr                             0x08000ce1   Thumb Code    36  llsshr.o(.text)
    _ll_sshift_r                             0x08000ce1   Thumb Code     0  llsshr.o(.text)
    _chval                                   0x08000d05   Thumb Code    28  _chval.o(.text)
    __vfscanf_char                           0x08000d2d   Thumb Code    20  scanf_char.o(.text)
    _sgetc                                   0x08000d49   Thumb Code    30  _sgetc.o(.text)
    _sbackspace                              0x08000d67   Thumb Code    34  _sgetc.o(.text)
    __I$use$fp                               0x08000d89   Thumb Code     0  iusefp.o(.text)
    _float_round                             0x08000d89   Thumb Code    18  fepilogue.o(.text)
    _float_epilogue                          0x08000d9b   Thumb Code    92  fepilogue.o(.text)
    _double_round                            0x08000df7   Thumb Code    30  depilogue.o(.text)
    _double_epilogue                         0x08000e15   Thumb Code   156  depilogue.o(.text)
    __aeabi_ul2d                             0x08000eb1   Thumb Code    24  dfltul.o(.text)
    __aeabi_d2ulz                            0x08000ec9   Thumb Code    48  dfixul.o(.text)
    __aeabi_cdrcmple                         0x08000ef9   Thumb Code    48  cdrcmple.o(.text)
    __scatterload                            0x08000f29   Thumb Code    28  init.o(.text)
    __scatterload_rt2                        0x08000f29   Thumb Code     0  init.o(.text)
    __aeabi_llsr                             0x08000f4d   Thumb Code    32  llushr.o(.text)
    _ll_ushift_r                             0x08000f4d   Thumb Code     0  llushr.o(.text)
    isspace                                  0x08000f6d   Thumb Code    10  isspace_c.o(.text)
    __vfscanf                                0x08000f79   Thumb Code   810  _scanf.o(.text)
    __ctype_lookup                           0x080012a9   Thumb Code    34  ctype_c.o(.text)
    BusFault_Handler                         0x0800137d   Thumb Code     4  stm32f10x_it.o(i.BusFault_Handler)
    CheckRange                               0x08001381   Thumb Code    18  imu.o(i.CheckRange)
    DebugMon_Handler                         0x08001529   Thumb Code     2  stm32f10x_it.o(i.DebugMon_Handler)
    Delay                                    0x0800152b   Thumb Code    14  i2c.o(i.Delay)
    Delay_Init                               0x08001539   Thumb Code    50  delay.o(i.Delay_Init)
    Delay_ms                                 0x0800157d   Thumb Code    72  delay.o(i.Delay_ms)
    Delay_us                                 0x080015c9   Thumb Code    72  delay.o(i.Delay_us)
    EXTI0_IRQHandler                         0x08001621   Thumb Code    48  key.o(i.EXTI0_IRQHandler)
    EXTI3_IRQHandler                         0x08001671   Thumb Code    60  key.o(i.EXTI3_IRQHandler)
    EXTI4_IRQHandler                         0x080016cd   Thumb Code   120  key.o(i.EXTI4_IRQHandler)
    EXTIX_Init                               0x08001769   Thumb Code   204  key.o(i.EXTIX_Init)
    EXTI_ClearITPendingBit                   0x08001835   Thumb Code     6  stm32f10x_exti.o(i.EXTI_ClearITPendingBit)
    EXTI_Init                                0x08001841   Thumb Code   142  stm32f10x_exti.o(i.EXTI_Init)
    Expert_Control                           0x080018d5   Thumb Code    68  expert.o(i.Expert_Control)
    Expert_Disable                           0x08001921   Thumb Code    18  expert.o(i.Expert_Disable)
    Expert_Enable                            0x08001939   Thumb Code    18  expert.o(i.Expert_Enable)
    Expert_Init                              0x08001951   Thumb Code    24  expert.o(i.Expert_Init)
    Expert_Set                               0x08001969   Thumb Code    72  expert.o(i.Expert_Set)
    Expert_Update                            0x080019c5   Thumb Code    86  expert.o(i.Expert_Update)
    Fusion_FindBall                          0x08001a29   Thumb Code    58  fusion.o(i.Fusion_FindBall)
    Fusion_Init                              0x08001a63   Thumb Code    18  fusion.o(i.Fusion_Init)
    Fusion_Set                               0x08001a75   Thumb Code    14  fusion.o(i.Fusion_Set)
    GPIO_EXTILineConfig                      0x08001a85   Thumb Code    60  stm32f10x_gpio.o(i.GPIO_EXTILineConfig)
    GPIO_Init                                0x08001ac5   Thumb Code   278  stm32f10x_gpio.o(i.GPIO_Init)
    GPIO_ReadInputDataBit                    0x08001bdb   Thumb Code    18  stm32f10x_gpio.o(i.GPIO_ReadInputDataBit)
    GPIO_ResetBits                           0x08001bed   Thumb Code     4  stm32f10x_gpio.o(i.GPIO_ResetBits)
    GPIO_SetBits                             0x08001bf1   Thumb Code     4  stm32f10x_gpio.o(i.GPIO_SetBits)
    GPIO_WriteBit                            0x08001bf5   Thumb Code    10  stm32f10x_gpio.o(i.GPIO_WriteBit)
    HardFault_Handler                        0x08001bff   Thumb Code     4  stm32f10x_it.o(i.HardFault_Handler)
    I2C_Ack                                  0x08001c05   Thumb Code    66  i2c.o(i.I2C_Ack)
    I2C_NAck                                 0x08001c55   Thumb Code    66  i2c.o(i.I2C_NAck)
    I2C_Read_Byte                            0x08001ca5   Thumb Code    98  i2c.o(i.I2C_Read_Byte)
    I2C_Send_Byte                            0x08001d15   Thumb Code    90  i2c.o(i.I2C_Send_Byte)
    I2C_Start                                0x08001d7d   Thumb Code    64  i2c.o(i.I2C_Start)
    I2C_Stop                                 0x08001dc9   Thumb Code    62  i2c.o(i.I2C_Stop)
    I2C_Wait_Ack                             0x08001e15   Thumb Code    98  i2c.o(i.I2C_Wait_Ack)
    I2CreadBytes                             0x08001e85   Thumb Code   122  i2c.o(i.I2CreadBytes)
    I2CwriteBytes                            0x08001eff   Thumb Code    92  i2c.o(i.I2CwriteBytes)
    IIC_Ack                                  0x08001f5d   Thumb Code    48  iic.o(i.IIC_Ack)
    IIC_Init                                 0x08001f95   Thumb Code    50  iic.o(i.IIC_Init)
    IIC_NAck                                 0x08001fcd   Thumb Code    48  iic.o(i.IIC_NAck)
    IIC_Read_Byte                            0x08002005   Thumb Code    82  iic.o(i.IIC_Read_Byte)
    IIC_Read_Bytes                           0x08002061   Thumb Code   144  iic.o(i.IIC_Read_Bytes)
    IIC_SDA_IN                               0x080020f1   Thumb Code    40  iic.o(i.IIC_SDA_IN)
    IIC_SDA_OUT                              0x0800211d   Thumb Code    40  iic.o(i.IIC_SDA_OUT)
    IIC_Send_Byte                            0x08002149   Thumb Code    74  iic.o(i.IIC_Send_Byte)
    IIC_Send_Bytes                           0x0800219d   Thumb Code   110  iic.o(i.IIC_Send_Bytes)
    IIC_Start                                0x0800220d   Thumb Code    46  iic.o(i.IIC_Start)
    IIC_Stop                                 0x08002245   Thumb Code    44  iic.o(i.IIC_Stop)
    IIC_Wait_Ack                             0x08002279   Thumb Code    68  iic.o(i.IIC_Wait_Ack)
    IMU_Data_Process                         0x080022c5   Thumb Code   316  imu.o(i.IMU_Data_Process)
    IMU_Init                                 0x08002419   Thumb Code    96  imu.o(i.IMU_Init)
    KEY_Init                                 0x08002489   Thumb Code    52  key.o(i.KEY_Init)
    MemManage_Handler                        0x080024c5   Thumb Code     4  stm32f10x_it.o(i.MemManage_Handler)
    Motor_Encoder_Revise                     0x080024c9   Thumb Code    44  motor.o(i.Motor_Encoder_Revise)
    Motor_Horizontal                         0x080024f5   Thumb Code    58  motor.o(i.Motor_Horizontal)
    Motor_Init                               0x08002535   Thumb Code   118  motor.o(i.Motor_Init)
    Motor_ReadEncoder                        0x080025ad   Thumb Code    88  motor.o(i.Motor_ReadEncoder)
    Motor_ReadEncoderCorrection              0x08002609   Thumb Code   620  motor.o(i.Motor_ReadEncoderCorrection)
    Motor_ReadVoltage                        0x080028f5   Thumb Code    28  motor.o(i.Motor_ReadVoltage)
    Motor_Rote                               0x08002911   Thumb Code    26  motor.o(i.Motor_Rote)
    Motor_SetVelocity                        0x08002931   Thumb Code    50  motor.o(i.Motor_SetVelocity)
    Motor_Stop                               0x08002963   Thumb Code    22  motor.o(i.Motor_Stop)
    Motor_Straight                           0x08002979   Thumb Code    40  motor.o(i.Motor_Straight)
    NMI_Handler                              0x080029a5   Thumb Code     2  stm32f10x_it.o(i.NMI_Handler)
    NVIC_Init                                0x080029a9   Thumb Code   100  misc.o(i.NVIC_Init)
    NVIC_PriorityGroupConfig                 0x08002a19   Thumb Code    10  misc.o(i.NVIC_PriorityGroupConfig)
    OLED_Clear                               0x08002a2d   Thumb Code    42  oled.o(i.OLED_Clear)
    OLED_I2C_Init                            0x08002a59   Thumb Code    76  oled.o(i.OLED_I2C_Init)
    OLED_I2C_SendByte                        0x08002aa9   Thumb Code    80  oled.o(i.OLED_I2C_SendByte)
    OLED_I2C_Start                           0x08002afd   Thumb Code    48  oled.o(i.OLED_I2C_Start)
    OLED_I2C_Stop                            0x08002b31   Thumb Code    36  oled.o(i.OLED_I2C_Stop)
    OLED_Init                                0x08002b59   Thumb Code   174  oled.o(i.OLED_Init)
    OLED_Pow                                 0x08002c07   Thumb Code    20  oled.o(i.OLED_Pow)
    OLED_SetCursor                           0x08002c1b   Thumb Code    34  oled.o(i.OLED_SetCursor)
    OLED_ShowChar                            0x08002c3d   Thumb Code   110  oled.o(i.OLED_ShowChar)
    OLED_ShowNum                             0x08002cb1   Thumb Code    68  oled.o(i.OLED_ShowNum)
    OLED_ShowString                          0x08002cf5   Thumb Code    40  oled.o(i.OLED_ShowString)
    OLED_WriteCommand                        0x08002d1d   Thumb Code    32  oled.o(i.OLED_WriteCommand)
    OLED_WriteData                           0x08002d3d   Thumb Code    32  oled.o(i.OLED_WriteData)
    PendSV_Handler                           0x08002d5d   Thumb Code     2  stm32f10x_it.o(i.PendSV_Handler)
    Power_Init                               0x08002d61   Thumb Code    46  power.o(i.Power_Init)
    Power_Set                                0x08002d95   Thumb Code    32  power.o(i.Power_Set)
    RCC_APB1PeriphClockCmd                   0x08002db9   Thumb Code    26  stm32f10x_rcc.o(i.RCC_APB1PeriphClockCmd)
    RCC_APB2PeriphClockCmd                   0x08002dd9   Thumb Code    26  stm32f10x_rcc.o(i.RCC_APB2PeriphClockCmd)
    RCC_GetClocksFreq                        0x08002df9   Thumb Code   192  stm32f10x_rcc.o(i.RCC_GetClocksFreq)
    SVC_Handler                              0x08002ecd   Thumb Code     2  stm32f10x_it.o(i.SVC_Handler)
    Serial_SendArray                         0x08002ecf   Thumb Code    34  serial.o(i.Serial_SendArray)
    Serial_SendByte                          0x08002ef1   Thumb Code    30  serial.o(i.Serial_SendByte)
    Serial_SendString                        0x08002f0f   Thumb Code    30  serial.o(i.Serial_SendString)
    Serial_UART4_Init                        0x08002f2d   Thumb Code   174  serial.o(i.Serial_UART4_Init)
    Serial_UART5_Init                        0x08002fe5   Thumb Code   174  serial.o(i.Serial_UART5_Init)
    Serial_USART1_Init                       0x080030a1   Thumb Code   174  serial.o(i.Serial_USART1_Init)
    Serial_USART2_Init                       0x08003159   Thumb Code   172  serial.o(i.Serial_USART2_Init)
    Serial_USART3_Init                       0x0800320d   Thumb Code   176  serial.o(i.Serial_USART3_Init)
    Serial_USARTx_Init                       0x080032c5   Thumb Code    44  serial.o(i.Serial_USARTx_Init)
    SysTick_CLKSourceConfig                  0x08003529   Thumb Code    40  misc.o(i.SysTick_CLKSourceConfig)
    SysTick_Handler                          0x08003551   Thumb Code     2  stm32f10x_it.o(i.SysTick_Handler)
    SystemInit                               0x08003555   Thumb Code    78  system_stm32f10x.o(i.SystemInit)
    TIM2_IRQHandler                          0x080035b5   Thumb Code    22  timer.o(i.TIM2_IRQHandler)
    TIM2_Int_Init                            0x080035cb   Thumb Code    94  timer.o(i.TIM2_Int_Init)
    TIM3_IRQHandler                          0x08003629   Thumb Code    28  timer.o(i.TIM3_IRQHandler)
    TIM3_Int_Init                            0x0800364d   Thumb Code    82  timer.o(i.TIM3_Int_Init)
    TIM4_IRQHandler                          0x080036a5   Thumb Code    40  timer.o(i.TIM4_IRQHandler)
    TIM4_Int_Init                            0x080036dd   Thumb Code    90  timer.o(i.TIM4_Int_Init)
    TIM_ClearFlag                            0x0800373d   Thumb Code     6  stm32f10x_tim.o(i.TIM_ClearFlag)
    TIM_ClearITPendingBit                    0x08003743   Thumb Code     6  stm32f10x_tim.o(i.TIM_ClearITPendingBit)
    TIM_Cmd                                  0x08003749   Thumb Code    24  stm32f10x_tim.o(i.TIM_Cmd)
    TIM_GetCounter                           0x08003761   Thumb Code     6  stm32f10x_tim.o(i.TIM_GetCounter)
    TIM_GetITStatus                          0x08003767   Thumb Code    34  stm32f10x_tim.o(i.TIM_GetITStatus)
    TIM_ITConfig                             0x08003789   Thumb Code    18  stm32f10x_tim.o(i.TIM_ITConfig)
    TIM_Init                                 0x0800379b   Thumb Code    36  timer.o(i.TIM_Init)
    TIM_SetCounter                           0x080037bf   Thumb Code     4  stm32f10x_tim.o(i.TIM_SetCounter)
    TIM_TimeBaseInit                         0x080037c5   Thumb Code   122  stm32f10x_tim.o(i.TIM_TimeBaseInit)
    TOF_Decode                               0x08003869   Thumb Code   320  tof.o(i.TOF_Decode)
    TOF_GetData                              0x080039b9   Thumb Code   104  tof.o(i.TOF_GetData)
    TOF_Init                                 0x08003a2d   Thumb Code    32  tof.o(i.TOF_Init)
    TOF_SetStandard                          0x08003a51   Thumb Code    48  tof.o(i.TOF_SetStandard)
    TOF_Start                                0x08003a85   Thumb Code    44  tof.o(i.TOF_Start)
    UART4_IRQHandler                         0x08003ab5   Thumb Code    46  serial.o(i.UART4_IRQHandler)
    UART5_IRQHandler                         0x08003aed   Thumb Code   158  serial.o(i.UART5_IRQHandler)
    USART1_IRQHandler                        0x08003ba1   Thumb Code   158  serial.o(i.USART1_IRQHandler)
    USART2_IRQHandler                        0x08003c55   Thumb Code   158  serial.o(i.USART2_IRQHandler)
    USART3_IRQHandler                        0x08003d09   Thumb Code    38  serial.o(i.USART3_IRQHandler)
    USART_ClearITPendingBit                  0x08003d35   Thumb Code    30  stm32f10x_usart.o(i.USART_ClearITPendingBit)
    USART_Cmd                                0x08003d53   Thumb Code    24  stm32f10x_usart.o(i.USART_Cmd)
    USART_GetFlagStatus                      0x08003d6b   Thumb Code    26  stm32f10x_usart.o(i.USART_GetFlagStatus)
    USART_GetITStatus                        0x08003d85   Thumb Code    84  stm32f10x_usart.o(i.USART_GetITStatus)
    USART_ITConfig                           0x08003dd9   Thumb Code    74  stm32f10x_usart.o(i.USART_ITConfig)
    USART_Init                               0x08003e25   Thumb Code   210  stm32f10x_usart.o(i.USART_Init)
    USART_ReceiveData                        0x08003efd   Thumb Code    10  stm32f10x_usart.o(i.USART_ReceiveData)
    USART_SendData                           0x08003f07   Thumb Code     8  stm32f10x_usart.o(i.USART_SendData)
    UsageFault_Handler                       0x08003f0f   Thumb Code     4  stm32f10x_it.o(i.UsageFault_Handler)
    WitDelayMsRegister                       0x08003f15   Thumb Code    18  imu.o(i.WitDelayMsRegister)
    WitI2cFuncRegister                       0x08003f2d   Thumb Code    30  imu.o(i.WitI2cFuncRegister)
    WitInit                                  0x08003f55   Thumb Code    30  imu.o(i.WitInit)
    WitReadReg                               0x08003f81   Thumb Code   424  imu.o(i.WitReadReg)
    WitRegisterCallBack                      0x0800414d   Thumb Code    18  imu.o(i.WitRegisterCallBack)
    WitSetBandwidth                          0x08004165   Thumb Code    92  imu.o(i.WitSetBandwidth)
    WitSetUartBaud                           0x080041c9   Thumb Code    92  imu.o(i.WitSetUartBaud)
    WitStartAccCali                          0x0800422d   Thumb Code    72  imu.o(i.WitStartAccCali)
    WitStartMagCali                          0x0800427d   Thumb Code    72  imu.o(i.WitStartMagCali)
    WitStopMagCali                           0x080042cd   Thumb Code    72  imu.o(i.WitStopMagCali)
    WitWriteReg                              0x0800431d   Thumb Code   296  imu.o(i.WitWriteReg)
    __0printf                                0x08004459   Thumb Code    22  printfa.o(i.__0printf)
    __1printf                                0x08004459   Thumb Code     0  printfa.o(i.__0printf)
    __2printf                                0x08004459   Thumb Code     0  printfa.o(i.__0printf)
    __c89printf                              0x08004459   Thumb Code     0  printfa.o(i.__0printf)
    printf                                   0x08004459   Thumb Code     0  printfa.o(i.__0printf)
    __0sprintf                               0x08004479   Thumb Code    34  printfa.o(i.__0sprintf)
    __1sprintf                               0x08004479   Thumb Code     0  printfa.o(i.__0sprintf)
    __2sprintf                               0x08004479   Thumb Code     0  printfa.o(i.__0sprintf)
    __c89sprintf                             0x08004479   Thumb Code     0  printfa.o(i.__0sprintf)
    sprintf                                  0x08004479   Thumb Code     0  printfa.o(i.__0sprintf)
    __scatterload_copy                       0x080044d9   Thumb Code    14  handlers.o(i.__scatterload_copy)
    __scatterload_null                       0x080044e7   Thumb Code     2  handlers.o(i.__scatterload_null)
    __scatterload_zeroinit                   0x080044e9   Thumb Code    14  handlers.o(i.__scatterload_zeroinit)
    _is_digit                                0x0800467d   Thumb Code    14  scanf_fp.o(i._is_digit)
    attitude_algorithm                       0x08004d9d   Thumb Code  1042  attitude.o(i.attitude_algorithm)
    attitude_init                            0x080051af   Thumb Code    68  attitude.o(i.attitude_init)
    debug_analysis                           0x080051f5   Thumb Code   808  debug.o(i.debug_analysis)
    debug_init                               0x0800567d   Thumb Code    52  debug.o(i.debug_init)
    echo_init                                0x080056b1   Thumb Code    64  echo.o(i.echo_init)
    echo_measure_distance                    0x080056f5   Thumb Code   140  echo.o(i.echo_measure_distance)
    fputc                                    0x0800578d   Thumb Code    18  serial.o(i.fputc)
    game_init                                0x080057a5   Thumb Code    10  game.o(i.game_init)
    game_play                                0x080057b1   Thumb Code  2696  game.o(i.game_play)
    main                                     0x08006259   Thumb Code    42  main.o(i.main)
    openmv_analysis                          0x08006289   Thumb Code    54  openmv.o(i.openmv_analysis)
    openmv_init                              0x080062d1   Thumb Code    22  openmv.o(i.openmv_init)
    openmv_set                               0x080062e9   Thumb Code    32  openmv.o(i.openmv_set)
    pid_enable                               0x08006311   Thumb Code    20  pid.o(i.pid_enable)
    pid_init                                 0x08006329   Thumb Code    48  pid.o(i.pid_init)
    pid_set                                  0x0800635d   Thumb Code    58  pid.o(i.pid_set)
    pid_set_parameter                        0x080063ad   Thumb Code     8  pid.o(i.pid_set_parameter)
    series_control                           0x080063b5   Thumb Code   116  series.o(i.series_control)
    series_init                              0x08006439   Thumb Code    16  series.o(i.series_init)
    series_move                              0x08006449   Thumb Code   468  series.o(i.series_move)
    series_set                               0x08006665   Thumb Code    52  series.o(i.series_set)
    servo_control                            0x0800669d   Thumb Code    74  servo.o(i.servo_control)
    servo_down                               0x080066ed   Thumb Code    36  servo.o(i.servo_down)
    servo_init                               0x08006711   Thumb Code    26  servo.o(i.servo_init)
    servo_up                                 0x0800672b   Thumb Code    34  servo.o(i.servo_up)
    servo_view_ball                          0x0800674d   Thumb Code    28  servo.o(i.servo_view_ball)
    set_up                                   0x08006769   Thumb Code   126  main.o(i.set_up)
    valve_hit                                0x08006819   Thumb Code    28  valve.o(i.valve_hit)
    valve_init                               0x08006839   Thumb Code    44  valve.o(i.valve_init)
    OLED_F8x16                               0x08006a68   Data        1520  oled.o(.constdata)
    __ctype_categories                       0x08007058   Data          64  ctype_c.o(.constdata)
    Region$$Table$$Base                      0x080071a4   Number         0  anon$$obj.o(Region$$Table)
    Region$$Table$$Limit                     0x080071c4   Number         0  anon$$obj.o(Region$$Table)
    SystemCoreClock                          0x20000000   Data           4  system_stm32f10x.o(.data)
    AHBPrescTable                            0x20000004   Data          16  system_stm32f10x.o(.data)
    key_round                                0x2000002c   Data           1  key.o(.data)
    key_direction                            0x2000002d   Data           1  key.o(.data)
    Serial_RxFlag_USART1                     0x2000002e   Data           1  serial.o(.data)
    Serial_RxFlag_USART2                     0x2000002f   Data           1  serial.o(.data)
    Serial_RxFlag_USART3                     0x20000030   Data           1  serial.o(.data)
    Serial_RxFlag_UART4                      0x20000031   Data           1  serial.o(.data)
    Serial_RxFlag_UART5                      0x20000032   Data           1  serial.o(.data)
    echo_diatance                            0x2000003c   Data           4  echo.o(.data)
    game                                     0x2000006f   Data           3  game.o(.data)
    fusion                                   0x20000072   Data           8  fusion.o(.data)
    __stdout                                 0x2000007c   Data           4  stdout.o(.data)
    Serial_RxPacket_USART1                   0x20000080   Data         100  serial.o(.bss)
    Serial_RxPacket_USART2                   0x200000e4   Data         100  serial.o(.bss)
    Serial_RxPacket_USART3                   0x20000148   Data         100  serial.o(.bss)
    Serial_RxPacket_UART4                    0x200001ac   Data         100  serial.o(.bss)
    Serial_RxPacket_UART5                    0x20000210   Data         100  serial.o(.bss)
    motor                                    0x20000274   Data          60  motor.o(.bss)
    servo                                    0x200002b0   Data          20  servo.o(.bss)
    cv                                       0x200002c4   Data          24  openmv.o(.bss)
    sReg                                     0x200003dc   Data         288  imu.o(.bss)
    imu                                      0x200004fc   Data          44  imu.o(.bss)
    tof                                      0x2000055c   Data          80  tof.o(.bss)
    data                                     0x200005ac   Data          52  debug.o(.bss)
    robot                                    0x200005e0   Data         132  attitude.o(.bss)
    pid                                      0x20000664   Data          52  pid.o(.bss)
    series                                   0x20000698   Data          16  series.o(.bss)
    expert                                   0x200006a8   Data          28  expert.o(.bss)
    __initial_sp                             0x20000ac8   Data           0  startup_stm32f10x_hd.o(STACK)



==============================================================================

Memory Map of the image

  Image Entry point : 0x08000131

  Load Region LR_IROM1 (Base: 0x08000000, Size: 0x00007244, Max: 0x00080000, ABSOLUTE)

    Execution Region ER_IROM1 (Exec base: 0x08000000, Load base: 0x08000000, Size: 0x000071c4, Max: 0x00080000, ABSOLUTE)

    Exec Addr    Load Addr    Size         Type   Attr      Idx    E Section Name        Object

    0x08000000   0x08000000   0x00000130   Data   RO          132    RESET               startup_stm32f10x_hd.o
    0x08000130   0x08000130   0x00000000   Code   RO         4738  * .ARM.Collect$$$$00000000  mc_w.l(entry.o)
    0x08000130   0x08000130   0x00000004   Code   RO         5046    .ARM.Collect$$$$00000001  mc_w.l(entry2.o)
    0x08000134   0x08000134   0x00000004   Code   RO         5049    .ARM.Collect$$$$00000004  mc_w.l(entry5.o)
    0x08000138   0x08000138   0x00000000   Code   RO         5051    .ARM.Collect$$$$00000008  mc_w.l(entry7b.o)
    0x08000138   0x08000138   0x00000000   Code   RO         5053    .ARM.Collect$$$$0000000A  mc_w.l(entry8b.o)
    0x08000138   0x08000138   0x00000008   Code   RO         5054    .ARM.Collect$$$$0000000B  mc_w.l(entry9a.o)
    0x08000140   0x08000140   0x00000004   Code   RO         5061    .ARM.Collect$$$$0000000E  mc_w.l(entry12b.o)
    0x08000144   0x08000144   0x00000000   Code   RO         5056    .ARM.Collect$$$$0000000F  mc_w.l(entry10a.o)
    0x08000144   0x08000144   0x00000000   Code   RO         5058    .ARM.Collect$$$$00000011  mc_w.l(entry11a.o)
    0x08000144   0x08000144   0x00000004   Code   RO         5047    .ARM.Collect$$$$00002712  mc_w.l(entry2.o)
    0x08000148   0x08000148   0x00000024   Code   RO          133    .text               startup_stm32f10x_hd.o
    0x0800016c   0x0800016c   0x00000024   Code   RO         4741    .text               mc_w.l(memcpya.o)
    0x08000190   0x08000190   0x00000024   Code   RO         4743    .text               mc_w.l(memseta.o)
    0x080001b4   0x080001b4   0x00000038   Code   RO         5008    .text               mc_w.l(__0sscanf.o)
    0x080001ec   0x080001ec   0x0000014c   Code   RO         5010    .text               mc_w.l(_scanf_int.o)
    0x08000338   0x08000338   0x00000360   Code   RO         5012    .text               mc_w.l(scanf_fp.o)
    0x08000698   0x08000698   0x000000b0   Code   RO         5016    .text               mf_w.l(fadd.o)
    0x08000748   0x08000748   0x00000064   Code   RO         5018    .text               mf_w.l(fmul.o)
    0x080007ac   0x080007ac   0x0000007c   Code   RO         5020    .text               mf_w.l(fdiv.o)
    0x08000828   0x08000828   0x0000014e   Code   RO         5022    .text               mf_w.l(dadd.o)
    0x08000976   0x08000976   0x000000e4   Code   RO         5024    .text               mf_w.l(dmul.o)
    0x08000a5a   0x08000a5a   0x000000de   Code   RO         5026    .text               mf_w.l(ddiv.o)
    0x08000b38   0x08000b38   0x00000012   Code   RO         5028    .text               mf_w.l(fflti.o)
    0x08000b4a   0x08000b4a   0x0000000a   Code   RO         5030    .text               mf_w.l(ffltui.o)
    0x08000b54   0x08000b54   0x00000028   Code   RO         5034    .text               mf_w.l(ffixui.o)
    0x08000b7c   0x08000b7c   0x00000026   Code   RO         5036    .text               mf_w.l(f2d.o)
    0x08000ba2   0x08000ba2   0x00000002   PAD
    0x08000ba4   0x08000ba4   0x00000030   Code   RO         5038    .text               mf_w.l(cdcmple.o)
    0x08000bd4   0x08000bd4   0x00000038   Code   RO         5040    .text               mf_w.l(d2f.o)
    0x08000c0c   0x08000c0c   0x00000014   Code   RO         5042    .text               mf_w.l(cfcmple.o)
    0x08000c20   0x08000c20   0x00000014   Code   RO         5044    .text               mf_w.l(cfrcmple.o)
    0x08000c34   0x08000c34   0x0000002c   Code   RO         5063    .text               mc_w.l(uidiv.o)
    0x08000c60   0x08000c60   0x00000062   Code   RO         5065    .text               mc_w.l(uldiv.o)
    0x08000cc2   0x08000cc2   0x0000001e   Code   RO         5067    .text               mc_w.l(llshl.o)
    0x08000ce0   0x08000ce0   0x00000024   Code   RO         5069    .text               mc_w.l(llsshr.o)
    0x08000d04   0x08000d04   0x0000001c   Code   RO         5071    .text               mc_w.l(_chval.o)
    0x08000d20   0x08000d20   0x00000028   Code   RO         5073    .text               mc_w.l(scanf_char.o)
    0x08000d48   0x08000d48   0x00000040   Code   RO         5075    .text               mc_w.l(_sgetc.o)
    0x08000d88   0x08000d88   0x00000000   Code   RO         5077    .text               mc_w.l(iusefp.o)
    0x08000d88   0x08000d88   0x0000006e   Code   RO         5078    .text               mf_w.l(fepilogue.o)
    0x08000df6   0x08000df6   0x000000ba   Code   RO         5080    .text               mf_w.l(depilogue.o)
    0x08000eb0   0x08000eb0   0x00000018   Code   RO         5082    .text               mf_w.l(dfltul.o)
    0x08000ec8   0x08000ec8   0x00000030   Code   RO         5084    .text               mf_w.l(dfixul.o)
    0x08000ef8   0x08000ef8   0x00000030   Code   RO         5086    .text               mf_w.l(cdrcmple.o)
    0x08000f28   0x08000f28   0x00000024   Code   RO         5088    .text               mc_w.l(init.o)
    0x08000f4c   0x08000f4c   0x00000020   Code   RO         5090    .text               mc_w.l(llushr.o)
    0x08000f6c   0x08000f6c   0x0000000a   Code   RO         5092    .text               mc_w.l(isspace_c.o)
    0x08000f76   0x08000f76   0x00000002   PAD
    0x08000f78   0x08000f78   0x00000330   Code   RO         5094    .text               mc_w.l(_scanf.o)
    0x080012a8   0x080012a8   0x00000028   Code   RO         5096    .text               mc_w.l(ctype_c.o)
    0x080012d0   0x080012d0   0x000000ac   Code   RO         3871    i.AutoScanSensor    imu.o
    0x0800137c   0x0800137c   0x00000004   Code   RO         4387    i.BusFault_Handler  stm32f10x_it.o
    0x08001380   0x08001380   0x00000012   Code   RO         3872    i.CheckRange        imu.o
    0x08001392   0x08001392   0x00000002   PAD
    0x08001394   0x08001394   0x00000124   Code   RO         3873    i.CmdProcess        imu.o
    0x080014b8   0x080014b8   0x00000070   Code   RO         3875    i.CopeSensorData    imu.o
    0x08001528   0x08001528   0x00000002   Code   RO         4388    i.DebugMon_Handler  stm32f10x_it.o
    0x0800152a   0x0800152a   0x0000000e   Code   RO         4161    i.Delay             i2c.o
    0x08001538   0x08001538   0x00000044   Code   RO         3196    i.Delay_Init        delay.o
    0x0800157c   0x0800157c   0x0000004c   Code   RO         3197    i.Delay_ms          delay.o
    0x080015c8   0x080015c8   0x0000004c   Code   RO         3198    i.Delay_us          delay.o
    0x08001614   0x08001614   0x0000000c   Code   RO         3877    i.Delayms           imu.o
    0x08001620   0x08001620   0x00000050   Code   RO         3234    i.EXTI0_IRQHandler  key.o
    0x08001670   0x08001670   0x0000005c   Code   RO         3235    i.EXTI3_IRQHandler  key.o
    0x080016cc   0x080016cc   0x0000009c   Code   RO         3236    i.EXTI4_IRQHandler  key.o
    0x08001768   0x08001768   0x000000cc   Code   RO         3237    i.EXTIX_Init        key.o
    0x08001834   0x08001834   0x0000000c   Code   RO          985    i.EXTI_ClearITPendingBit  stm32f10x_exti.o
    0x08001840   0x08001840   0x00000094   Code   RO          990    i.EXTI_Init         stm32f10x_exti.o
    0x080018d4   0x080018d4   0x0000004c   Code   RO         4638    i.Expert_Control    expert.o
    0x08001920   0x08001920   0x00000018   Code   RO         4639    i.Expert_Disable    expert.o
    0x08001938   0x08001938   0x00000018   Code   RO         4641    i.Expert_Enable     expert.o
    0x08001950   0x08001950   0x00000018   Code   RO         4642    i.Expert_Init       expert.o
    0x08001968   0x08001968   0x0000005c   Code   RO         4643    i.Expert_Set        expert.o
    0x080019c4   0x080019c4   0x00000064   Code   RO         4644    i.Expert_Update     expert.o
    0x08001a28   0x08001a28   0x0000003a   Code   RO         4698    i.Fusion_FindBall   fusion.o
    0x08001a62   0x08001a62   0x00000012   Code   RO         4699    i.Fusion_Init       fusion.o
    0x08001a74   0x08001a74   0x0000000e   Code   RO         4700    i.Fusion_Set        fusion.o
    0x08001a82   0x08001a82   0x00000002   PAD
    0x08001a84   0x08001a84   0x00000040   Code   RO         1344    i.GPIO_EXTILineConfig  stm32f10x_gpio.o
    0x08001ac4   0x08001ac4   0x00000116   Code   RO         1347    i.GPIO_Init         stm32f10x_gpio.o
    0x08001bda   0x08001bda   0x00000012   Code   RO         1351    i.GPIO_ReadInputDataBit  stm32f10x_gpio.o
    0x08001bec   0x08001bec   0x00000004   Code   RO         1354    i.GPIO_ResetBits    stm32f10x_gpio.o
    0x08001bf0   0x08001bf0   0x00000004   Code   RO         1355    i.GPIO_SetBits      stm32f10x_gpio.o
    0x08001bf4   0x08001bf4   0x0000000a   Code   RO         1358    i.GPIO_WriteBit     stm32f10x_gpio.o
    0x08001bfe   0x08001bfe   0x00000004   Code   RO         4389    i.HardFault_Handler  stm32f10x_it.o
    0x08001c02   0x08001c02   0x00000002   PAD
    0x08001c04   0x08001c04   0x00000050   Code   RO         4162    i.I2C_Ack           i2c.o
    0x08001c54   0x08001c54   0x00000050   Code   RO         4164    i.I2C_NAck          i2c.o
    0x08001ca4   0x08001ca4   0x00000070   Code   RO         4165    i.I2C_Read_Byte     i2c.o
    0x08001d14   0x08001d14   0x00000068   Code   RO         4166    i.I2C_Send_Byte     i2c.o
    0x08001d7c   0x08001d7c   0x0000004c   Code   RO         4167    i.I2C_Start         i2c.o
    0x08001dc8   0x08001dc8   0x0000004c   Code   RO         4168    i.I2C_Stop          i2c.o
    0x08001e14   0x08001e14   0x00000070   Code   RO         4169    i.I2C_Wait_Ack      i2c.o
    0x08001e84   0x08001e84   0x0000007a   Code   RO         4170    i.I2CreadBytes      i2c.o
    0x08001efe   0x08001efe   0x0000005c   Code   RO         4171    i.I2CwriteBytes     i2c.o
    0x08001f5a   0x08001f5a   0x00000002   PAD
    0x08001f5c   0x08001f5c   0x00000038   Code   RO         3505    i.IIC_Ack           iic.o
    0x08001f94   0x08001f94   0x00000038   Code   RO         3506    i.IIC_Init          iic.o
    0x08001fcc   0x08001fcc   0x00000038   Code   RO         3507    i.IIC_NAck          iic.o
    0x08002004   0x08002004   0x0000005c   Code   RO         3508    i.IIC_Read_Byte     iic.o
    0x08002060   0x08002060   0x00000090   Code   RO         3509    i.IIC_Read_Bytes    iic.o
    0x080020f0   0x080020f0   0x0000002c   Code   RO         3510    i.IIC_SDA_IN        iic.o
    0x0800211c   0x0800211c   0x0000002c   Code   RO         3511    i.IIC_SDA_OUT       iic.o
    0x08002148   0x08002148   0x00000054   Code   RO         3512    i.IIC_Send_Byte     iic.o
    0x0800219c   0x0800219c   0x0000006e   Code   RO         3513    i.IIC_Send_Bytes    iic.o
    0x0800220a   0x0800220a   0x00000002   PAD
    0x0800220c   0x0800220c   0x00000038   Code   RO         3514    i.IIC_Start         iic.o
    0x08002244   0x08002244   0x00000034   Code   RO         3515    i.IIC_Stop          iic.o
    0x08002278   0x08002278   0x0000004c   Code   RO         3516    i.IIC_Wait_Ack      iic.o
    0x080022c4   0x080022c4   0x00000154   Code   RO         3878    i.IMU_Data_Process  imu.o
    0x08002418   0x08002418   0x00000070   Code   RO         3879    i.IMU_Init          imu.o
    0x08002488   0x08002488   0x0000003c   Code   RO         3238    i.KEY_Init          key.o
    0x080024c4   0x080024c4   0x00000004   Code   RO         4390    i.MemManage_Handler  stm32f10x_it.o
    0x080024c8   0x080024c8   0x0000002c   Code   RO         3583    i.Motor_Encoder_Revise  motor.o
    0x080024f4   0x080024f4   0x00000040   Code   RO         3584    i.Motor_Horizontal  motor.o
    0x08002534   0x08002534   0x00000076   Code   RO         3585    i.Motor_Init        motor.o
    0x080025aa   0x080025aa   0x00000002   PAD
    0x080025ac   0x080025ac   0x0000005c   Code   RO         3586    i.Motor_ReadEncoder  motor.o
    0x08002608   0x08002608   0x000002ec   Code   RO         3587    i.Motor_ReadEncoderCorrection  motor.o
    0x080028f4   0x080028f4   0x0000001c   Code   RO         3588    i.Motor_ReadVoltage  motor.o
    0x08002910   0x08002910   0x00000020   Code   RO         3589    i.Motor_Rote        motor.o
    0x08002930   0x08002930   0x00000032   Code   RO         3590    i.Motor_SetVelocity  motor.o
    0x08002962   0x08002962   0x00000016   Code   RO         3591    i.Motor_Stop        motor.o
    0x08002978   0x08002978   0x0000002c   Code   RO         3592    i.Motor_Straight    motor.o
    0x080029a4   0x080029a4   0x00000002   Code   RO         4391    i.NMI_Handler       stm32f10x_it.o
    0x080029a6   0x080029a6   0x00000002   PAD
    0x080029a8   0x080029a8   0x00000070   Code   RO          137    i.NVIC_Init         misc.o
    0x08002a18   0x08002a18   0x00000014   Code   RO          138    i.NVIC_PriorityGroupConfig  misc.o
    0x08002a2c   0x08002a2c   0x0000002a   Code   RO         4251    i.OLED_Clear        oled.o
    0x08002a56   0x08002a56   0x00000002   PAD
    0x08002a58   0x08002a58   0x00000050   Code   RO         4252    i.OLED_I2C_Init     oled.o
    0x08002aa8   0x08002aa8   0x00000054   Code   RO         4253    i.OLED_I2C_SendByte  oled.o
    0x08002afc   0x08002afc   0x00000034   Code   RO         4254    i.OLED_I2C_Start    oled.o
    0x08002b30   0x08002b30   0x00000028   Code   RO         4255    i.OLED_I2C_Stop     oled.o
    0x08002b58   0x08002b58   0x000000ae   Code   RO         4256    i.OLED_Init         oled.o
    0x08002c06   0x08002c06   0x00000014   Code   RO         4257    i.OLED_Pow          oled.o
    0x08002c1a   0x08002c1a   0x00000022   Code   RO         4258    i.OLED_SetCursor    oled.o
    0x08002c3c   0x08002c3c   0x00000074   Code   RO         4260    i.OLED_ShowChar     oled.o
    0x08002cb0   0x08002cb0   0x00000044   Code   RO         4262    i.OLED_ShowNum      oled.o
    0x08002cf4   0x08002cf4   0x00000028   Code   RO         4264    i.OLED_ShowString   oled.o
    0x08002d1c   0x08002d1c   0x00000020   Code   RO         4265    i.OLED_WriteCommand  oled.o
    0x08002d3c   0x08002d3c   0x00000020   Code   RO         4266    i.OLED_WriteData    oled.o
    0x08002d5c   0x08002d5c   0x00000002   Code   RO         4392    i.PendSV_Handler    stm32f10x_it.o
    0x08002d5e   0x08002d5e   0x00000002   PAD
    0x08002d60   0x08002d60   0x00000034   Code   RO         4233    i.Power_Init        power.o
    0x08002d94   0x08002d94   0x00000024   Code   RO         4234    i.Power_Set         power.o
    0x08002db8   0x08002db8   0x00000020   Code   RO         1775    i.RCC_APB1PeriphClockCmd  stm32f10x_rcc.o
    0x08002dd8   0x08002dd8   0x00000020   Code   RO         1777    i.RCC_APB2PeriphClockCmd  stm32f10x_rcc.o
    0x08002df8   0x08002df8   0x000000d4   Code   RO         1785    i.RCC_GetClocksFreq  stm32f10x_rcc.o
    0x08002ecc   0x08002ecc   0x00000002   Code   RO         4393    i.SVC_Handler       stm32f10x_it.o
    0x08002ece   0x08002ece   0x00000022   Code   RO         3361    i.Serial_SendArray  serial.o
    0x08002ef0   0x08002ef0   0x0000001e   Code   RO         3362    i.Serial_SendByte   serial.o
    0x08002f0e   0x08002f0e   0x0000001e   Code   RO         3364    i.Serial_SendString  serial.o
    0x08002f2c   0x08002f2c   0x000000b8   Code   RO         3365    i.Serial_UART4_Init  serial.o
    0x08002fe4   0x08002fe4   0x000000bc   Code   RO         3366    i.Serial_UART5_Init  serial.o
    0x080030a0   0x080030a0   0x000000b8   Code   RO         3367    i.Serial_USART1_Init  serial.o
    0x08003158   0x08003158   0x000000b4   Code   RO         3368    i.Serial_USART2_Init  serial.o
    0x0800320c   0x0800320c   0x000000b8   Code   RO         3369    i.Serial_USART3_Init  serial.o
    0x080032c4   0x080032c4   0x0000002c   Code   RO         3370    i.Serial_USARTx_Init  serial.o
    0x080032f0   0x080032f0   0x00000008   Code   RO           17    i.SetSysClock       system_stm32f10x.o
    0x080032f8   0x080032f8   0x000000e0   Code   RO           18    i.SetSysClockTo72   system_stm32f10x.o
    0x080033d8   0x080033d8   0x00000150   Code   RO         3880    i.ShowHelp          imu.o
    0x08003528   0x08003528   0x00000028   Code   RO          141    i.SysTick_CLKSourceConfig  misc.o
    0x08003550   0x08003550   0x00000002   Code   RO         4394    i.SysTick_Handler   stm32f10x_it.o
    0x08003552   0x08003552   0x00000002   PAD
    0x08003554   0x08003554   0x00000060   Code   RO           20    i.SystemInit        system_stm32f10x.o
    0x080035b4   0x080035b4   0x00000016   Code   RO         3776    i.TIM2_IRQHandler   timer.o
    0x080035ca   0x080035ca   0x0000005e   Code   RO         3777    i.TIM2_Int_Init     timer.o
    0x08003628   0x08003628   0x00000024   Code   RO         3778    i.TIM3_IRQHandler   timer.o
    0x0800364c   0x0800364c   0x00000058   Code   RO         3779    i.TIM3_Int_Init     timer.o
    0x080036a4   0x080036a4   0x00000038   Code   RO         3780    i.TIM4_IRQHandler   timer.o
    0x080036dc   0x080036dc   0x00000060   Code   RO         3781    i.TIM4_Int_Init     timer.o
    0x0800373c   0x0800373c   0x00000006   Code   RO         2415    i.TIM_ClearFlag     stm32f10x_tim.o
    0x08003742   0x08003742   0x00000006   Code   RO         2416    i.TIM_ClearITPendingBit  stm32f10x_tim.o
    0x08003748   0x08003748   0x00000018   Code   RO         2421    i.TIM_Cmd           stm32f10x_tim.o
    0x08003760   0x08003760   0x00000006   Code   RO         2440    i.TIM_GetCounter    stm32f10x_tim.o
    0x08003766   0x08003766   0x00000022   Code   RO         2442    i.TIM_GetITStatus   stm32f10x_tim.o
    0x08003788   0x08003788   0x00000012   Code   RO         2446    i.TIM_ITConfig      stm32f10x_tim.o
    0x0800379a   0x0800379a   0x00000024   Code   RO         3782    i.TIM_Init          timer.o
    0x080037be   0x080037be   0x00000004   Code   RO         2486    i.TIM_SetCounter    stm32f10x_tim.o
    0x080037c2   0x080037c2   0x00000002   PAD
    0x080037c4   0x080037c4   0x000000a4   Code   RO         2492    i.TIM_TimeBaseInit  stm32f10x_tim.o
    0x08003868   0x08003868   0x00000150   Code   RO         4078    i.TOF_Decode        tof.o
    0x080039b8   0x080039b8   0x00000074   Code   RO         4080    i.TOF_GetData       tof.o
    0x08003a2c   0x08003a2c   0x00000024   Code   RO         4081    i.TOF_Init          tof.o
    0x08003a50   0x08003a50   0x00000034   Code   RO         4085    i.TOF_SetStandard   tof.o
    0x08003a84   0x08003a84   0x00000030   Code   RO         4086    i.TOF_Start         tof.o
    0x08003ab4   0x08003ab4   0x00000038   Code   RO         3371    i.UART4_IRQHandler  serial.o
    0x08003aec   0x08003aec   0x000000b4   Code   RO         3372    i.UART5_IRQHandler  serial.o
    0x08003ba0   0x08003ba0   0x000000b4   Code   RO         3373    i.USART1_IRQHandler  serial.o
    0x08003c54   0x08003c54   0x000000b4   Code   RO         3374    i.USART2_IRQHandler  serial.o
    0x08003d08   0x08003d08   0x0000002c   Code   RO         3375    i.USART3_IRQHandler  serial.o
    0x08003d34   0x08003d34   0x0000001e   Code   RO         2957    i.USART_ClearITPendingBit  stm32f10x_usart.o
    0x08003d52   0x08003d52   0x00000018   Code   RO         2960    i.USART_Cmd         stm32f10x_usart.o
    0x08003d6a   0x08003d6a   0x0000001a   Code   RO         2963    i.USART_GetFlagStatus  stm32f10x_usart.o
    0x08003d84   0x08003d84   0x00000054   Code   RO         2964    i.USART_GetITStatus  stm32f10x_usart.o
    0x08003dd8   0x08003dd8   0x0000004a   Code   RO         2966    i.USART_ITConfig    stm32f10x_usart.o
    0x08003e22   0x08003e22   0x00000002   PAD
    0x08003e24   0x08003e24   0x000000d8   Code   RO         2967    i.USART_Init        stm32f10x_usart.o
    0x08003efc   0x08003efc   0x0000000a   Code   RO         2974    i.USART_ReceiveData  stm32f10x_usart.o
    0x08003f06   0x08003f06   0x00000008   Code   RO         2977    i.USART_SendData    stm32f10x_usart.o
    0x08003f0e   0x08003f0e   0x00000004   Code   RO         4395    i.UsageFault_Handler  stm32f10x_it.o
    0x08003f12   0x08003f12   0x00000002   PAD
    0x08003f14   0x08003f14   0x00000018   Code   RO         3884    i.WitDelayMsRegister  imu.o
    0x08003f2c   0x08003f2c   0x00000028   Code   RO         3885    i.WitI2cFuncRegister  imu.o
    0x08003f54   0x08003f54   0x0000002c   Code   RO         3886    i.WitInit           imu.o
    0x08003f80   0x08003f80   0x000001cc   Code   RO         3887    i.WitReadReg        imu.o
    0x0800414c   0x0800414c   0x00000018   Code   RO         3888    i.WitRegisterCallBack  imu.o
    0x08004164   0x08004164   0x00000064   Code   RO         3891    i.WitSetBandwidth   imu.o
    0x080041c8   0x080041c8   0x00000064   Code   RO         3895    i.WitSetUartBaud    imu.o
    0x0800422c   0x0800422c   0x00000050   Code   RO         3896    i.WitStartAccCali   imu.o
    0x0800427c   0x0800427c   0x00000050   Code   RO         3897    i.WitStartMagCali   imu.o
    0x080042cc   0x080042cc   0x00000050   Code   RO         3899    i.WitStopMagCali    imu.o
    0x0800431c   0x0800431c   0x0000013c   Code   RO         3900    i.WitWriteReg       imu.o
    0x08004458   0x08004458   0x00000020   Code   RO         4980    i.__0printf         mc_w.l(printfa.o)
    0x08004478   0x08004478   0x00000028   Code   RO         4982    i.__0sprintf        mc_w.l(printfa.o)
    0x080044a0   0x080044a0   0x00000038   Code   RO         3901    i.__CRC16           imu.o
    0x080044d8   0x080044d8   0x0000000e   Code   RO         5101    i.__scatterload_copy  mc_w.l(handlers.o)
    0x080044e6   0x080044e6   0x00000002   Code   RO         5102    i.__scatterload_null  mc_w.l(handlers.o)
    0x080044e8   0x080044e8   0x0000000e   Code   RO         5103    i.__scatterload_zeroinit  mc_w.l(handlers.o)
    0x080044f6   0x080044f6   0x00000002   PAD
    0x080044f8   0x080044f8   0x00000184   Code   RO         4987    i._fp_digits        mc_w.l(printfa.o)
    0x0800467c   0x0800467c   0x0000000e   Code   RO         5014    i._is_digit         mc_w.l(scanf_fp.o)
    0x0800468a   0x0800468a   0x00000002   PAD
    0x0800468c   0x0800468c   0x000006b4   Code   RO         4988    i._printf_core      mc_w.l(printfa.o)
    0x08004d40   0x08004d40   0x00000024   Code   RO         4989    i._printf_post_padding  mc_w.l(printfa.o)
    0x08004d64   0x08004d64   0x0000002e   Code   RO         4990    i._printf_pre_padding  mc_w.l(printfa.o)
    0x08004d92   0x08004d92   0x0000000a   Code   RO         4992    i._sputc            mc_w.l(printfa.o)
    0x08004d9c   0x08004d9c   0x00000412   Code   RO         4510    i.attitude_algorithm  attitude.o
    0x080051ae   0x080051ae   0x00000044   Code   RO         4511    i.attitude_init     attitude.o
    0x080051f2   0x080051f2   0x00000002   PAD
    0x080051f4   0x080051f4   0x00000488   Code   RO         4450    i.debug_analysis    debug.o
    0x0800567c   0x0800567c   0x00000034   Code   RO         4451    i.debug_init        debug.o
    0x080056b0   0x080056b0   0x00000044   Code   RO         3842    i.echo_init         echo.o
    0x080056f4   0x080056f4   0x00000098   Code   RO         3843    i.echo_measure_distance  echo.o
    0x0800578c   0x0800578c   0x00000018   Code   RO         3376    i.fputc             serial.o
    0x080057a4   0x080057a4   0x0000000a   Code   RO         4474    i.game_init         game.o
    0x080057ae   0x080057ae   0x00000002   PAD
    0x080057b0   0x080057b0   0x00000aa8   Code   RO         4475    i.game_play         game.o
    0x08006258   0x08006258   0x00000030   Code   RO         4359    i.main              main.o
    0x08006288   0x08006288   0x00000048   Code   RO         3702    i.openmv_analysis   openmv.o
    0x080062d0   0x080062d0   0x00000016   Code   RO         3705    i.openmv_init       openmv.o
    0x080062e6   0x080062e6   0x00000002   PAD
    0x080062e8   0x080062e8   0x00000028   Code   RO         3707    i.openmv_set        openmv.o
    0x08006310   0x08006310   0x00000018   Code   RO         4550    i.pid_enable        pid.o
    0x08006328   0x08006328   0x00000034   Code   RO         4551    i.pid_init          pid.o
    0x0800635c   0x0800635c   0x00000050   Code   RO         4552    i.pid_set           pid.o
    0x080063ac   0x080063ac   0x00000008   Code   RO         4553    i.pid_set_parameter  pid.o
    0x080063b4   0x080063b4   0x00000084   Code   RO         4602    i.series_control    series.o
    0x08006438   0x08006438   0x00000010   Code   RO         4603    i.series_init       series.o
    0x08006448   0x08006448   0x0000021c   Code   RO         4604    i.series_move       series.o
    0x08006664   0x08006664   0x00000038   Code   RO         4605    i.series_set        series.o
    0x0800669c   0x0800669c   0x00000050   Code   RO         3655    i.servo_control     servo.o
    0x080066ec   0x080066ec   0x00000024   Code   RO         3656    i.servo_down        servo.o
    0x08006710   0x08006710   0x0000001a   Code   RO         3657    i.servo_init        servo.o
    0x0800672a   0x0800672a   0x00000022   Code   RO         3658    i.servo_up          servo.o
    0x0800674c   0x0800674c   0x0000001c   Code   RO         3659    i.servo_view_ball   servo.o
    0x08006768   0x08006768   0x000000b0   Code   RO         4360    i.set_up            main.o
    0x08006818   0x08006818   0x00000020   Code   RO         3755    i.valve_hit         valve.o
    0x08006838   0x08006838   0x00000030   Code   RO         3756    i.valve_init        valve.o
    0x08006868   0x08006868   0x00000200   Data   RO         3904    .constdata          imu.o
    0x08006a68   0x08006a68   0x000005f0   Data   RO         4267    .constdata          oled.o
    0x08007058   0x08007058   0x00000040   Data   RO         5097    .constdata          mc_w.l(ctype_c.o)
    0x08007098   0x08007098   0x00000109   Data   RO         3905    .conststring        imu.o
    0x080071a1   0x080071a1   0x00000003   PAD
    0x080071a4   0x080071a4   0x00000020   Data   RO         5099    Region$$Table       anon$$obj.o


    Execution Region RW_IRAM1 (Exec base: 0x20000000, Load base: 0x080071c4, Size: 0x00000ac8, Max: 0x00010000, ABSOLUTE)

    Exec Addr    Load Addr    Size         Type   Attr      Idx    E Section Name        Object

    0x20000000   0x080071c4   0x00000014   Data   RW           21    .data               system_stm32f10x.o
    0x20000014   0x080071d8   0x00000014   Data   RW         1805    .data               stm32f10x_rcc.o
    0x20000028   0x080071ec   0x00000004   Data   RW         3199    .data               delay.o
    0x2000002c   0x080071f0   0x00000002   Data   RW         3239    .data               key.o
    0x2000002e   0x080071f2   0x0000000b   Data   RW         3378    .data               serial.o
    0x20000039   0x080071fd   0x00000003   PAD
    0x2000003c   0x08007200   0x00000004   Data   RW         3844    .data               echo.o
    0x20000040   0x08007204   0x0000002b   Data   RW         3906    .data               imu.o
    0x2000006b   0x0800722f   0x00000004   Data   RW         4089    .data               tof.o
    0x2000006f   0x08007233   0x00000003   Data   RW         4476    .data               game.o
    0x20000072   0x08007236   0x00000008   Data   RW         4701    .data               fusion.o
    0x2000007a   0x0800723e   0x00000002   PAD
    0x2000007c   0x08007240   0x00000004   Data   RW         5062    .data               mc_w.l(stdout.o)
    0x20000080        -       0x000001f4   Zero   RW         3377    .bss                serial.o
    0x20000274        -       0x0000003c   Zero   RW         3593    .bss                motor.o
    0x200002b0        -       0x00000014   Zero   RW         3660    .bss                servo.o
    0x200002c4        -       0x00000018   Zero   RW         3708    .bss                openmv.o
    0x200002dc        -       0x0000027e   Zero   RW         3903    .bss                imu.o
    0x2000055a   0x08007244   0x00000002   PAD
    0x2000055c        -       0x00000050   Zero   RW         4088    .bss                tof.o
    0x200005ac        -       0x00000034   Zero   RW         4452    .bss                debug.o
    0x200005e0        -       0x00000084   Zero   RW         4512    .bss                attitude.o
    0x20000664        -       0x00000034   Zero   RW         4555    .bss                pid.o
    0x20000698        -       0x00000010   Zero   RW         4606    .bss                series.o
    0x200006a8        -       0x0000001c   Zero   RW         4645    .bss                expert.o
    0x200006c4   0x08007244   0x00000004   PAD
    0x200006c8        -       0x00000400   Zero   RW          130    STACK               startup_stm32f10x_hd.o


==============================================================================

Image component sizes


      Code (inc. data)   RO Data    RW Data    ZI Data      Debug   Object Name

      1110         20          0          0        132       2337   attitude.o
         0          0          0          0          0       4540   core_cm3.o
      1212        374          0          0         52       2373   debug.o
       220         26          0          4          0       1435   delay.o
       220         16          0          4          0       1140   echo.o
       340         54          0          0         28       3762   expert.o
        90          0          0          8          0       2254   fusion.o
      2738        218          0          3          0       4587   game.o
       868         96          0          0          0       5382   i2c.o
       870         76          0          0          0       6183   iic.o
      2798        672        777         43        638      13333   imu.o
       592        108          0          2          0       2515   key.o
       224         56          0          0          0        836   main.o
       172         22          0          0          0     208457   misc.o
      1242        148          0          0         60       6812   motor.o
       814         22       1520          0          0       6857   oled.o
       134         26          0          0         24       2438   openmv.o
       164         30          0          0         52       3100   pid.o
        88         10          0          0          0        881   power.o
      1722        138          0         11        500      11333   serial.o
       744         92          0          0         16       3399   series.o
       204          6          0          0         20       3191   servo.o
        36          8        304          0       1024        740   startup_stm32f10x_hd.o
         0          0          0          0          0       1612   stm32f10x_adc.o
       160         12          0          0          0       3337   stm32f10x_exti.o
       378          4          0          0          0      12550   stm32f10x_gpio.o
        26          0          0          0          0       3326   stm32f10x_it.o
       276         32          0         20          0      12686   stm32f10x_rcc.o
       262         42          0          0          0      24684   stm32f10x_tim.o
       472          6          0          0          0      12019   stm32f10x_usart.o
       328         28          0         20          0      45089   system_stm32f10x.o
       428         36          0          0          0       3365   timer.o
       588         46          0          4         80       3838   tof.o
        80          8          0          0          0        865   valve.o

    ----------------------------------------------------------------------
     19632       2432       2636        124       2632     421256   Object Totals
         0          0         32          0          0          0   (incl. Generated)
        32          0          3          5          6          0   (incl. Padding)

    ----------------------------------------------------------------------

      Code (inc. data)   RO Data    RW Data    ZI Data      Debug   Library Member Name

        56          8          0          0          0         84   __0sscanf.o
        28          0          0          0          0         68   _chval.o
       816          6          0          0          0        112   _scanf.o
       332          0          0          0          0         96   _scanf_int.o
        64          0          0          0          0         84   _sgetc.o
        40          6         64          0          0         68   ctype_c.o
         0          0          0          0          0          0   entry.o
         0          0          0          0          0          0   entry10a.o
         0          0          0          0          0          0   entry11a.o
         4          0          0          0          0          0   entry12b.o
         8          4          0          0          0          0   entry2.o
         4          0          0          0          0          0   entry5.o
         0          0          0          0          0          0   entry7b.o
         0          0          0          0          0          0   entry8b.o
         8          4          0          0          0          0   entry9a.o
        30          0          0          0          0          0   handlers.o
        36          8          0          0          0         68   init.o
        10          0          0          0          0         68   isspace_c.o
         0          0          0          0          0          0   iusefp.o
        30          0          0          0          0         68   llshl.o
        36          0          0          0          0         68   llsshr.o
        32          0          0          0          0         68   llushr.o
        36          0          0          0          0         68   memcpya.o
        36          0          0          0          0        108   memseta.o
      2268         96          0          0          0        616   printfa.o
        40          8          0          0          0         84   scanf_char.o
       878         12          0          0          0        216   scanf_fp.o
         0          0          0          4          0          0   stdout.o
        44          0          0          0          0         80   uidiv.o
        98          0          0          0          0         92   uldiv.o
        48          0          0          0          0         68   cdcmple.o
        48          0          0          0          0         68   cdrcmple.o
        20          0          0          0          0         68   cfcmple.o
        20          0          0          0          0         68   cfrcmple.o
        56          0          0          0          0         88   d2f.o
       334          0          0          0          0        148   dadd.o
       222          0          0          0          0        100   ddiv.o
       186          0          0          0          0        176   depilogue.o
        48          0          0          0          0         68   dfixul.o
        24          0          0          0          0         76   dfltul.o
       228          0          0          0          0         96   dmul.o
        38          0          0          0          0         68   f2d.o
       176          0          0          0          0        140   fadd.o
       124          0          0          0          0         88   fdiv.o
       110          0          0          0          0        168   fepilogue.o
        40          0          0          0          0         68   ffixui.o
        18          0          0          0          0         68   fflti.o
        10          0          0          0          0         68   ffltui.o
       100          0          0          0          0         76   fmul.o

    ----------------------------------------------------------------------
      6792        152         64          4          0       3884   Library Totals
         8          0          0          0          0          0   (incl. Padding)

    ----------------------------------------------------------------------

      Code (inc. data)   RO Data    RW Data    ZI Data      Debug   Library Name

      4934        152         64          4          0       2116   mc_w.l
      1850          0          0          0          0       1768   mf_w.l

    ----------------------------------------------------------------------
      6792        152         64          4          0       3884   Library Totals

    ----------------------------------------------------------------------

==============================================================================


      Code (inc. data)   RO Data    RW Data    ZI Data      Debug   

     26424       2584       2700        128       2632     413904   Grand Totals
     26424       2584       2700        128       2632     413904   ELF Image Totals
     26424       2584       2700        128          0          0   ROM Totals

==============================================================================

    Total RO  Size (Code + RO Data)                29124 (  28.44kB)
    Total RW  Size (RW Data + ZI Data)              2760 (   2.70kB)
    Total ROM Size (Code + RO Data + RW Data)      29252 (  28.57kB)

==============================================================================

